Results
Filename SNR Time(ms) BER FER
/home/antonkov/masterWork/tests/samePrefixMarkedMtx2304/depth2/node3/test0_0.mtx 1 471.499 0.0892274 0.94 
/home/antonkov/masterWork/tests/samePrefixMarkedMtx2304/depth2/node3/test0_0.mtx 1.1 450.756 0.0782422 0.87 
/home/antonkov/masterWork/tests/samePrefixMarkedMtx2304/depth2/node3/test0_0.mtx 1.2 438.53 0.0612587 0.74 
/home/antonkov/masterWork/tests/samePrefixMarkedMtx2304/depth2/node3/test0_0.mtx 1.3 402.964 0.0431771 0.55 
/home/antonkov/masterWork/tests/samePrefixMarkedMtx2304/depth2/node3/test0_0.mtx 1.4 512.254 0.0303255 0.42 
/home/antonkov/masterWork/tests/samePrefixMarkedMtx2304/depth2/node3/test0_0.mtx 1.5 475.204 0.0176107 0.25 
/home/antonkov/masterWork/tests/samePrefixMarkedMtx2304/depth2/node3/test0_0.mtx 1.6 598.059 0.00940755 0.125 
/home/antonkov/masterWork/tests/samePrefixMarkedMtx2304/depth2/node3/test0_0.mtx 1.7 791.626 0.00480779 0.0742857 
/home/antonkov/masterWork/tests/samePrefixMarkedMtx2304/depth2/node3/test0_0.mtx 1.8 1390.76 0.00180941 0.0288889 
/home/antonkov/masterWork/tests/samePrefixMarkedMtx2304/depth2/node3/test0_0.mtx 1.9 2689.59 0.000738812 0.0111111 
/home/antonkov/masterWork/tests/samePrefixMarkedMtx2304/depth2/node3/test0_0.mtx 2 8291.03 0.000178935 0.00276243 
/home/antonkov/masterWork/tests/samePrefixMarkedMtx2304/depth2/node3/test0_0.mtx 2.1 0 -1 -1 
/home/antonkov/masterWork/tests/samePrefixMarkedMtx2304/depth2/node3/test0_0.mtx 2.2 0 -1 -1 
/home/antonkov/masterWork/tests/samePrefixMarkedMtx2304/depth2/node3/test0_0.mtx 2.3 0 -1 -1 
/home/antonkov/masterWork/tests/samePrefixMarkedMtx2304/depth2/node3/test0_0.mtx 2.4 0 -1 -1 
/home/antonkov/masterWork/tests/samePrefixMarkedMtx2304/depth2/node3/test0_0.mtx 2.5 0 -1 -1 
/home/antonkov/masterWork/tests/samePrefixMarkedMtx2304/depth2/node3/test0_0.mtx 2.6 0 -1 -1 
/home/antonkov/masterWork/tests/samePrefixMarkedMtx2304/depth2/node3/test0_0.mtx 2.7 0 -1 -1 
/home/antonkov/masterWork/tests/samePrefixMarkedMtx2304/depth2/node3/test0_0.mtx 2.8 0 -1 -1 
/home/antonkov/masterWork/tests/samePrefixMarkedMtx2304/depth2/node3/test0_0.mtx 2.9 0 -1 -1 
/home/antonkov/masterWork/tests/samePrefixMarkedMtx2304/depth2/node3/test0_0.mtx 3 0 -1 -1 
/home/antonkov/masterWork/tests/samePrefixMarkedMtx2304/depth2/node3/test0_0.mtx 3.1 0 -1 -1 
/home/antonkov/masterWork/tests/samePrefixMarkedMtx2304/depth2/node3/test0_0.mtx 3.2 0 -1 -1 
/home/antonkov/masterWork/tests/samePrefixMarkedMtx2304/depth2/node3/test0_0.mtx 3.3 0 -1 -1 
/home/antonkov/masterWork/tests/samePrefixMarkedMtx2304/depth2/node3/test0_0.mtx 3.4 0 -1 -1 
/home/antonkov/masterWork/tests/samePrefixMarkedMtx2304/depth2/node3/test0_0.mtx 3.5 0 -1 -1 
/home/antonkov/masterWork/tests/samePrefixMarkedMtx2304/depth2/node3/test0_1.mtx 1 436.694 0.0842622 0.93 
/home/antonkov/masterWork/tests/samePrefixMarkedMtx2304/depth2/node3/test0_1.mtx 1.1 430.088 0.0699696 0.81 
/home/antonkov/masterWork/tests/samePrefixMarkedMtx2304/depth2/node3/test0_1.mtx 1.2 421.523 0.0565625 0.68 
/home/antonkov/masterWork/tests/samePrefixMarkedMtx2304/depth2/node3/test0_1.mtx 1.3 394.059 0.0412847 0.52 
/home/antonkov/masterWork/tests/samePrefixMarkedMtx2304/depth2/node3/test0_1.mtx 1.4 526.721 0.0319922 0.415 
/home/antonkov/masterWork/tests/samePrefixMarkedMtx2304/depth2/node3/test0_1.mtx 1.5 481.254 0.0199718 0.27 
/home/antonkov/masterWork/tests/samePrefixMarkedMtx2304/depth2/node3/test0_1.mtx 1.6 615.946 0.00957465 0.1375 
/home/antonkov/masterWork/tests/samePrefixMarkedMtx2304/depth2/node3/test0_1.mtx 1.7 846.864 0.00561469 0.07625 
/home/antonkov/masterWork/tests/samePrefixMarkedMtx2304/depth2/node3/test0_1.mtx 1.8 1240.66 0.00217719 0.03125 
/home/antonkov/masterWork/tests/samePrefixMarkedMtx2304/depth2/node3/test0_1.mtx 1.9 2436.56 0.000756293 0.0125 
/home/antonkov/masterWork/tests/samePrefixMarkedMtx2304/depth2/node3/test0_1.mtx 2 6288.62 0.000214496 0.00381679 
/home/antonkov/masterWork/tests/samePrefixMarkedMtx2304/depth2/node3/test0_1.mtx 2.1 0 -1 -1 
/home/antonkov/masterWork/tests/samePrefixMarkedMtx2304/depth2/node3/test0_1.mtx 2.2 0 -1 -1 
/home/antonkov/masterWork/tests/samePrefixMarkedMtx2304/depth2/node3/test0_1.mtx 2.3 0 -1 -1 
/home/antonkov/masterWork/tests/samePrefixMarkedMtx2304/depth2/node3/test0_1.mtx 2.4 0 -1 -1 
/home/antonkov/masterWork/tests/samePrefixMarkedMtx2304/depth2/node3/test0_1.mtx 2.5 0 -1 -1 
/home/antonkov/masterWork/tests/samePrefixMarkedMtx2304/depth2/node3/test0_1.mtx 2.6 0 -1 -1 
/home/antonkov/masterWork/tests/samePrefixMarkedMtx2304/depth2/node3/test0_1.mtx 2.7 0 -1 -1 
/home/antonkov/masterWork/tests/samePrefixMarkedMtx2304/depth2/node3/test0_1.mtx 2.8 0 -1 -1 
/home/antonkov/masterWork/tests/samePrefixMarkedMtx2304/depth2/node3/test0_1.mtx 2.9 0 -1 -1 
/home/antonkov/masterWork/tests/samePrefixMarkedMtx2304/depth2/node3/test0_1.mtx 3 0 -1 -1 
/home/antonkov/masterWork/tests/samePrefixMarkedMtx2304/depth2/node3/test0_1.mtx 3.1 0 -1 -1 
/home/antonkov/masterWork/tests/samePrefixMarkedMtx2304/depth2/node3/test0_1.mtx 3.2 0 -1 -1 
/home/antonkov/masterWork/tests/samePrefixMarkedMtx2304/depth2/node3/test0_1.mtx 3.3 0 -1 -1 
/home/antonkov/masterWork/tests/samePrefixMarkedMtx2304/depth2/node3/test0_1.mtx 3.4 0 -1 -1 
/home/antonkov/masterWork/tests/samePrefixMarkedMtx2304/depth2/node3/test0_1.mtx 3.5 0 -1 -1 
/home/antonkov/masterWork/tests/samePrefixMarkedMtx2304/depth2/node3/test0_2.mtx 1 434.959 0.0877517 0.96 
/home/antonkov/masterWork/tests/samePrefixMarkedMtx2304/depth2/node3/test0_2.mtx 1.1 440.831 0.0773003 0.89 
/home/antonkov/masterWork/tests/samePrefixMarkedMtx2304/depth2/node3/test0_2.mtx 1.2 434.219 0.0615582 0.75 
/home/antonkov/masterWork/tests/samePrefixMarkedMtx2304/depth2/node3/test0_2.mtx 1.3 405.445 0.0443099 0.55 
/home/antonkov/masterWork/tests/samePrefixMarkedMtx2304/depth2/node3/test0_2.mtx 1.4 508.914 0.0283681 0.375 
/home/antonkov/masterWork/tests/samePrefixMarkedMtx2304/depth2/node3/test0_2.mtx 1.5 581.272 0.0166305 0.223333 
/home/antonkov/masterWork/tests/samePrefixMarkedMtx2304/depth2/node3/test0_2.mtx 1.6 695.23 0.00889323 0.124 
/home/antonkov/masterWork/tests/samePrefixMarkedMtx2304/depth2/node3/test0_2.mtx 1.7 942.4 0.00444493 0.0622222 
/home/antonkov/masterWork/tests/samePrefixMarkedMtx2304/depth2/node3/test0_2.mtx 1.8 1292.38 0.00232123 0.033125 
/home/antonkov/masterWork/tests/samePrefixMarkedMtx2304/depth2/node3/test0_2.mtx 1.9 2717.23 0.000715674 0.0108696 
/home/antonkov/masterWork/tests/samePrefixMarkedMtx2304/depth2/node3/test0_2.mtx 2 6722.67 0.000234772 0.00352113 
/home/antonkov/masterWork/tests/samePrefixMarkedMtx2304/depth2/node3/test0_2.mtx 2.1 0 -1 -1 
/home/antonkov/masterWork/tests/samePrefixMarkedMtx2304/depth2/node3/test0_2.mtx 2.2 0 -1 -1 
/home/antonkov/masterWork/tests/samePrefixMarkedMtx2304/depth2/node3/test0_2.mtx 2.3 0 -1 -1 
/home/antonkov/masterWork/tests/samePrefixMarkedMtx2304/depth2/node3/test0_2.mtx 2.4 0 -1 -1 
/home/antonkov/masterWork/tests/samePrefixMarkedMtx2304/depth2/node3/test0_2.mtx 2.5 0 -1 -1 
/home/antonkov/masterWork/tests/samePrefixMarkedMtx2304/depth2/node3/test0_2.mtx 2.6 0 -1 -1 
/home/antonkov/masterWork/tests/samePrefixMarkedMtx2304/depth2/node3/test0_2.mtx 2.7 0 -1 -1 
/home/antonkov/masterWork/tests/samePrefixMarkedMtx2304/depth2/node3/test0_2.mtx 2.8 0 -1 -1 
/home/antonkov/masterWork/tests/samePrefixMarkedMtx2304/depth2/node3/test0_2.mtx 2.9 0 -1 -1 
/home/antonkov/masterWork/tests/samePrefixMarkedMtx2304/depth2/node3/test0_2.mtx 3 0 -1 -1 
/home/antonkov/masterWork/tests/samePrefixMarkedMtx2304/depth2/node3/test0_2.mtx 3.1 0 -1 -1 
/home/antonkov/masterWork/tests/samePrefixMarkedMtx2304/depth2/node3/test0_2.mtx 3.2 0 -1 -1 
/home/antonkov/masterWork/tests/samePrefixMarkedMtx2304/depth2/node3/test0_2.mtx 3.3 0 -1 -1 
/home/antonkov/masterWork/tests/samePrefixMarkedMtx2304/depth2/node3/test0_2.mtx 3.4 0 -1 -1 
/home/antonkov/masterWork/tests/samePrefixMarkedMtx2304/depth2/node3/test0_2.mtx 3.5 0 -1 -1 
/home/antonkov/masterWork/tests/samePrefixMarkedMtx2304/depth2/node3/test0_3.mtx 1 442.777 0.0858203 0.93 
/home/antonkov/masterWork/tests/samePrefixMarkedMtx2304/depth2/node3/test0_3.mtx 1.1 443.546 0.0719922 0.82 
/home/antonkov/masterWork/tests/samePrefixMarkedMtx2304/depth2/node3/test0_3.mtx 1.2 429.012 0.0587196 0.7 
/home/antonkov/masterWork/tests/samePrefixMarkedMtx2304/depth2/node3/test0_3.mtx 1.3 408.181 0.044809 0.56 
/home/antonkov/masterWork/tests/samePrefixMarkedMtx2304/depth2/node3/test0_3.mtx 1.4 524.333 0.0297548 0.41 
/home/antonkov/masterWork/tests/samePrefixMarkedMtx2304/depth2/node3/test0_3.mtx 1.5 573.482 0.0158695 0.21 
/home/antonkov/masterWork/tests/samePrefixMarkedMtx2304/depth2/node3/test0_3.mtx 1.6 616.302 0.0102322 0.135 
/home/antonkov/masterWork/tests/samePrefixMarkedMtx2304/depth2/node3/test0_3.mtx 1.7 806.346 0.00501922 0.0742857 
/home/antonkov/masterWork/tests/samePrefixMarkedMtx2304/depth2/node3/test0_3.mtx 1.8 1425.63 0.00187765 0.0277778 
/home/antonkov/masterWork/tests/samePrefixMarkedMtx2304/depth2/node3/test0_3.mtx 1.9 2839.38 0.000647533 0.0106383 
/home/antonkov/masterWork/tests/samePrefixMarkedMtx2304/depth2/node3/test0_3.mtx 2 5722.7 0.000239389 0.00431034 
/home/antonkov/masterWork/tests/samePrefixMarkedMtx2304/depth2/node3/test0_3.mtx 2.1 0 -1 -1 
/home/antonkov/masterWork/tests/samePrefixMarkedMtx2304/depth2/node3/test0_3.mtx 2.2 0 -1 -1 
/home/antonkov/masterWork/tests/samePrefixMarkedMtx2304/depth2/node3/test0_3.mtx 2.3 0 -1 -1 
/home/antonkov/masterWork/tests/samePrefixMarkedMtx2304/depth2/node3/test0_3.mtx 2.4 0 -1 -1 
/home/antonkov/masterWork/tests/samePrefixMarkedMtx2304/depth2/node3/test0_3.mtx 2.5 0 -1 -1 
/home/antonkov/masterWork/tests/samePrefixMarkedMtx2304/depth2/node3/test0_3.mtx 2.6 0 -1 -1 
/home/antonkov/masterWork/tests/samePrefixMarkedMtx2304/depth2/node3/test0_3.mtx 2.7 0 -1 -1 
/home/antonkov/masterWork/tests/samePrefixMarkedMtx2304/depth2/node3/test0_3.mtx 2.8 0 -1 -1 
/home/antonkov/masterWork/tests/samePrefixMarkedMtx2304/depth2/node3/test0_3.mtx 2.9 0 -1 -1 
/home/antonkov/masterWork/tests/samePrefixMarkedMtx2304/depth2/node3/test0_3.mtx 3 0 -1 -1 
/home/antonkov/masterWork/tests/samePrefixMarkedMtx2304/depth2/node3/test0_3.mtx 3.1 0 -1 -1 
/home/antonkov/masterWork/tests/samePrefixMarkedMtx2304/depth2/node3/test0_3.mtx 3.2 0 -1 -1 
/home/antonkov/masterWork/tests/samePrefixMarkedMtx2304/depth2/node3/test0_3.mtx 3.3 0 -1 -1 
/home/antonkov/masterWork/tests/samePrefixMarkedMtx2304/depth2/node3/test0_3.mtx 3.4 0 -1 -1 
/home/antonkov/masterWork/tests/samePrefixMarkedMtx2304/depth2/node3/test0_3.mtx 3.5 0 -1 -1 
/home/antonkov/masterWork/tests/samePrefixMarkedMtx2304/depth2/node3/test0_4.mtx 1 444.989 0.088316 0.97 
/home/antonkov/masterWork/tests/samePrefixMarkedMtx2304/depth2/node3/test0_4.mtx 1.1 441.505 0.0761372 0.89 
/home/antonkov/masterWork/tests/samePrefixMarkedMtx2304/depth2/node3/test0_4.mtx 1.2 435.116 0.064592 0.82 
/home/antonkov/masterWork/tests/samePrefixMarkedMtx2304/depth2/node3/test0_4.mtx 1.3 414.484 0.0450434 0.6 
/home/antonkov/masterWork/tests/samePrefixMarkedMtx2304/depth2/node3/test0_4.mtx 1.4 520.915 0.0318685 0.435 
/home/antonkov/masterWork/tests/samePrefixMarkedMtx2304/depth2/node3/test0_4.mtx 1.5 488.735 0.0197331 0.28 
/home/antonkov/masterWork/tests/samePrefixMarkedMtx2304/depth2/node3/test0_4.mtx 1.6 618.163 0.0091569 0.1325 
/home/antonkov/masterWork/tests/samePrefixMarkedMtx2304/depth2/node3/test0_4.mtx 1.7 900.961 0.00442383 0.07125 
/home/antonkov/masterWork/tests/samePrefixMarkedMtx2304/depth2/node3/test0_4.mtx 1.8 1548.21 0.00149891 0.025 
/home/antonkov/masterWork/tests/samePrefixMarkedMtx2304/depth2/node3/test0_4.mtx 1.9 3424.13 0.00050818 0.00847458 
/home/antonkov/masterWork/tests/samePrefixMarkedMtx2304/depth2/node3/test0_4.mtx 2 0 -1 -1 
/home/antonkov/masterWork/tests/samePrefixMarkedMtx2304/depth2/node3/test0_4.mtx 2.1 0 -1 -1 
/home/antonkov/masterWork/tests/samePrefixMarkedMtx2304/depth2/node3/test0_4.mtx 2.2 0 -1 -1 
/home/antonkov/masterWork/tests/samePrefixMarkedMtx2304/depth2/node3/test0_4.mtx 2.3 0 -1 -1 
/home/antonkov/masterWork/tests/samePrefixMarkedMtx2304/depth2/node3/test0_4.mtx 2.4 0 -1 -1 
/home/antonkov/masterWork/tests/samePrefixMarkedMtx2304/depth2/node3/test0_4.mtx 2.5 0 -1 -1 
/home/antonkov/masterWork/tests/samePrefixMarkedMtx2304/depth2/node3/test0_4.mtx 2.6 0 -1 -1 
/home/antonkov/masterWork/tests/samePrefixMarkedMtx2304/depth2/node3/test0_4.mtx 2.7 0 -1 -1 
/home/antonkov/masterWork/tests/samePrefixMarkedMtx2304/depth2/node3/test0_4.mtx 2.8 0 -1 -1 
/home/antonkov/masterWork/tests/samePrefixMarkedMtx2304/depth2/node3/test0_4.mtx 2.9 0 -1 -1 
/home/antonkov/masterWork/tests/samePrefixMarkedMtx2304/depth2/node3/test0_4.mtx 3 0 -1 -1 
/home/antonkov/masterWork/tests/samePrefixMarkedMtx2304/depth2/node3/test0_4.mtx 3.1 0 -1 -1 
/home/antonkov/masterWork/tests/samePrefixMarkedMtx2304/depth2/node3/test0_4.mtx 3.2 0 -1 -1 
/home/antonkov/masterWork/tests/samePrefixMarkedMtx2304/depth2/node3/test0_4.mtx 3.3 0 -1 -1 
/home/antonkov/masterWork/tests/samePrefixMarkedMtx2304/depth2/node3/test0_4.mtx 3.4 0 -1 -1 
/home/antonkov/masterWork/tests/samePrefixMarkedMtx2304/depth2/node3/test0_4.mtx 3.5 0 -1 -1 
/home/antonkov/masterWork/tests/samePrefixMarkedMtx2304/depth2/node3/test1_0.mtx 1 463.853 0.0872309 0.94 
/home/antonkov/masterWork/tests/samePrefixMarkedMtx2304/depth2/node3/test1_0.mtx 1.1 464 0.0740278 0.86 
/home/antonkov/masterWork/tests/samePrefixMarkedMtx2304/depth2/node3/test1_0.mtx 1.2 463.296 0.0628038 0.77 
/home/antonkov/masterWork/tests/samePrefixMarkedMtx2304/depth2/node3/test1_0.mtx 1.3 424.902 0.0456293 0.57 
/home/antonkov/masterWork/tests/samePrefixMarkedMtx2304/depth2/node3/test1_0.mtx 1.4 542.505 0.032372 0.42 
/home/antonkov/masterWork/tests/samePrefixMarkedMtx2304/depth2/node3/test1_0.mtx 1.5 503.554 0.0217122 0.29 
/home/antonkov/masterWork/tests/samePrefixMarkedMtx2304/depth2/node3/test1_0.mtx 1.6 662.261 0.0115701 0.1625 
/home/antonkov/masterWork/tests/samePrefixMarkedMtx2304/depth2/node3/test1_0.mtx 1.7 831.887 0.00536458 0.0771429 
/home/antonkov/masterWork/tests/samePrefixMarkedMtx2304/depth2/node3/test1_0.mtx 1.8 1265.27 0.00236979 0.0346667 
/home/antonkov/masterWork/tests/samePrefixMarkedMtx2304/depth2/node3/test1_0.mtx 1.9 2315.12 0.000778509 0.0134211 
/home/antonkov/masterWork/tests/samePrefixMarkedMtx2304/depth2/node3/test1_0.mtx 2 5777.66 0.000251474 0.00431034 
/home/antonkov/masterWork/tests/samePrefixMarkedMtx2304/depth2/node3/test1_0.mtx 2.1 0 -1 -1 
/home/antonkov/masterWork/tests/samePrefixMarkedMtx2304/depth2/node3/test1_0.mtx 2.2 0 -1 -1 
/home/antonkov/masterWork/tests/samePrefixMarkedMtx2304/depth2/node3/test1_0.mtx 2.3 0 -1 -1 
/home/antonkov/masterWork/tests/samePrefixMarkedMtx2304/depth2/node3/test1_0.mtx 2.4 0 -1 -1 
/home/antonkov/masterWork/tests/samePrefixMarkedMtx2304/depth2/node3/test1_0.mtx 2.5 0 -1 -1 
/home/antonkov/masterWork/tests/samePrefixMarkedMtx2304/depth2/node3/test1_0.mtx 2.6 0 -1 -1 
/home/antonkov/masterWork/tests/samePrefixMarkedMtx2304/depth2/node3/test1_0.mtx 2.7 0 -1 -1 
/home/antonkov/masterWork/tests/samePrefixMarkedMtx2304/depth2/node3/test1_0.mtx 2.8 0 -1 -1 
/home/antonkov/masterWork/tests/samePrefixMarkedMtx2304/depth2/node3/test1_0.mtx 2.9 0 -1 -1 
/home/antonkov/masterWork/tests/samePrefixMarkedMtx2304/depth2/node3/test1_0.mtx 3 0 -1 -1 
/home/antonkov/masterWork/tests/samePrefixMarkedMtx2304/depth2/node3/test1_0.mtx 3.1 0 -1 -1 
/home/antonkov/masterWork/tests/samePrefixMarkedMtx2304/depth2/node3/test1_0.mtx 3.2 0 -1 -1 
/home/antonkov/masterWork/tests/samePrefixMarkedMtx2304/depth2/node3/test1_0.mtx 3.3 0 -1 -1 
/home/antonkov/masterWork/tests/samePrefixMarkedMtx2304/depth2/node3/test1_0.mtx 3.4 0 -1 -1 
/home/antonkov/masterWork/tests/samePrefixMarkedMtx2304/depth2/node3/test1_0.mtx 3.5 0 -1 -1 
/home/antonkov/masterWork/tests/samePrefixMarkedMtx2304/depth2/node3/test1_1.mtx 1 465.393 0.0847743 0.92 
/home/antonkov/masterWork/tests/samePrefixMarkedMtx2304/depth2/node3/test1_1.mtx 1.1 463.081 0.0722135 0.84 
/home/antonkov/masterWork/tests/samePrefixMarkedMtx2304/depth2/node3/test1_1.mtx 1.2 455.93 0.060178 0.75 
/home/antonkov/masterWork/tests/samePrefixMarkedMtx2304/depth2/node3/test1_1.mtx 1.3 435.596 0.0441493 0.56 
/home/antonkov/masterWork/tests/samePrefixMarkedMtx2304/depth2/node3/test1_1.mtx 1.4 535.817 0.0304384 0.39 
/home/antonkov/masterWork/tests/samePrefixMarkedMtx2304/depth2/node3/test1_1.mtx 1.5 492.643 0.0198459 0.265 
/home/antonkov/masterWork/tests/samePrefixMarkedMtx2304/depth2/node3/test1_1.mtx 1.6 558.897 0.0121571 0.186667 
/home/antonkov/masterWork/tests/samePrefixMarkedMtx2304/depth2/node3/test1_1.mtx 1.7 762.068 0.00559028 0.0866667 
/home/antonkov/masterWork/tests/samePrefixMarkedMtx2304/depth2/node3/test1_1.mtx 1.8 1385.12 0.00204912 0.0317647 
/home/antonkov/masterWork/tests/samePrefixMarkedMtx2304/depth2/node3/test1_1.mtx 1.9 2469.66 0.000795464 0.01275 
/home/antonkov/masterWork/tests/samePrefixMarkedMtx2304/depth2/node3/test1_1.mtx 2 6017.46 0.00021559 0.004 
/home/antonkov/masterWork/tests/samePrefixMarkedMtx2304/depth2/node3/test1_1.mtx 2.1 0 -1 -1 
/home/antonkov/masterWork/tests/samePrefixMarkedMtx2304/depth2/node3/test1_1.mtx 2.2 0 -1 -1 
/home/antonkov/masterWork/tests/samePrefixMarkedMtx2304/depth2/node3/test1_1.mtx 2.3 0 -1 -1 
/home/antonkov/masterWork/tests/samePrefixMarkedMtx2304/depth2/node3/test1_1.mtx 2.4 0 -1 -1 
/home/antonkov/masterWork/tests/samePrefixMarkedMtx2304/depth2/node3/test1_1.mtx 2.5 0 -1 -1 
/home/antonkov/masterWork/tests/samePrefixMarkedMtx2304/depth2/node3/test1_1.mtx 2.6 0 -1 -1 
/home/antonkov/masterWork/tests/samePrefixMarkedMtx2304/depth2/node3/test1_1.mtx 2.7 0 -1 -1 
/home/antonkov/masterWork/tests/samePrefixMarkedMtx2304/depth2/node3/test1_1.mtx 2.8 0 -1 -1 
/home/antonkov/masterWork/tests/samePrefixMarkedMtx2304/depth2/node3/test1_1.mtx 2.9 0 -1 -1 
/home/antonkov/masterWork/tests/samePrefixMarkedMtx2304/depth2/node3/test1_1.mtx 3 0 -1 -1 
/home/antonkov/masterWork/tests/samePrefixMarkedMtx2304/depth2/node3/test1_1.mtx 3.1 0 -1 -1 
/home/antonkov/masterWork/tests/samePrefixMarkedMtx2304/depth2/node3/test1_1.mtx 3.2 0 -1 -1 
/home/antonkov/masterWork/tests/samePrefixMarkedMtx2304/depth2/node3/test1_1.mtx 3.3 0 -1 -1 
/home/antonkov/masterWork/tests/samePrefixMarkedMtx2304/depth2/node3/test1_1.mtx 3.4 0 -1 -1 
/home/antonkov/masterWork/tests/samePrefixMarkedMtx2304/depth2/node3/test1_1.mtx 3.5 0 -1 -1 
/home/antonkov/masterWork/tests/samePrefixMarkedMtx2304/depth2/node3/test1_2.mtx 1 467.917 0.0859549 0.94 
/home/antonkov/masterWork/tests/samePrefixMarkedMtx2304/depth2/node3/test1_2.mtx 1.1 466.428 0.0721484 0.84 
/home/antonkov/masterWork/tests/samePrefixMarkedMtx2304/depth2/node3/test1_2.mtx 1.2 447.789 0.0588585 0.7 
/home/antonkov/masterWork/tests/samePrefixMarkedMtx2304/depth2/node3/test1_2.mtx 1.3 433.794 0.0455165 0.55 
/home/antonkov/masterWork/tests/samePrefixMarkedMtx2304/depth2/node3/test1_2.mtx 1.4 533.229 0.031875 0.425 
/home/antonkov/masterWork/tests/samePrefixMarkedMtx2304/depth2/node3/test1_2.mtx 1.5 519.207 0.0213477 0.295 
/home/antonkov/masterWork/tests/samePrefixMarkedMtx2304/depth2/node3/test1_2.mtx 1.6 629.556 0.00923503 0.1325 
/home/antonkov/masterWork/tests/samePrefixMarkedMtx2304/depth2/node3/test1_2.mtx 1.7 1059.46 0.00367665 0.055 
/home/antonkov/masterWork/tests/samePrefixMarkedMtx2304/depth2/node3/test1_2.mtx 1.8 1401.9 0.00188103 0.0288889 
/home/antonkov/masterWork/tests/samePrefixMarkedMtx2304/depth2/node3/test1_2.mtx 1.9 2469.19 0.000768012 0.01275 
/home/antonkov/masterWork/tests/samePrefixMarkedMtx2304/depth2/node3/test1_2.mtx 2 5414.29 0.000259939 0.00458716 
/home/antonkov/masterWork/tests/samePrefixMarkedMtx2304/depth2/node3/test1_2.mtx 2.1 0 -1 -1 
/home/antonkov/masterWork/tests/samePrefixMarkedMtx2304/depth2/node3/test1_2.mtx 2.2 0 -1 -1 
/home/antonkov/masterWork/tests/samePrefixMarkedMtx2304/depth2/node3/test1_2.mtx 2.3 0 -1 -1 
/home/antonkov/masterWork/tests/samePrefixMarkedMtx2304/depth2/node3/test1_2.mtx 2.4 0 -1 -1 
/home/antonkov/masterWork/tests/samePrefixMarkedMtx2304/depth2/node3/test1_2.mtx 2.5 0 -1 -1 
/home/antonkov/masterWork/tests/samePrefixMarkedMtx2304/depth2/node3/test1_2.mtx 2.6 0 -1 -1 
/home/antonkov/masterWork/tests/samePrefixMarkedMtx2304/depth2/node3/test1_2.mtx 2.7 0 -1 -1 
/home/antonkov/masterWork/tests/samePrefixMarkedMtx2304/depth2/node3/test1_2.mtx 2.8 0 -1 -1 
/home/antonkov/masterWork/tests/samePrefixMarkedMtx2304/depth2/node3/test1_2.mtx 2.9 0 -1 -1 
/home/antonkov/masterWork/tests/samePrefixMarkedMtx2304/depth2/node3/test1_2.mtx 3 0 -1 -1 
/home/antonkov/masterWork/tests/samePrefixMarkedMtx2304/depth2/node3/test1_2.mtx 3.1 0 -1 -1 
/home/antonkov/masterWork/tests/samePrefixMarkedMtx2304/depth2/node3/test1_2.mtx 3.2 0 -1 -1 
/home/antonkov/masterWork/tests/samePrefixMarkedMtx2304/depth2/node3/test1_2.mtx 3.3 0 -1 -1 
/home/antonkov/masterWork/tests/samePrefixMarkedMtx2304/depth2/node3/test1_2.mtx 3.4 0 -1 -1 
/home/antonkov/masterWork/tests/samePrefixMarkedMtx2304/depth2/node3/test1_2.mtx 3.5 0 -1 -1 
/home/antonkov/masterWork/tests/samePrefixMarkedMtx2304/depth2/node3/test1_3.mtx 1 471.21 0.0855512 0.94 
/home/antonkov/masterWork/tests/samePrefixMarkedMtx2304/depth2/node3/test1_3.mtx 1.1 466.685 0.0732161 0.86 
/home/antonkov/masterWork/tests/samePrefixMarkedMtx2304/depth2/node3/test1_3.mtx 1.2 456.537 0.0576042 0.71 
/home/antonkov/masterWork/tests/samePrefixMarkedMtx2304/depth2/node3/test1_3.mtx 1.3 418.828 0.0419314 0.53 
/home/antonkov/masterWork/tests/samePrefixMarkedMtx2304/depth2/node3/test1_3.mtx 1.4 540.1 0.0303689 0.41 
/home/antonkov/masterWork/tests/samePrefixMarkedMtx2304/depth2/node3/test1_3.mtx 1.5 493.844 0.0181554 0.25 
/home/antonkov/masterWork/tests/samePrefixMarkedMtx2304/depth2/node3/test1_3.mtx 1.6 637.325 0.0103841 0.145 
/home/antonkov/masterWork/tests/samePrefixMarkedMtx2304/depth2/node3/test1_3.mtx 1.7 896.812 0.00467828 0.0675 
/home/antonkov/masterWork/tests/samePrefixMarkedMtx2304/depth2/node3/test1_3.mtx 1.8 1388.09 0.00196385 0.0294118 
/home/antonkov/masterWork/tests/samePrefixMarkedMtx2304/depth2/node3/test1_3.mtx 1.9 2536.39 0.000765053 0.0121951 
/home/antonkov/masterWork/tests/samePrefixMarkedMtx2304/depth2/node3/test1_3.mtx 2 5801.61 0.000243019 0.00425 
/home/antonkov/masterWork/tests/samePrefixMarkedMtx2304/depth2/node3/test1_3.mtx 2.1 0 -1 -1 
/home/antonkov/masterWork/tests/samePrefixMarkedMtx2304/depth2/node3/test1_3.mtx 2.2 0 -1 -1 
/home/antonkov/masterWork/tests/samePrefixMarkedMtx2304/depth2/node3/test1_3.mtx 2.3 0 -1 -1 
/home/antonkov/masterWork/tests/samePrefixMarkedMtx2304/depth2/node3/test1_3.mtx 2.4 0 -1 -1 
/home/antonkov/masterWork/tests/samePrefixMarkedMtx2304/depth2/node3/test1_3.mtx 2.5 0 -1 -1 
/home/antonkov/masterWork/tests/samePrefixMarkedMtx2304/depth2/node3/test1_3.mtx 2.6 0 -1 -1 
/home/antonkov/masterWork/tests/samePrefixMarkedMtx2304/depth2/node3/test1_3.mtx 2.7 0 -1 -1 
/home/antonkov/masterWork/tests/samePrefixMarkedMtx2304/depth2/node3/test1_3.mtx 2.8 0 -1 -1 
/home/antonkov/masterWork/tests/samePrefixMarkedMtx2304/depth2/node3/test1_3.mtx 2.9 0 -1 -1 
/home/antonkov/masterWork/tests/samePrefixMarkedMtx2304/depth2/node3/test1_3.mtx 3 0 -1 -1 
/home/antonkov/masterWork/tests/samePrefixMarkedMtx2304/depth2/node3/test1_3.mtx 3.1 0 -1 -1 
/home/antonkov/masterWork/tests/samePrefixMarkedMtx2304/depth2/node3/test1_3.mtx 3.2 0 -1 -1 
/home/antonkov/masterWork/tests/samePrefixMarkedMtx2304/depth2/node3/test1_3.mtx 3.3 0 -1 -1 
/home/antonkov/masterWork/tests/samePrefixMarkedMtx2304/depth2/node3/test1_3.mtx 3.4 0 -1 -1 
/home/antonkov/masterWork/tests/samePrefixMarkedMtx2304/depth2/node3/test1_3.mtx 3.5 0 -1 -1 
/home/antonkov/masterWork/tests/samePrefixMarkedMtx2304/depth2/node3/test1_4.mtx 1 462.725 0.0819271 0.91 
/home/antonkov/masterWork/tests/samePrefixMarkedMtx2304/depth2/node3/test1_4.mtx 1.1 462.954 0.0698264 0.8 
/home/antonkov/masterWork/tests/samePrefixMarkedMtx2304/depth2/node3/test1_4.mtx 1.2 452.703 0.0590625 0.74 
/home/antonkov/masterWork/tests/samePrefixMarkedMtx2304/depth2/node3/test1_4.mtx 1.3 429.212 0.0427865 0.56 
/home/antonkov/masterWork/tests/samePrefixMarkedMtx2304/depth2/node3/test1_4.mtx 1.4 529.498 0.0275998 0.375 
/home/antonkov/masterWork/tests/samePrefixMarkedMtx2304/depth2/node3/test1_4.mtx 1.5 601.42 0.0170414 0.23 
/home/antonkov/masterWork/tests/samePrefixMarkedMtx2304/depth2/node3/test1_4.mtx 1.6 635.323 0.00928602 0.1325 
/home/antonkov/masterWork/tests/samePrefixMarkedMtx2304/depth2/node3/test1_4.mtx 1.7 965.114 0.00417824 0.0566667 
/home/antonkov/masterWork/tests/samePrefixMarkedMtx2304/depth2/node3/test1_4.mtx 1.8 1270.96 0.00215741 0.0333333 
/home/antonkov/masterWork/tests/samePrefixMarkedMtx2304/depth2/node3/test1_4.mtx 1.9 2757.03 0.000627586 0.0106383 
/home/antonkov/masterWork/tests/samePrefixMarkedMtx2304/depth2/node3/test1_4.mtx 2 6345.1 0.000237257 0.00389313 
/home/antonkov/masterWork/tests/samePrefixMarkedMtx2304/depth2/node3/test1_4.mtx 2.1 0 -1 -1 
/home/antonkov/masterWork/tests/samePrefixMarkedMtx2304/depth2/node3/test1_4.mtx 2.2 0 -1 -1 
/home/antonkov/masterWork/tests/samePrefixMarkedMtx2304/depth2/node3/test1_4.mtx 2.3 0 -1 -1 
/home/antonkov/masterWork/tests/samePrefixMarkedMtx2304/depth2/node3/test1_4.mtx 2.4 0 -1 -1 
/home/antonkov/masterWork/tests/samePrefixMarkedMtx2304/depth2/node3/test1_4.mtx 2.5 0 -1 -1 
/home/antonkov/masterWork/tests/samePrefixMarkedMtx2304/depth2/node3/test1_4.mtx 2.6 0 -1 -1 
/home/antonkov/masterWork/tests/samePrefixMarkedMtx2304/depth2/node3/test1_4.mtx 2.7 0 -1 -1 
/home/antonkov/masterWork/tests/samePrefixMarkedMtx2304/depth2/node3/test1_4.mtx 2.8 0 -1 -1 
/home/antonkov/masterWork/tests/samePrefixMarkedMtx2304/depth2/node3/test1_4.mtx 2.9 0 -1 -1 
/home/antonkov/masterWork/tests/samePrefixMarkedMtx2304/depth2/node3/test1_4.mtx 3 0 -1 -1 
/home/antonkov/masterWork/tests/samePrefixMarkedMtx2304/depth2/node3/test1_4.mtx 3.1 0 -1 -1 
/home/antonkov/masterWork/tests/samePrefixMarkedMtx2304/depth2/node3/test1_4.mtx 3.2 0 -1 -1 
/home/antonkov/masterWork/tests/samePrefixMarkedMtx2304/depth2/node3/test1_4.mtx 3.3 0 -1 -1 
/home/antonkov/masterWork/tests/samePrefixMarkedMtx2304/depth2/node3/test1_4.mtx 3.4 0 -1 -1 
/home/antonkov/masterWork/tests/samePrefixMarkedMtx2304/depth2/node3/test1_4.mtx 3.5 0 -1 -1 
/home/antonkov/masterWork/tests/samePrefixMarkedMtx2304/depth2/node3/test2_0.mtx 1 471.787 0.0819444 0.92 
/home/antonkov/masterWork/tests/samePrefixMarkedMtx2304/depth2/node3/test2_0.mtx 1.1 458.614 0.0690495 0.82 
/home/antonkov/masterWork/tests/samePrefixMarkedMtx2304/depth2/node3/test2_0.mtx 1.2 439.012 0.0552083 0.67 
/home/antonkov/masterWork/tests/samePrefixMarkedMtx2304/depth2/node3/test2_0.mtx 1.3 418.647 0.0404601 0.51 
/home/antonkov/masterWork/tests/samePrefixMarkedMtx2304/depth2/node3/test2_0.mtx 1.4 530.095 0.030497 0.39 
/home/antonkov/masterWork/tests/samePrefixMarkedMtx2304/depth2/node3/test2_0.mtx 1.5 496.484 0.0192122 0.255 
/home/antonkov/masterWork/tests/samePrefixMarkedMtx2304/depth2/node3/test2_0.mtx 1.6 562.649 0.0119227 0.173333 
/home/antonkov/masterWork/tests/samePrefixMarkedMtx2304/depth2/node3/test2_0.mtx 1.7 760.389 0.00578993 0.0833333 
/home/antonkov/masterWork/tests/samePrefixMarkedMtx2304/depth2/node3/test2_0.mtx 1.8 1268.61 0.00235793 0.0353333 
/home/antonkov/masterWork/tests/samePrefixMarkedMtx2304/depth2/node3/test2_0.mtx 1.9 2480.8 0.000844401 0.01275 
/home/antonkov/masterWork/tests/samePrefixMarkedMtx2304/depth2/node3/test2_0.mtx 2 6213.43 0.000228746 0.00390625 
/home/antonkov/masterWork/tests/samePrefixMarkedMtx2304/depth2/node3/test2_0.mtx 2.1 0 -1 -1 
/home/antonkov/masterWork/tests/samePrefixMarkedMtx2304/depth2/node3/test2_0.mtx 2.2 0 -1 -1 
/home/antonkov/masterWork/tests/samePrefixMarkedMtx2304/depth2/node3/test2_0.mtx 2.3 0 -1 -1 
/home/antonkov/masterWork/tests/samePrefixMarkedMtx2304/depth2/node3/test2_0.mtx 2.4 0 -1 -1 
/home/antonkov/masterWork/tests/samePrefixMarkedMtx2304/depth2/node3/test2_0.mtx 2.5 0 -1 -1 
/home/antonkov/masterWork/tests/samePrefixMarkedMtx2304/depth2/node3/test2_0.mtx 2.6 0 -1 -1 
/home/antonkov/masterWork/tests/samePrefixMarkedMtx2304/depth2/node3/test2_0.mtx 2.7 0 -1 -1 
/home/antonkov/masterWork/tests/samePrefixMarkedMtx2304/depth2/node3/test2_0.mtx 2.8 0 -1 -1 
/home/antonkov/masterWork/tests/samePrefixMarkedMtx2304/depth2/node3/test2_0.mtx 2.9 0 -1 -1 
/home/antonkov/masterWork/tests/samePrefixMarkedMtx2304/depth2/node3/test2_0.mtx 3 0 -1 -1 
/home/antonkov/masterWork/tests/samePrefixMarkedMtx2304/depth2/node3/test2_0.mtx 3.1 0 -1 -1 
/home/antonkov/masterWork/tests/samePrefixMarkedMtx2304/depth2/node3/test2_0.mtx 3.2 0 -1 -1 
/home/antonkov/masterWork/tests/samePrefixMarkedMtx2304/depth2/node3/test2_0.mtx 3.3 0 -1 -1 
/home/antonkov/masterWork/tests/samePrefixMarkedMtx2304/depth2/node3/test2_0.mtx 3.4 0 -1 -1 
/home/antonkov/masterWork/tests/samePrefixMarkedMtx2304/depth2/node3/test2_0.mtx 3.5 0 -1 -1 
/home/antonkov/masterWork/tests/samePrefixMarkedMtx2304/depth2/node3/test2_1.mtx 1 457.248 0.0820269 0.92 
/home/antonkov/masterWork/tests/samePrefixMarkedMtx2304/depth2/node3/test2_1.mtx 1.1 459.991 0.068776 0.8 
/home/antonkov/masterWork/tests/samePrefixMarkedMtx2304/depth2/node3/test2_1.mtx 1.2 445.895 0.0581597 0.74 
/home/antonkov/masterWork/tests/samePrefixMarkedMtx2304/depth2/node3/test2_1.mtx 1.3 426.755 0.0406597 0.55 
/home/antonkov/masterWork/tests/samePrefixMarkedMtx2304/depth2/node3/test2_1.mtx 1.4 533.247 0.0322244 0.435 
/home/antonkov/masterWork/tests/samePrefixMarkedMtx2304/depth2/node3/test2_1.mtx 1.5 493.395 0.019145 0.265 
/home/antonkov/masterWork/tests/samePrefixMarkedMtx2304/depth2/node3/test2_1.mtx 1.6 645.368 0.00990777 0.14 
/home/antonkov/masterWork/tests/samePrefixMarkedMtx2304/depth2/node3/test2_1.mtx 1.7 817.059 0.00524182 0.08 
/home/antonkov/masterWork/tests/samePrefixMarkedMtx2304/depth2/node3/test2_1.mtx 1.8 1220.83 0.00240296 0.0378571 
/home/antonkov/masterWork/tests/samePrefixMarkedMtx2304/depth2/node3/test2_1.mtx 1.9 2541.07 0.0007677 0.0121951 
/home/antonkov/masterWork/tests/samePrefixMarkedMtx2304/depth2/node3/test2_1.mtx 2 5706.68 0.000249125 0.00423729 
/home/antonkov/masterWork/tests/samePrefixMarkedMtx2304/depth2/node3/test2_1.mtx 2.1 0 -1 -1 
/home/antonkov/masterWork/tests/samePrefixMarkedMtx2304/depth2/node3/test2_1.mtx 2.2 0 -1 -1 
/home/antonkov/masterWork/tests/samePrefixMarkedMtx2304/depth2/node3/test2_1.mtx 2.3 0 -1 -1 
/home/antonkov/masterWork/tests/samePrefixMarkedMtx2304/depth2/node3/test2_1.mtx 2.4 0 -1 -1 
/home/antonkov/masterWork/tests/samePrefixMarkedMtx2304/depth2/node3/test2_1.mtx 2.5 0 -1 -1 
/home/antonkov/masterWork/tests/samePrefixMarkedMtx2304/depth2/node3/test2_1.mtx 2.6 0 -1 -1 
/home/antonkov/masterWork/tests/samePrefixMarkedMtx2304/depth2/node3/test2_1.mtx 2.7 0 -1 -1 
/home/antonkov/masterWork/tests/samePrefixMarkedMtx2304/depth2/node3/test2_1.mtx 2.8 0 -1 -1 
/home/antonkov/masterWork/tests/samePrefixMarkedMtx2304/depth2/node3/test2_1.mtx 2.9 0 -1 -1 
/home/antonkov/masterWork/tests/samePrefixMarkedMtx2304/depth2/node3/test2_1.mtx 3 0 -1 -1 
/home/antonkov/masterWork/tests/samePrefixMarkedMtx2304/depth2/node3/test2_1.mtx 3.1 0 -1 -1 
/home/antonkov/masterWork/tests/samePrefixMarkedMtx2304/depth2/node3/test2_1.mtx 3.2 0 -1 -1 
/home/antonkov/masterWork/tests/samePrefixMarkedMtx2304/depth2/node3/test2_1.mtx 3.3 0 -1 -1 
/home/antonkov/masterWork/tests/samePrefixMarkedMtx2304/depth2/node3/test2_1.mtx 3.4 0 -1 -1 
/home/antonkov/masterWork/tests/samePrefixMarkedMtx2304/depth2/node3/test2_1.mtx 3.5 0 -1 -1 
/home/antonkov/masterWork/tests/samePrefixMarkedMtx2304/depth2/node3/test2_2.mtx 1 459.587 0.0863498 0.94 
/home/antonkov/masterWork/tests/samePrefixMarkedMtx2304/depth2/node3/test2_2.mtx 1.1 463.927 0.0743099 0.87 
/home/antonkov/masterWork/tests/samePrefixMarkedMtx2304/depth2/node3/test2_2.mtx 1.2 447.205 0.0588151 0.72 
/home/antonkov/masterWork/tests/samePrefixMarkedMtx2304/depth2/node3/test2_2.mtx 1.3 424.891 0.0469444 0.61 
/home/antonkov/masterWork/tests/samePrefixMarkedMtx2304/depth2/node3/test2_2.mtx 1.4 547.277 0.0352995 0.49 
/home/antonkov/masterWork/tests/samePrefixMarkedMtx2304/depth2/node3/test2_2.mtx 1.5 501.586 0.0183767 0.255 
/home/antonkov/masterWork/tests/samePrefixMarkedMtx2304/depth2/node3/test2_2.mtx 1.6 652.469 0.0101302 0.145 
/home/antonkov/masterWork/tests/samePrefixMarkedMtx2304/depth2/node3/test2_2.mtx 1.7 749.789 0.00527271 0.0833333 
/home/antonkov/masterWork/tests/samePrefixMarkedMtx2304/depth2/node3/test2_2.mtx 1.8 1353.65 0.00185075 0.0294118 
/home/antonkov/masterWork/tests/samePrefixMarkedMtx2304/depth2/node3/test2_2.mtx 1.9 2423.76 0.000747975 0.0130769 
/home/antonkov/masterWork/tests/samePrefixMarkedMtx2304/depth2/node3/test2_2.mtx 2 4883.37 0.000281897 0.00510204 
/home/antonkov/masterWork/tests/samePrefixMarkedMtx2304/depth2/node3/test2_2.mtx 2.1 0 -1 -1 
/home/antonkov/masterWork/tests/samePrefixMarkedMtx2304/depth2/node3/test2_2.mtx 2.2 0 -1 -1 
/home/antonkov/masterWork/tests/samePrefixMarkedMtx2304/depth2/node3/test2_2.mtx 2.3 0 -1 -1 
/home/antonkov/masterWork/tests/samePrefixMarkedMtx2304/depth2/node3/test2_2.mtx 2.4 0 -1 -1 
/home/antonkov/masterWork/tests/samePrefixMarkedMtx2304/depth2/node3/test2_2.mtx 2.5 0 -1 -1 
/home/antonkov/masterWork/tests/samePrefixMarkedMtx2304/depth2/node3/test2_2.mtx 2.6 0 -1 -1 
/home/antonkov/masterWork/tests/samePrefixMarkedMtx2304/depth2/node3/test2_2.mtx 2.7 0 -1 -1 
/home/antonkov/masterWork/tests/samePrefixMarkedMtx2304/depth2/node3/test2_2.mtx 2.8 0 -1 -1 
/home/antonkov/masterWork/tests/samePrefixMarkedMtx2304/depth2/node3/test2_2.mtx 2.9 0 -1 -1 
/home/antonkov/masterWork/tests/samePrefixMarkedMtx2304/depth2/node3/test2_2.mtx 3 0 -1 -1 
/home/antonkov/masterWork/tests/samePrefixMarkedMtx2304/depth2/node3/test2_2.mtx 3.1 0 -1 -1 
/home/antonkov/masterWork/tests/samePrefixMarkedMtx2304/depth2/node3/test2_2.mtx 3.2 0 -1 -1 
/home/antonkov/masterWork/tests/samePrefixMarkedMtx2304/depth2/node3/test2_2.mtx 3.3 0 -1 -1 
/home/antonkov/masterWork/tests/samePrefixMarkedMtx2304/depth2/node3/test2_2.mtx 3.4 0 -1 -1 
/home/antonkov/masterWork/tests/samePrefixMarkedMtx2304/depth2/node3/test2_2.mtx 3.5 0 -1 -1 
/home/antonkov/masterWork/tests/samePrefixMarkedMtx2304/depth2/node3/test2_3.mtx 1 467.593 0.0840972 0.92 
/home/antonkov/masterWork/tests/samePrefixMarkedMtx2304/depth2/node3/test2_3.mtx 1.1 469.435 0.0752821 0.86 
/home/antonkov/masterWork/tests/samePrefixMarkedMtx2304/depth2/node3/test2_3.mtx 1.2 454.526 0.0628646 0.77 
/home/antonkov/masterWork/tests/samePrefixMarkedMtx2304/depth2/node3/test2_3.mtx 1.3 436.939 0.0481076 0.63 
/home/antonkov/masterWork/tests/samePrefixMarkedMtx2304/depth2/node3/test2_3.mtx 1.4 553.714 0.0325434 0.445 
/home/antonkov/masterWork/tests/samePrefixMarkedMtx2304/depth2/node3/test2_3.mtx 1.5 505.666 0.0192752 0.275 
/home/antonkov/masterWork/tests/samePrefixMarkedMtx2304/depth2/node3/test2_3.mtx 1.6 730.857 0.00812847 0.122 
/home/antonkov/masterWork/tests/samePrefixMarkedMtx2304/depth2/node3/test2_3.mtx 1.7 910.44 0.00489746 0.07125 
/home/antonkov/masterWork/tests/samePrefixMarkedMtx2304/depth2/node3/test2_3.mtx 1.8 1341.56 0.00205831 0.0305882 
/home/antonkov/masterWork/tests/samePrefixMarkedMtx2304/depth2/node3/test2_3.mtx 1.9 2156.5 0.000844618 0.0145714 
/home/antonkov/masterWork/tests/samePrefixMarkedMtx2304/depth2/node3/test2_3.mtx 2 5513.43 0.000259503 0.00438596 
/home/antonkov/masterWork/tests/samePrefixMarkedMtx2304/depth2/node3/test2_3.mtx 2.1 0 -1 -1 
/home/antonkov/masterWork/tests/samePrefixMarkedMtx2304/depth2/node3/test2_3.mtx 2.2 0 -1 -1 
/home/antonkov/masterWork/tests/samePrefixMarkedMtx2304/depth2/node3/test2_3.mtx 2.3 0 -1 -1 
/home/antonkov/masterWork/tests/samePrefixMarkedMtx2304/depth2/node3/test2_3.mtx 2.4 0 -1 -1 
/home/antonkov/masterWork/tests/samePrefixMarkedMtx2304/depth2/node3/test2_3.mtx 2.5 0 -1 -1 
/home/antonkov/masterWork/tests/samePrefixMarkedMtx2304/depth2/node3/test2_3.mtx 2.6 0 -1 -1 
/home/antonkov/masterWork/tests/samePrefixMarkedMtx2304/depth2/node3/test2_3.mtx 2.7 0 -1 -1 
/home/antonkov/masterWork/tests/samePrefixMarkedMtx2304/depth2/node3/test2_3.mtx 2.8 0 -1 -1 
/home/antonkov/masterWork/tests/samePrefixMarkedMtx2304/depth2/node3/test2_3.mtx 2.9 0 -1 -1 
/home/antonkov/masterWork/tests/samePrefixMarkedMtx2304/depth2/node3/test2_3.mtx 3 0 -1 -1 
/home/antonkov/masterWork/tests/samePrefixMarkedMtx2304/depth2/node3/test2_3.mtx 3.1 0 -1 -1 
/home/antonkov/masterWork/tests/samePrefixMarkedMtx2304/depth2/node3/test2_3.mtx 3.2 0 -1 -1 
/home/antonkov/masterWork/tests/samePrefixMarkedMtx2304/depth2/node3/test2_3.mtx 3.3 0 -1 -1 
/home/antonkov/masterWork/tests/samePrefixMarkedMtx2304/depth2/node3/test2_3.mtx 3.4 0 -1 -1 
/home/antonkov/masterWork/tests/samePrefixMarkedMtx2304/depth2/node3/test2_3.mtx 3.5 0 -1 -1 
/home/antonkov/masterWork/tests/samePrefixMarkedMtx2304/depth2/node3/test2_4.mtx 1 459.4 0.0840278 0.92 
/home/antonkov/masterWork/tests/samePrefixMarkedMtx2304/depth2/node3/test2_4.mtx 1.1 456.108 0.0715408 0.82 
/home/antonkov/masterWork/tests/samePrefixMarkedMtx2304/depth2/node3/test2_4.mtx 1.2 446.232 0.0600868 0.75 
/home/antonkov/masterWork/tests/samePrefixMarkedMtx2304/depth2/node3/test2_4.mtx 1.3 423.07 0.046072 0.58 
/home/antonkov/masterWork/tests/samePrefixMarkedMtx2304/depth2/node3/test2_4.mtx 1.4 547.836 0.0329557 0.465 
/home/antonkov/masterWork/tests/samePrefixMarkedMtx2304/depth2/node3/test2_4.mtx 1.5 506.563 0.0189931 0.28 
/home/antonkov/masterWork/tests/samePrefixMarkedMtx2304/depth2/node3/test2_4.mtx 1.6 662.718 0.00935547 0.14 
/home/antonkov/masterWork/tests/samePrefixMarkedMtx2304/depth2/node3/test2_4.mtx 1.7 803.841 0.00500186 0.0714286 
/home/antonkov/masterWork/tests/samePrefixMarkedMtx2304/depth2/node3/test2_4.mtx 1.8 1136.34 0.00253639 0.0384615 
/home/antonkov/masterWork/tests/samePrefixMarkedMtx2304/depth2/node3/test2_4.mtx 1.9 2126.32 0.000870423 0.0151515 
/home/antonkov/masterWork/tests/samePrefixMarkedMtx2304/depth2/node3/test2_4.mtx 2 5451.88 0.000260455 0.00446429 
/home/antonkov/masterWork/tests/samePrefixMarkedMtx2304/depth2/node3/test2_4.mtx 2.1 0 -1 -1 
/home/antonkov/masterWork/tests/samePrefixMarkedMtx2304/depth2/node3/test2_4.mtx 2.2 0 -1 -1 
/home/antonkov/masterWork/tests/samePrefixMarkedMtx2304/depth2/node3/test2_4.mtx 2.3 0 -1 -1 
/home/antonkov/masterWork/tests/samePrefixMarkedMtx2304/depth2/node3/test2_4.mtx 2.4 0 -1 -1 
/home/antonkov/masterWork/tests/samePrefixMarkedMtx2304/depth2/node3/test2_4.mtx 2.5 0 -1 -1 
/home/antonkov/masterWork/tests/samePrefixMarkedMtx2304/depth2/node3/test2_4.mtx 2.6 0 -1 -1 
/home/antonkov/masterWork/tests/samePrefixMarkedMtx2304/depth2/node3/test2_4.mtx 2.7 0 -1 -1 
/home/antonkov/masterWork/tests/samePrefixMarkedMtx2304/depth2/node3/test2_4.mtx 2.8 0 -1 -1 
/home/antonkov/masterWork/tests/samePrefixMarkedMtx2304/depth2/node3/test2_4.mtx 2.9 0 -1 -1 
/home/antonkov/masterWork/tests/samePrefixMarkedMtx2304/depth2/node3/test2_4.mtx 3 0 -1 -1 
/home/antonkov/masterWork/tests/samePrefixMarkedMtx2304/depth2/node3/test2_4.mtx 3.1 0 -1 -1 
/home/antonkov/masterWork/tests/samePrefixMarkedMtx2304/depth2/node3/test2_4.mtx 3.2 0 -1 -1 
/home/antonkov/masterWork/tests/samePrefixMarkedMtx2304/depth2/node3/test2_4.mtx 3.3 0 -1 -1 
/home/antonkov/masterWork/tests/samePrefixMarkedMtx2304/depth2/node3/test2_4.mtx 3.4 0 -1 -1 
/home/antonkov/masterWork/tests/samePrefixMarkedMtx2304/depth2/node3/test2_4.mtx 3.5 0 -1 -1 
/home/antonkov/masterWork/tests/samePrefixMarkedMtx2304/depth2/node3/test97_0.mtx 1 477.683 0.0863802 0.93 
/home/antonkov/masterWork/tests/samePrefixMarkedMtx2304/depth2/node3/test97_0.mtx 1.1 469.574 0.0750564 0.85 
/home/antonkov/masterWork/tests/samePrefixMarkedMtx2304/depth2/node3/test97_0.mtx 1.2 463.69 0.064184 0.77 
/home/antonkov/masterWork/tests/samePrefixMarkedMtx2304/depth2/node3/test97_0.mtx 1.3 443.996 0.0460894 0.6 
/home/antonkov/masterWork/tests/samePrefixMarkedMtx2304/depth2/node3/test97_0.mtx 1.4 556.329 0.0327517 0.425 
/home/antonkov/masterWork/tests/samePrefixMarkedMtx2304/depth2/node3/test97_0.mtx 1.5 518.085 0.0211806 0.285 
/home/antonkov/masterWork/tests/samePrefixMarkedMtx2304/depth2/node3/test97_0.mtx 1.6 574.695 0.0125622 0.176667 
/home/antonkov/masterWork/tests/samePrefixMarkedMtx2304/depth2/node3/test97_0.mtx 1.7 827.523 0.00539001 0.08 
/home/antonkov/masterWork/tests/samePrefixMarkedMtx2304/depth2/node3/test97_0.mtx 1.8 1219.95 0.00262277 0.0371429 
/home/antonkov/masterWork/tests/samePrefixMarkedMtx2304/depth2/node3/test97_0.mtx 1.9 2034.32 0.00103761 0.0164516 
/home/antonkov/masterWork/tests/samePrefixMarkedMtx2304/depth2/node3/test97_0.mtx 2 4743.07 0.000329813 0.00549451 
/home/antonkov/masterWork/tests/samePrefixMarkedMtx2304/depth2/node3/test97_0.mtx 2.1 0 -1 -1 
/home/antonkov/masterWork/tests/samePrefixMarkedMtx2304/depth2/node3/test97_0.mtx 2.2 0 -1 -1 
/home/antonkov/masterWork/tests/samePrefixMarkedMtx2304/depth2/node3/test97_0.mtx 2.3 0 -1 -1 
/home/antonkov/masterWork/tests/samePrefixMarkedMtx2304/depth2/node3/test97_0.mtx 2.4 0 -1 -1 
/home/antonkov/masterWork/tests/samePrefixMarkedMtx2304/depth2/node3/test97_0.mtx 2.5 0 -1 -1 
/home/antonkov/masterWork/tests/samePrefixMarkedMtx2304/depth2/node3/test97_0.mtx 2.6 0 -1 -1 
/home/antonkov/masterWork/tests/samePrefixMarkedMtx2304/depth2/node3/test97_0.mtx 2.7 0 -1 -1 
/home/antonkov/masterWork/tests/samePrefixMarkedMtx2304/depth2/node3/test97_0.mtx 2.8 0 -1 -1 
/home/antonkov/masterWork/tests/samePrefixMarkedMtx2304/depth2/node3/test97_0.mtx 2.9 0 -1 -1 
/home/antonkov/masterWork/tests/samePrefixMarkedMtx2304/depth2/node3/test97_0.mtx 3 0 -1 -1 
/home/antonkov/masterWork/tests/samePrefixMarkedMtx2304/depth2/node3/test97_0.mtx 3.1 0 -1 -1 
/home/antonkov/masterWork/tests/samePrefixMarkedMtx2304/depth2/node3/test97_0.mtx 3.2 0 -1 -1 
/home/antonkov/masterWork/tests/samePrefixMarkedMtx2304/depth2/node3/test97_0.mtx 3.3 0 -1 -1 
/home/antonkov/masterWork/tests/samePrefixMarkedMtx2304/depth2/node3/test97_0.mtx 3.4 0 -1 -1 
/home/antonkov/masterWork/tests/samePrefixMarkedMtx2304/depth2/node3/test97_0.mtx 3.5 0 -1 -1 
/home/antonkov/masterWork/tests/samePrefixMarkedMtx2304/depth2/node3/test97_1.mtx 1 477.036 0.0875564 0.94 
/home/antonkov/masterWork/tests/samePrefixMarkedMtx2304/depth2/node3/test97_1.mtx 1.1 480.628 0.0769705 0.88 
/home/antonkov/masterWork/tests/samePrefixMarkedMtx2304/depth2/node3/test97_1.mtx 1.2 466.529 0.0624783 0.75 
/home/antonkov/masterWork/tests/samePrefixMarkedMtx2304/depth2/node3/test97_1.mtx 1.3 437.694 0.0481554 0.59 
/home/antonkov/masterWork/tests/samePrefixMarkedMtx2304/depth2/node3/test97_1.mtx 1.4 564.089 0.0379384 0.485 
/home/antonkov/masterWork/tests/samePrefixMarkedMtx2304/depth2/node3/test97_1.mtx 1.5 515.266 0.0236871 0.32 
/home/antonkov/masterWork/tests/samePrefixMarkedMtx2304/depth2/node3/test97_1.mtx 1.6 579.772 0.0120428 0.183333 
/home/antonkov/masterWork/tests/samePrefixMarkedMtx2304/depth2/node3/test97_1.mtx 1.7 761.11 0.00566406 0.0833333 
/home/antonkov/masterWork/tests/samePrefixMarkedMtx2304/depth2/node3/test97_1.mtx 1.8 1216.14 0.0025424 0.0384615 
/home/antonkov/masterWork/tests/samePrefixMarkedMtx2304/depth2/node3/test97_1.mtx 1.9 1981.93 0.0010815 0.0178571 
/home/antonkov/masterWork/tests/samePrefixMarkedMtx2304/depth2/node3/test97_1.mtx 2 5091.05 0.000327624 0.00515464 
/home/antonkov/masterWork/tests/samePrefixMarkedMtx2304/depth2/node3/test97_1.mtx 2.1 0 -1 -1 
/home/antonkov/masterWork/tests/samePrefixMarkedMtx2304/depth2/node3/test97_1.mtx 2.2 0 -1 -1 
/home/antonkov/masterWork/tests/samePrefixMarkedMtx2304/depth2/node3/test97_1.mtx 2.3 0 -1 -1 
/home/antonkov/masterWork/tests/samePrefixMarkedMtx2304/depth2/node3/test97_1.mtx 2.4 0 -1 -1 
/home/antonkov/masterWork/tests/samePrefixMarkedMtx2304/depth2/node3/test97_1.mtx 2.5 0 -1 -1 
/home/antonkov/masterWork/tests/samePrefixMarkedMtx2304/depth2/node3/test97_1.mtx 2.6 0 -1 -1 
/home/antonkov/masterWork/tests/samePrefixMarkedMtx2304/depth2/node3/test97_1.mtx 2.7 0 -1 -1 
/home/antonkov/masterWork/tests/samePrefixMarkedMtx2304/depth2/node3/test97_1.mtx 2.8 0 -1 -1 
/home/antonkov/masterWork/tests/samePrefixMarkedMtx2304/depth2/node3/test97_1.mtx 2.9 0 -1 -1 
/home/antonkov/masterWork/tests/samePrefixMarkedMtx2304/depth2/node3/test97_1.mtx 3 0 -1 -1 
/home/antonkov/masterWork/tests/samePrefixMarkedMtx2304/depth2/node3/test97_1.mtx 3.1 0 -1 -1 
/home/antonkov/masterWork/tests/samePrefixMarkedMtx2304/depth2/node3/test97_1.mtx 3.2 0 -1 -1 
/home/antonkov/masterWork/tests/samePrefixMarkedMtx2304/depth2/node3/test97_1.mtx 3.3 0 -1 -1 
/home/antonkov/masterWork/tests/samePrefixMarkedMtx2304/depth2/node3/test97_1.mtx 3.4 0 -1 -1 
/home/antonkov/masterWork/tests/samePrefixMarkedMtx2304/depth2/node3/test97_1.mtx 3.5 0 -1 -1 
/home/antonkov/masterWork/tests/samePrefixMarkedMtx2304/depth2/node3/test97_2.mtx 1 467.65 0.0850521 0.89 
/home/antonkov/masterWork/tests/samePrefixMarkedMtx2304/depth2/node3/test97_2.mtx 1.1 466.507 0.0753168 0.86 
/home/antonkov/masterWork/tests/samePrefixMarkedMtx2304/depth2/node3/test97_2.mtx 1.2 452.784 0.0604297 0.7 
/home/antonkov/masterWork/tests/samePrefixMarkedMtx2304/depth2/node3/test97_2.mtx 1.3 432.563 0.0491667 0.61 
/home/antonkov/masterWork/tests/samePrefixMarkedMtx2304/depth2/node3/test97_2.mtx 1.4 571.449 0.0370009 0.465 
/home/antonkov/masterWork/tests/samePrefixMarkedMtx2304/depth2/node3/test97_2.mtx 1.5 522.113 0.0237196 0.315 
/home/antonkov/masterWork/tests/samePrefixMarkedMtx2304/depth2/node3/test97_2.mtx 1.6 575.215 0.0130237 0.17 
/home/antonkov/masterWork/tests/samePrefixMarkedMtx2304/depth2/node3/test97_2.mtx 1.7 763.884 0.00585865 0.085 
/home/antonkov/masterWork/tests/samePrefixMarkedMtx2304/depth2/node3/test97_2.mtx 1.8 1359.62 0.00199843 0.03125 
/home/antonkov/masterWork/tests/samePrefixMarkedMtx2304/depth2/node3/test97_2.mtx 1.9 2614.71 0.000826029 0.0121951 
/home/antonkov/masterWork/tests/samePrefixMarkedMtx2304/depth2/node3/test97_2.mtx 2 5204.56 0.000311684 0.00495049 
/home/antonkov/masterWork/tests/samePrefixMarkedMtx2304/depth2/node3/test97_2.mtx 2.1 0 -1 -1 
/home/antonkov/masterWork/tests/samePrefixMarkedMtx2304/depth2/node3/test97_2.mtx 2.2 0 -1 -1 
/home/antonkov/masterWork/tests/samePrefixMarkedMtx2304/depth2/node3/test97_2.mtx 2.3 0 -1 -1 
/home/antonkov/masterWork/tests/samePrefixMarkedMtx2304/depth2/node3/test97_2.mtx 2.4 0 -1 -1 
/home/antonkov/masterWork/tests/samePrefixMarkedMtx2304/depth2/node3/test97_2.mtx 2.5 0 -1 -1 
/home/antonkov/masterWork/tests/samePrefixMarkedMtx2304/depth2/node3/test97_2.mtx 2.6 0 -1 -1 
/home/antonkov/masterWork/tests/samePrefixMarkedMtx2304/depth2/node3/test97_2.mtx 2.7 0 -1 -1 
/home/antonkov/masterWork/tests/samePrefixMarkedMtx2304/depth2/node3/test97_2.mtx 2.8 0 -1 -1 
/home/antonkov/masterWork/tests/samePrefixMarkedMtx2304/depth2/node3/test97_2.mtx 2.9 0 -1 -1 
/home/antonkov/masterWork/tests/samePrefixMarkedMtx2304/depth2/node3/test97_2.mtx 3 0 -1 -1 
/home/antonkov/masterWork/tests/samePrefixMarkedMtx2304/depth2/node3/test97_2.mtx 3.1 0 -1 -1 
/home/antonkov/masterWork/tests/samePrefixMarkedMtx2304/depth2/node3/test97_2.mtx 3.2 0 -1 -1 
/home/antonkov/masterWork/tests/samePrefixMarkedMtx2304/depth2/node3/test97_2.mtx 3.3 0 -1 -1 
/home/antonkov/masterWork/tests/samePrefixMarkedMtx2304/depth2/node3/test97_2.mtx 3.4 0 -1 -1 
/home/antonkov/masterWork/tests/samePrefixMarkedMtx2304/depth2/node3/test97_2.mtx 3.5 0 -1 -1 
/home/antonkov/masterWork/tests/samePrefixMarkedMtx2304/depth2/node3/test97_3.mtx 1 491.077 0.087947 0.94 
/home/antonkov/masterWork/tests/samePrefixMarkedMtx2304/depth2/node3/test97_3.mtx 1.1 467.419 0.0770443 0.87 
/home/antonkov/masterWork/tests/samePrefixMarkedMtx2304/depth2/node3/test97_3.mtx 1.2 468.9 0.063546 0.75 
/home/antonkov/masterWork/tests/samePrefixMarkedMtx2304/depth2/node3/test97_3.mtx 1.3 445.545 0.0470964 0.59 
/home/antonkov/masterWork/tests/samePrefixMarkedMtx2304/depth2/node3/test97_3.mtx 1.4 554.177 0.0336502 0.435 
/home/antonkov/masterWork/tests/samePrefixMarkedMtx2304/depth2/node3/test97_3.mtx 1.5 517.608 0.0218012 0.29 
/home/antonkov/masterWork/tests/samePrefixMarkedMtx2304/depth2/node3/test97_3.mtx 1.6 573.78 0.0122902 0.18 
/home/antonkov/masterWork/tests/samePrefixMarkedMtx2304/depth2/node3/test97_3.mtx 1.7 781.523 0.00566334 0.085 
/home/antonkov/masterWork/tests/samePrefixMarkedMtx2304/depth2/node3/test97_3.mtx 1.8 1099.76 0.0028125 0.0425 
/home/antonkov/masterWork/tests/samePrefixMarkedMtx2304/depth2/node3/test97_3.mtx 1.9 2529.63 0.000818142 0.01275 
/home/antonkov/masterWork/tests/samePrefixMarkedMtx2304/depth2/node3/test97_3.mtx 2 4826.12 0.000321688 0.00531915 
/home/antonkov/masterWork/tests/samePrefixMarkedMtx2304/depth2/node3/test97_3.mtx 2.1 0 -1 -1 
/home/antonkov/masterWork/tests/samePrefixMarkedMtx2304/depth2/node3/test97_3.mtx 2.2 0 -1 -1 
/home/antonkov/masterWork/tests/samePrefixMarkedMtx2304/depth2/node3/test97_3.mtx 2.3 0 -1 -1 
/home/antonkov/masterWork/tests/samePrefixMarkedMtx2304/depth2/node3/test97_3.mtx 2.4 0 -1 -1 
/home/antonkov/masterWork/tests/samePrefixMarkedMtx2304/depth2/node3/test97_3.mtx 2.5 0 -1 -1 
/home/antonkov/masterWork/tests/samePrefixMarkedMtx2304/depth2/node3/test97_3.mtx 2.6 0 -1 -1 
/home/antonkov/masterWork/tests/samePrefixMarkedMtx2304/depth2/node3/test97_3.mtx 2.7 0 -1 -1 
/home/antonkov/masterWork/tests/samePrefixMarkedMtx2304/depth2/node3/test97_3.mtx 2.8 0 -1 -1 
/home/antonkov/masterWork/tests/samePrefixMarkedMtx2304/depth2/node3/test97_3.mtx 2.9 0 -1 -1 
/home/antonkov/masterWork/tests/samePrefixMarkedMtx2304/depth2/node3/test97_3.mtx 3 0 -1 -1 
/home/antonkov/masterWork/tests/samePrefixMarkedMtx2304/depth2/node3/test97_3.mtx 3.1 0 -1 -1 
/home/antonkov/masterWork/tests/samePrefixMarkedMtx2304/depth2/node3/test97_3.mtx 3.2 0 -1 -1 
/home/antonkov/masterWork/tests/samePrefixMarkedMtx2304/depth2/node3/test97_3.mtx 3.3 0 -1 -1 
/home/antonkov/masterWork/tests/samePrefixMarkedMtx2304/depth2/node3/test97_3.mtx 3.4 0 -1 -1 
/home/antonkov/masterWork/tests/samePrefixMarkedMtx2304/depth2/node3/test97_3.mtx 3.5 0 -1 -1 
/home/antonkov/masterWork/tests/samePrefixMarkedMtx2304/depth2/node3/test97_4.mtx 1 485.763 0.0869054 0.93 
/home/antonkov/masterWork/tests/samePrefixMarkedMtx2304/depth2/node3/test97_4.mtx 1.1 460.708 0.0759028 0.87 
/home/antonkov/masterWork/tests/samePrefixMarkedMtx2304/depth2/node3/test97_4.mtx 1.2 456.14 0.0628993 0.74 
/home/antonkov/masterWork/tests/samePrefixMarkedMtx2304/depth2/node3/test97_4.mtx 1.3 437.525 0.0473177 0.59 
/home/antonkov/masterWork/tests/samePrefixMarkedMtx2304/depth2/node3/test97_4.mtx 1.4 560.414 0.0369727 0.5 
/home/antonkov/masterWork/tests/samePrefixMarkedMtx2304/depth2/node3/test97_4.mtx 1.5 529.815 0.0265603 0.365 
/home/antonkov/masterWork/tests/samePrefixMarkedMtx2304/depth2/node3/test97_4.mtx 1.6 605.403 0.0137688 0.2 
/home/antonkov/masterWork/tests/samePrefixMarkedMtx2304/depth2/node3/test97_4.mtx 1.7 783.416 0.00664135 0.1 
/home/antonkov/masterWork/tests/samePrefixMarkedMtx2304/depth2/node3/test97_4.mtx 1.8 1033.29 0.00359375 0.054 
/home/antonkov/masterWork/tests/samePrefixMarkedMtx2304/depth2/node3/test97_4.mtx 1.9 2603.55 0.000816863 0.0130769 
/home/antonkov/masterWork/tests/samePrefixMarkedMtx2304/depth2/node3/test97_4.mtx 2 5934.42 0.000281407 0.00431034 
/home/antonkov/masterWork/tests/samePrefixMarkedMtx2304/depth2/node3/test97_4.mtx 2.1 0 -1 -1 
/home/antonkov/masterWork/tests/samePrefixMarkedMtx2304/depth2/node3/test97_4.mtx 2.2 0 -1 -1 
/home/antonkov/masterWork/tests/samePrefixMarkedMtx2304/depth2/node3/test97_4.mtx 2.3 0 -1 -1 
/home/antonkov/masterWork/tests/samePrefixMarkedMtx2304/depth2/node3/test97_4.mtx 2.4 0 -1 -1 
/home/antonkov/masterWork/tests/samePrefixMarkedMtx2304/depth2/node3/test97_4.mtx 2.5 0 -1 -1 
/home/antonkov/masterWork/tests/samePrefixMarkedMtx2304/depth2/node3/test97_4.mtx 2.6 0 -1 -1 
/home/antonkov/masterWork/tests/samePrefixMarkedMtx2304/depth2/node3/test97_4.mtx 2.7 0 -1 -1 
/home/antonkov/masterWork/tests/samePrefixMarkedMtx2304/depth2/node3/test97_4.mtx 2.8 0 -1 -1 
/home/antonkov/masterWork/tests/samePrefixMarkedMtx2304/depth2/node3/test97_4.mtx 2.9 0 -1 -1 
/home/antonkov/masterWork/tests/samePrefixMarkedMtx2304/depth2/node3/test97_4.mtx 3 0 -1 -1 
/home/antonkov/masterWork/tests/samePrefixMarkedMtx2304/depth2/node3/test97_4.mtx 3.1 0 -1 -1 
/home/antonkov/masterWork/tests/samePrefixMarkedMtx2304/depth2/node3/test97_4.mtx 3.2 0 -1 -1 
/home/antonkov/masterWork/tests/samePrefixMarkedMtx2304/depth2/node3/test97_4.mtx 3.3 0 -1 -1 
/home/antonkov/masterWork/tests/samePrefixMarkedMtx2304/depth2/node3/test97_4.mtx 3.4 0 -1 -1 
/home/antonkov/masterWork/tests/samePrefixMarkedMtx2304/depth2/node3/test97_4.mtx 3.5 0 -1 -1 
/home/antonkov/masterWork/tests/samePrefixMarkedMtx2304/depth2/node3/test98_0.mtx 1 464.2 0.0848741 0.94 
/home/antonkov/masterWork/tests/samePrefixMarkedMtx2304/depth2/node3/test98_0.mtx 1.1 460.803 0.0690712 0.81 
/home/antonkov/masterWork/tests/samePrefixMarkedMtx2304/depth2/node3/test98_0.mtx 1.2 449.971 0.054974 0.68 
/home/antonkov/masterWork/tests/samePrefixMarkedMtx2304/depth2/node3/test98_0.mtx 1.3 423.161 0.040447 0.5 
/home/antonkov/masterWork/tests/samePrefixMarkedMtx2304/depth2/node3/test98_0.mtx 1.4 541.01 0.029783 0.41 
/home/antonkov/masterWork/tests/samePrefixMarkedMtx2304/depth2/node3/test98_0.mtx 1.5 605.204 0.0175579 0.243333 
/home/antonkov/masterWork/tests/samePrefixMarkedMtx2304/depth2/node3/test98_0.mtx 1.6 640.343 0.0092079 0.1275 
/home/antonkov/masterWork/tests/samePrefixMarkedMtx2304/depth2/node3/test98_0.mtx 1.7 953.776 0.00416763 0.0633333 
/home/antonkov/masterWork/tests/samePrefixMarkedMtx2304/depth2/node3/test98_0.mtx 1.8 1302.51 0.00205648 0.031875 
/home/antonkov/masterWork/tests/samePrefixMarkedMtx2304/depth2/node3/test98_0.mtx 1.9 2795.48 0.000721052 0.011087 
/home/antonkov/masterWork/tests/samePrefixMarkedMtx2304/depth2/node3/test98_0.mtx 2 5565.82 0.000268602 0.00438596 
/home/antonkov/masterWork/tests/samePrefixMarkedMtx2304/depth2/node3/test98_0.mtx 2.1 0 -1 -1 
/home/antonkov/masterWork/tests/samePrefixMarkedMtx2304/depth2/node3/test98_0.mtx 2.2 0 -1 -1 
/home/antonkov/masterWork/tests/samePrefixMarkedMtx2304/depth2/node3/test98_0.mtx 2.3 0 -1 -1 
/home/antonkov/masterWork/tests/samePrefixMarkedMtx2304/depth2/node3/test98_0.mtx 2.4 0 -1 -1 
/home/antonkov/masterWork/tests/samePrefixMarkedMtx2304/depth2/node3/test98_0.mtx 2.5 0 -1 -1 
/home/antonkov/masterWork/tests/samePrefixMarkedMtx2304/depth2/node3/test98_0.mtx 2.6 0 -1 -1 
/home/antonkov/masterWork/tests/samePrefixMarkedMtx2304/depth2/node3/test98_0.mtx 2.7 0 -1 -1 
/home/antonkov/masterWork/tests/samePrefixMarkedMtx2304/depth2/node3/test98_0.mtx 2.8 0 -1 -1 
/home/antonkov/masterWork/tests/samePrefixMarkedMtx2304/depth2/node3/test98_0.mtx 2.9 0 -1 -1 
/home/antonkov/masterWork/tests/samePrefixMarkedMtx2304/depth2/node3/test98_0.mtx 3 0 -1 -1 
/home/antonkov/masterWork/tests/samePrefixMarkedMtx2304/depth2/node3/test98_0.mtx 3.1 0 -1 -1 
/home/antonkov/masterWork/tests/samePrefixMarkedMtx2304/depth2/node3/test98_0.mtx 3.2 0 -1 -1 
/home/antonkov/masterWork/tests/samePrefixMarkedMtx2304/depth2/node3/test98_0.mtx 3.3 0 -1 -1 
/home/antonkov/masterWork/tests/samePrefixMarkedMtx2304/depth2/node3/test98_0.mtx 3.4 0 -1 -1 
/home/antonkov/masterWork/tests/samePrefixMarkedMtx2304/depth2/node3/test98_0.mtx 3.5 0 -1 -1 
/home/antonkov/masterWork/tests/samePrefixMarkedMtx2304/depth2/node3/test98_1.mtx 1 464.536 0.082678 0.9 
/home/antonkov/masterWork/tests/samePrefixMarkedMtx2304/depth2/node3/test98_1.mtx 1.1 459.22 0.06977 0.8 
/home/antonkov/masterWork/tests/samePrefixMarkedMtx2304/depth2/node3/test98_1.mtx 1.2 453.421 0.0604123 0.74 
/home/antonkov/masterWork/tests/samePrefixMarkedMtx2304/depth2/node3/test98_1.mtx 1.3 424.082 0.0422266 0.52 
/home/antonkov/masterWork/tests/samePrefixMarkedMtx2304/depth2/node3/test98_1.mtx 1.4 549.029 0.0309462 0.41 
/home/antonkov/masterWork/tests/samePrefixMarkedMtx2304/depth2/node3/test98_1.mtx 1.5 616.753 0.0166869 0.23 
/home/antonkov/masterWork/tests/samePrefixMarkedMtx2304/depth2/node3/test98_1.mtx 1.6 734.389 0.0090625 0.122 
/home/antonkov/masterWork/tests/samePrefixMarkedMtx2304/depth2/node3/test98_1.mtx 1.7 888.737 0.00480632 0.065 
/home/antonkov/masterWork/tests/samePrefixMarkedMtx2304/depth2/node3/test98_1.mtx 1.8 1370.72 0.00193883 0.0305882 
/home/antonkov/masterWork/tests/samePrefixMarkedMtx2304/depth2/node3/test98_1.mtx 1.9 2841.02 0.000638575 0.0106383 
/home/antonkov/masterWork/tests/samePrefixMarkedMtx2304/depth2/node3/test98_1.mtx 2 5503.12 0.000242977 0.0045045 
/home/antonkov/masterWork/tests/samePrefixMarkedMtx2304/depth2/node3/test98_1.mtx 2.1 0 -1 -1 
/home/antonkov/masterWork/tests/samePrefixMarkedMtx2304/depth2/node3/test98_1.mtx 2.2 0 -1 -1 
/home/antonkov/masterWork/tests/samePrefixMarkedMtx2304/depth2/node3/test98_1.mtx 2.3 0 -1 -1 
/home/antonkov/masterWork/tests/samePrefixMarkedMtx2304/depth2/node3/test98_1.mtx 2.4 0 -1 -1 
/home/antonkov/masterWork/tests/samePrefixMarkedMtx2304/depth2/node3/test98_1.mtx 2.5 0 -1 -1 
/home/antonkov/masterWork/tests/samePrefixMarkedMtx2304/depth2/node3/test98_1.mtx 2.6 0 -1 -1 
/home/antonkov/masterWork/tests/samePrefixMarkedMtx2304/depth2/node3/test98_1.mtx 2.7 0 -1 -1 
/home/antonkov/masterWork/tests/samePrefixMarkedMtx2304/depth2/node3/test98_1.mtx 2.8 0 -1 -1 
/home/antonkov/masterWork/tests/samePrefixMarkedMtx2304/depth2/node3/test98_1.mtx 2.9 0 -1 -1 
/home/antonkov/masterWork/tests/samePrefixMarkedMtx2304/depth2/node3/test98_1.mtx 3 0 -1 -1 
/home/antonkov/masterWork/tests/samePrefixMarkedMtx2304/depth2/node3/test98_1.mtx 3.1 0 -1 -1 
/home/antonkov/masterWork/tests/samePrefixMarkedMtx2304/depth2/node3/test98_1.mtx 3.2 0 -1 -1 
/home/antonkov/masterWork/tests/samePrefixMarkedMtx2304/depth2/node3/test98_1.mtx 3.3 0 -1 -1 
/home/antonkov/masterWork/tests/samePrefixMarkedMtx2304/depth2/node3/test98_1.mtx 3.4 0 -1 -1 
/home/antonkov/masterWork/tests/samePrefixMarkedMtx2304/depth2/node3/test98_1.mtx 3.5 0 -1 -1 
/home/antonkov/masterWork/tests/samePrefixMarkedMtx2304/depth2/node3/test98_2.mtx 1 471.079 0.0842622 0.91 
/home/antonkov/masterWork/tests/samePrefixMarkedMtx2304/depth2/node3/test98_2.mtx 1.1 466.418 0.0762587 0.88 
/home/antonkov/masterWork/tests/samePrefixMarkedMtx2304/depth2/node3/test98_2.mtx 1.2 460.025 0.0664149 0.81 
/home/antonkov/masterWork/tests/samePrefixMarkedMtx2304/depth2/node3/test98_2.mtx 1.3 441.609 0.0475651 0.59 
/home/antonkov/masterWork/tests/samePrefixMarkedMtx2304/depth2/node3/test98_2.mtx 1.4 546.666 0.0316189 0.41 
/home/antonkov/masterWork/tests/samePrefixMarkedMtx2304/depth2/node3/test98_2.mtx 1.5 509.632 0.0209635 0.305 
/home/antonkov/masterWork/tests/samePrefixMarkedMtx2304/depth2/node3/test98_2.mtx 1.6 676.661 0.00909614 0.1275 
/home/antonkov/masterWork/tests/samePrefixMarkedMtx2304/depth2/node3/test98_2.mtx 1.7 951.152 0.00390914 0.0555556 
/home/antonkov/masterWork/tests/samePrefixMarkedMtx2304/depth2/node3/test98_2.mtx 1.8 1314.56 0.00209771 0.0325 
/home/antonkov/masterWork/tests/samePrefixMarkedMtx2304/depth2/node3/test98_2.mtx 1.9 3080.66 0.000639723 0.00980392 
/home/antonkov/masterWork/tests/samePrefixMarkedMtx2304/depth2/node3/test98_2.mtx 2 0 -1 -1 
/home/antonkov/masterWork/tests/samePrefixMarkedMtx2304/depth2/node3/test98_2.mtx 2.1 0 -1 -1 
/home/antonkov/masterWork/tests/samePrefixMarkedMtx2304/depth2/node3/test98_2.mtx 2.2 0 -1 -1 
/home/antonkov/masterWork/tests/samePrefixMarkedMtx2304/depth2/node3/test98_2.mtx 2.3 0 -1 -1 
/home/antonkov/masterWork/tests/samePrefixMarkedMtx2304/depth2/node3/test98_2.mtx 2.4 0 -1 -1 
/home/antonkov/masterWork/tests/samePrefixMarkedMtx2304/depth2/node3/test98_2.mtx 2.5 0 -1 -1 
/home/antonkov/masterWork/tests/samePrefixMarkedMtx2304/depth2/node3/test98_2.mtx 2.6 0 -1 -1 
/home/antonkov/masterWork/tests/samePrefixMarkedMtx2304/depth2/node3/test98_2.mtx 2.7 0 -1 -1 
/home/antonkov/masterWork/tests/samePrefixMarkedMtx2304/depth2/node3/test98_2.mtx 2.8 0 -1 -1 
/home/antonkov/masterWork/tests/samePrefixMarkedMtx2304/depth2/node3/test98_2.mtx 2.9 0 -1 -1 
/home/antonkov/masterWork/tests/samePrefixMarkedMtx2304/depth2/node3/test98_2.mtx 3 0 -1 -1 
/home/antonkov/masterWork/tests/samePrefixMarkedMtx2304/depth2/node3/test98_2.mtx 3.1 0 -1 -1 
/home/antonkov/masterWork/tests/samePrefixMarkedMtx2304/depth2/node3/test98_2.mtx 3.2 0 -1 -1 
/home/antonkov/masterWork/tests/samePrefixMarkedMtx2304/depth2/node3/test98_2.mtx 3.3 0 -1 -1 
/home/antonkov/masterWork/tests/samePrefixMarkedMtx2304/depth2/node3/test98_2.mtx 3.4 0 -1 -1 
/home/antonkov/masterWork/tests/samePrefixMarkedMtx2304/depth2/node3/test98_2.mtx 3.5 0 -1 -1 
/home/antonkov/masterWork/tests/samePrefixMarkedMtx2304/depth2/node3/test98_3.mtx 1 473.765 0.0827387 0.91 
/home/antonkov/masterWork/tests/samePrefixMarkedMtx2304/depth2/node3/test98_3.mtx 1.1 460.835 0.0696528 0.81 
/home/antonkov/masterWork/tests/samePrefixMarkedMtx2304/depth2/node3/test98_3.mtx 1.2 442.682 0.0567274 0.67 
/home/antonkov/masterWork/tests/samePrefixMarkedMtx2304/depth2/node3/test98_3.mtx 1.3 431.457 0.0446484 0.58 
/home/antonkov/masterWork/tests/samePrefixMarkedMtx2304/depth2/node3/test98_3.mtx 1.4 537.992 0.0315972 0.42 
/home/antonkov/masterWork/tests/samePrefixMarkedMtx2304/depth2/node3/test98_3.mtx 1.5 606.803 0.0171774 0.233333 
/home/antonkov/masterWork/tests/samePrefixMarkedMtx2304/depth2/node3/test98_3.mtx 1.6 633.953 0.0101454 0.145 
/home/antonkov/masterWork/tests/samePrefixMarkedMtx2304/depth2/node3/test98_3.mtx 1.7 901.378 0.00444173 0.06875 
/home/antonkov/masterWork/tests/samePrefixMarkedMtx2304/depth2/node3/test98_3.mtx 1.8 1481.16 0.00173131 0.0263158 
/home/antonkov/masterWork/tests/samePrefixMarkedMtx2304/depth2/node3/test98_3.mtx 1.9 2858.95 0.000688657 0.0104167 
/home/antonkov/masterWork/tests/samePrefixMarkedMtx2304/depth2/node3/test98_3.mtx 2 6573.41 0.000217014 0.00364964 
/home/antonkov/masterWork/tests/samePrefixMarkedMtx2304/depth2/node3/test98_3.mtx 2.1 0 -1 -1 
/home/antonkov/masterWork/tests/samePrefixMarkedMtx2304/depth2/node3/test98_3.mtx 2.2 0 -1 -1 
/home/antonkov/masterWork/tests/samePrefixMarkedMtx2304/depth2/node3/test98_3.mtx 2.3 0 -1 -1 
/home/antonkov/masterWork/tests/samePrefixMarkedMtx2304/depth2/node3/test98_3.mtx 2.4 0 -1 -1 
/home/antonkov/masterWork/tests/samePrefixMarkedMtx2304/depth2/node3/test98_3.mtx 2.5 0 -1 -1 
/home/antonkov/masterWork/tests/samePrefixMarkedMtx2304/depth2/node3/test98_3.mtx 2.6 0 -1 -1 
/home/antonkov/masterWork/tests/samePrefixMarkedMtx2304/depth2/node3/test98_3.mtx 2.7 0 -1 -1 
/home/antonkov/masterWork/tests/samePrefixMarkedMtx2304/depth2/node3/test98_3.mtx 2.8 0 -1 -1 
/home/antonkov/masterWork/tests/samePrefixMarkedMtx2304/depth2/node3/test98_3.mtx 2.9 0 -1 -1 
/home/antonkov/masterWork/tests/samePrefixMarkedMtx2304/depth2/node3/test98_3.mtx 3 0 -1 -1 
/home/antonkov/masterWork/tests/samePrefixMarkedMtx2304/depth2/node3/test98_3.mtx 3.1 0 -1 -1 
/home/antonkov/masterWork/tests/samePrefixMarkedMtx2304/depth2/node3/test98_3.mtx 3.2 0 -1 -1 
/home/antonkov/masterWork/tests/samePrefixMarkedMtx2304/depth2/node3/test98_3.mtx 3.3 0 -1 -1 
/home/antonkov/masterWork/tests/samePrefixMarkedMtx2304/depth2/node3/test98_3.mtx 3.4 0 -1 -1 
/home/antonkov/masterWork/tests/samePrefixMarkedMtx2304/depth2/node3/test98_3.mtx 3.5 0 -1 -1 
/home/antonkov/masterWork/tests/samePrefixMarkedMtx2304/depth2/node3/test98_4.mtx 1 468.431 0.0857856 0.93 
/home/antonkov/masterWork/tests/samePrefixMarkedMtx2304/depth2/node3/test98_4.mtx 1.1 457.234 0.0753733 0.87 
/home/antonkov/masterWork/tests/samePrefixMarkedMtx2304/depth2/node3/test98_4.mtx 1.2 458.935 0.062691 0.77 
/home/antonkov/masterWork/tests/samePrefixMarkedMtx2304/depth2/node3/test98_4.mtx 1.3 434.077 0.0447526 0.57 
/home/antonkov/masterWork/tests/samePrefixMarkedMtx2304/depth2/node3/test98_4.mtx 1.4 539.723 0.0307899 0.41 
/home/antonkov/masterWork/tests/samePrefixMarkedMtx2304/depth2/node3/test98_4.mtx 1.5 598.904 0.0155353 0.223333 
/home/antonkov/masterWork/tests/samePrefixMarkedMtx2304/depth2/node3/test98_4.mtx 1.6 722.749 0.00867795 0.122 
/home/antonkov/masterWork/tests/samePrefixMarkedMtx2304/depth2/node3/test98_4.mtx 1.7 812.93 0.00474144 0.0728571 
/home/antonkov/masterWork/tests/samePrefixMarkedMtx2304/depth2/node3/test98_4.mtx 1.8 1455.81 0.00178651 0.0277778 
/home/antonkov/masterWork/tests/samePrefixMarkedMtx2304/depth2/node3/test98_4.mtx 1.9 2928.88 0.000566927 0.01 
/home/antonkov/masterWork/tests/samePrefixMarkedMtx2304/depth2/node3/test98_4.mtx 2 6811.34 0.000185318 0.00352113 
/home/antonkov/masterWork/tests/samePrefixMarkedMtx2304/depth2/node3/test98_4.mtx 2.1 0 -1 -1 
/home/antonkov/masterWork/tests/samePrefixMarkedMtx2304/depth2/node3/test98_4.mtx 2.2 0 -1 -1 
/home/antonkov/masterWork/tests/samePrefixMarkedMtx2304/depth2/node3/test98_4.mtx 2.3 0 -1 -1 
/home/antonkov/masterWork/tests/samePrefixMarkedMtx2304/depth2/node3/test98_4.mtx 2.4 0 -1 -1 
/home/antonkov/masterWork/tests/samePrefixMarkedMtx2304/depth2/node3/test98_4.mtx 2.5 0 -1 -1 
/home/antonkov/masterWork/tests/samePrefixMarkedMtx2304/depth2/node3/test98_4.mtx 2.6 0 -1 -1 
/home/antonkov/masterWork/tests/samePrefixMarkedMtx2304/depth2/node3/test98_4.mtx 2.7 0 -1 -1 
/home/antonkov/masterWork/tests/samePrefixMarkedMtx2304/depth2/node3/test98_4.mtx 2.8 0 -1 -1 
/home/antonkov/masterWork/tests/samePrefixMarkedMtx2304/depth2/node3/test98_4.mtx 2.9 0 -1 -1 
/home/antonkov/masterWork/tests/samePrefixMarkedMtx2304/depth2/node3/test98_4.mtx 3 0 -1 -1 
/home/antonkov/masterWork/tests/samePrefixMarkedMtx2304/depth2/node3/test98_4.mtx 3.1 0 -1 -1 
/home/antonkov/masterWork/tests/samePrefixMarkedMtx2304/depth2/node3/test98_4.mtx 3.2 0 -1 -1 
/home/antonkov/masterWork/tests/samePrefixMarkedMtx2304/depth2/node3/test98_4.mtx 3.3 0 -1 -1 
/home/antonkov/masterWork/tests/samePrefixMarkedMtx2304/depth2/node3/test98_4.mtx 3.4 0 -1 -1 
/home/antonkov/masterWork/tests/samePrefixMarkedMtx2304/depth2/node3/test98_4.mtx 3.5 0 -1 -1 
/home/antonkov/masterWork/tests/samePrefixMarkedMtx2304/depth2/node3/test99_0.mtx 1 475.018 0.0878602 0.94 
/home/antonkov/masterWork/tests/samePrefixMarkedMtx2304/depth2/node3/test99_0.mtx 1.1 478.41 0.0763411 0.88 
/home/antonkov/masterWork/tests/samePrefixMarkedMtx2304/depth2/node3/test99_0.mtx 1.2 456.851 0.0615625 0.74 
/home/antonkov/masterWork/tests/samePrefixMarkedMtx2304/depth2/node3/test99_0.mtx 1.3 439.318 0.0489106 0.6 
/home/antonkov/masterWork/tests/samePrefixMarkedMtx2304/depth2/node3/test99_0.mtx 1.4 564.453 0.0361675 0.47 
/home/antonkov/masterWork/tests/samePrefixMarkedMtx2304/depth2/node3/test99_0.mtx 1.5 516.246 0.022947 0.305 
/home/antonkov/masterWork/tests/samePrefixMarkedMtx2304/depth2/node3/test99_0.mtx 1.6 580.27 0.0126534 0.176667 
/home/antonkov/masterWork/tests/samePrefixMarkedMtx2304/depth2/node3/test99_0.mtx 1.7 864.865 0.00532304 0.0742857 
/home/antonkov/masterWork/tests/samePrefixMarkedMtx2304/depth2/node3/test99_0.mtx 1.8 1164.94 0.00269097 0.0384615 
/home/antonkov/masterWork/tests/samePrefixMarkedMtx2304/depth2/node3/test99_0.mtx 1.9 2089.7 0.00106911 0.016129 
/home/antonkov/masterWork/tests/samePrefixMarkedMtx2304/depth2/node3/test99_0.mtx 2 5112.91 0.000336327 0.00510204 
/home/antonkov/masterWork/tests/samePrefixMarkedMtx2304/depth2/node3/test99_0.mtx 2.1 0 -1 -1 
/home/antonkov/masterWork/tests/samePrefixMarkedMtx2304/depth2/node3/test99_0.mtx 2.2 0 -1 -1 
/home/antonkov/masterWork/tests/samePrefixMarkedMtx2304/depth2/node3/test99_0.mtx 2.3 0 -1 -1 
/home/antonkov/masterWork/tests/samePrefixMarkedMtx2304/depth2/node3/test99_0.mtx 2.4 0 -1 -1 
/home/antonkov/masterWork/tests/samePrefixMarkedMtx2304/depth2/node3/test99_0.mtx 2.5 0 -1 -1 
/home/antonkov/masterWork/tests/samePrefixMarkedMtx2304/depth2/node3/test99_0.mtx 2.6 0 -1 -1 
/home/antonkov/masterWork/tests/samePrefixMarkedMtx2304/depth2/node3/test99_0.mtx 2.7 0 -1 -1 
/home/antonkov/masterWork/tests/samePrefixMarkedMtx2304/depth2/node3/test99_0.mtx 2.8 0 -1 -1 
/home/antonkov/masterWork/tests/samePrefixMarkedMtx2304/depth2/node3/test99_0.mtx 2.9 0 -1 -1 
/home/antonkov/masterWork/tests/samePrefixMarkedMtx2304/depth2/node3/test99_0.mtx 3 0 -1 -1 
/home/antonkov/masterWork/tests/samePrefixMarkedMtx2304/depth2/node3/test99_0.mtx 3.1 0 -1 -1 
/home/antonkov/masterWork/tests/samePrefixMarkedMtx2304/depth2/node3/test99_0.mtx 3.2 0 -1 -1 
/home/antonkov/masterWork/tests/samePrefixMarkedMtx2304/depth2/node3/test99_0.mtx 3.3 0 -1 -1 
/home/antonkov/masterWork/tests/samePrefixMarkedMtx2304/depth2/node3/test99_0.mtx 3.4 0 -1 -1 
/home/antonkov/masterWork/tests/samePrefixMarkedMtx2304/depth2/node3/test99_0.mtx 3.5 0 -1 -1 
/home/antonkov/masterWork/tests/samePrefixMarkedMtx2304/depth2/node3/test99_1.mtx 1 490.833 0.0872526 0.93 
/home/antonkov/masterWork/tests/samePrefixMarkedMtx2304/depth2/node3/test99_1.mtx 1.1 490.492 0.0783854 0.89 
/home/antonkov/masterWork/tests/samePrefixMarkedMtx2304/depth2/node3/test99_1.mtx 1.2 461.102 0.0623481 0.74 
/home/antonkov/masterWork/tests/samePrefixMarkedMtx2304/depth2/node3/test99_1.mtx 1.3 438.592 0.0447483 0.57 
/home/antonkov/masterWork/tests/samePrefixMarkedMtx2304/depth2/node3/test99_1.mtx 1.4 552.642 0.0322852 0.425 
/home/antonkov/masterWork/tests/samePrefixMarkedMtx2304/depth2/node3/test99_1.mtx 1.5 521.062 0.0197244 0.28 
/home/antonkov/masterWork/tests/samePrefixMarkedMtx2304/depth2/node3/test99_1.mtx 1.6 663.271 0.012207 0.1675 
/home/antonkov/masterWork/tests/samePrefixMarkedMtx2304/depth2/node3/test99_1.mtx 1.7 768.429 0.00569806 0.0866667 
/home/antonkov/masterWork/tests/samePrefixMarkedMtx2304/depth2/node3/test99_1.mtx 1.8 1219.71 0.00237041 0.0378571 
/home/antonkov/masterWork/tests/samePrefixMarkedMtx2304/depth2/node3/test99_1.mtx 1.9 2373.07 0.000886019 0.0141667 
/home/antonkov/masterWork/tests/samePrefixMarkedMtx2304/depth2/node3/test99_1.mtx 2 4476.81 0.000370813 0.00588235 
/home/antonkov/masterWork/tests/samePrefixMarkedMtx2304/depth2/node3/test99_1.mtx 2.1 0 -1 -1 
/home/antonkov/masterWork/tests/samePrefixMarkedMtx2304/depth2/node3/test99_1.mtx 2.2 0 -1 -1 
/home/antonkov/masterWork/tests/samePrefixMarkedMtx2304/depth2/node3/test99_1.mtx 2.3 0 -1 -1 
/home/antonkov/masterWork/tests/samePrefixMarkedMtx2304/depth2/node3/test99_1.mtx 2.4 0 -1 -1 
/home/antonkov/masterWork/tests/samePrefixMarkedMtx2304/depth2/node3/test99_1.mtx 2.5 0 -1 -1 
/home/antonkov/masterWork/tests/samePrefixMarkedMtx2304/depth2/node3/test99_1.mtx 2.6 0 -1 -1 
/home/antonkov/masterWork/tests/samePrefixMarkedMtx2304/depth2/node3/test99_1.mtx 2.7 0 -1 -1 
/home/antonkov/masterWork/tests/samePrefixMarkedMtx2304/depth2/node3/test99_1.mtx 2.8 0 -1 -1 
/home/antonkov/masterWork/tests/samePrefixMarkedMtx2304/depth2/node3/test99_1.mtx 2.9 0 -1 -1 
/home/antonkov/masterWork/tests/samePrefixMarkedMtx2304/depth2/node3/test99_1.mtx 3 0 -1 -1 
/home/antonkov/masterWork/tests/samePrefixMarkedMtx2304/depth2/node3/test99_1.mtx 3.1 0 -1 -1 
/home/antonkov/masterWork/tests/samePrefixMarkedMtx2304/depth2/node3/test99_1.mtx 3.2 0 -1 -1 
/home/antonkov/masterWork/tests/samePrefixMarkedMtx2304/depth2/node3/test99_1.mtx 3.3 0 -1 -1 
/home/antonkov/masterWork/tests/samePrefixMarkedMtx2304/depth2/node3/test99_1.mtx 3.4 0 -1 -1 
/home/antonkov/masterWork/tests/samePrefixMarkedMtx2304/depth2/node3/test99_1.mtx 3.5 0 -1 -1 
/home/antonkov/masterWork/tests/samePrefixMarkedMtx2304/depth2/node3/test99_2.mtx 1 492.372 0.0884592 0.92 
/home/antonkov/masterWork/tests/samePrefixMarkedMtx2304/depth2/node3/test99_2.mtx 1.1 491.251 0.0799392 0.89 
/home/antonkov/masterWork/tests/samePrefixMarkedMtx2304/depth2/node3/test99_2.mtx 1.2 465.754 0.0685417 0.81 
/home/antonkov/masterWork/tests/samePrefixMarkedMtx2304/depth2/node3/test99_2.mtx 1.3 457.487 0.052105 0.65 
/home/antonkov/masterWork/tests/samePrefixMarkedMtx2304/depth2/node3/test99_2.mtx 1.4 565.892 0.0374197 0.48 
/home/antonkov/masterWork/tests/samePrefixMarkedMtx2304/depth2/node3/test99_2.mtx 1.5 529.387 0.0229883 0.315 
/home/antonkov/masterWork/tests/samePrefixMarkedMtx2304/depth2/node3/test99_2.mtx 1.6 620.714 0.0145775 0.206667 
/home/antonkov/masterWork/tests/samePrefixMarkedMtx2304/depth2/node3/test99_2.mtx 1.7 859.943 0.00583147 0.0828571 
/home/antonkov/masterWork/tests/samePrefixMarkedMtx2304/depth2/node3/test99_2.mtx 1.8 1399.11 0.00220649 0.031875 
/home/antonkov/masterWork/tests/samePrefixMarkedMtx2304/depth2/node3/test99_2.mtx 1.9 2461.3 0.000812101 0.0135135 
/home/antonkov/masterWork/tests/samePrefixMarkedMtx2304/depth2/node3/test99_2.mtx 2 5830.93 0.000288895 0.00438596 
/home/antonkov/masterWork/tests/samePrefixMarkedMtx2304/depth2/node3/test99_2.mtx 2.1 0 -1 -1 
/home/antonkov/masterWork/tests/samePrefixMarkedMtx2304/depth2/node3/test99_2.mtx 2.2 0 -1 -1 
/home/antonkov/masterWork/tests/samePrefixMarkedMtx2304/depth2/node3/test99_2.mtx 2.3 0 -1 -1 
/home/antonkov/masterWork/tests/samePrefixMarkedMtx2304/depth2/node3/test99_2.mtx 2.4 0 -1 -1 
/home/antonkov/masterWork/tests/samePrefixMarkedMtx2304/depth2/node3/test99_2.mtx 2.5 0 -1 -1 
/home/antonkov/masterWork/tests/samePrefixMarkedMtx2304/depth2/node3/test99_2.mtx 2.6 0 -1 -1 
/home/antonkov/masterWork/tests/samePrefixMarkedMtx2304/depth2/node3/test99_2.mtx 2.7 0 -1 -1 
/home/antonkov/masterWork/tests/samePrefixMarkedMtx2304/depth2/node3/test99_2.mtx 2.8 0 -1 -1 
/home/antonkov/masterWork/tests/samePrefixMarkedMtx2304/depth2/node3/test99_2.mtx 2.9 0 -1 -1 
/home/antonkov/masterWork/tests/samePrefixMarkedMtx2304/depth2/node3/test99_2.mtx 3 0 -1 -1 
/home/antonkov/masterWork/tests/samePrefixMarkedMtx2304/depth2/node3/test99_2.mtx 3.1 0 -1 -1 
/home/antonkov/masterWork/tests/samePrefixMarkedMtx2304/depth2/node3/test99_2.mtx 3.2 0 -1 -1 
/home/antonkov/masterWork/tests/samePrefixMarkedMtx2304/depth2/node3/test99_2.mtx 3.3 0 -1 -1 
/home/antonkov/masterWork/tests/samePrefixMarkedMtx2304/depth2/node3/test99_2.mtx 3.4 0 -1 -1 
/home/antonkov/masterWork/tests/samePrefixMarkedMtx2304/depth2/node3/test99_2.mtx 3.5 0 -1 -1 
/home/antonkov/masterWork/tests/samePrefixMarkedMtx2304/depth2/node3/test99_3.mtx 1 489.234 0.0867708 0.94 
/home/antonkov/masterWork/tests/samePrefixMarkedMtx2304/depth2/node3/test99_3.mtx 1.1 478.076 0.0754774 0.88 
/home/antonkov/masterWork/tests/samePrefixMarkedMtx2304/depth2/node3/test99_3.mtx 1.2 462.705 0.0608203 0.75 
/home/antonkov/masterWork/tests/samePrefixMarkedMtx2304/depth2/node3/test99_3.mtx 1.3 444.555 0.0462934 0.59 
/home/antonkov/masterWork/tests/samePrefixMarkedMtx2304/depth2/node3/test99_3.mtx 1.4 554.256 0.0329253 0.43 
/home/antonkov/masterWork/tests/samePrefixMarkedMtx2304/depth2/node3/test99_3.mtx 1.5 523.321 0.0202344 0.275 
/home/antonkov/masterWork/tests/samePrefixMarkedMtx2304/depth2/node3/test99_3.mtx 1.6 684.794 0.0118533 0.16 
/home/antonkov/masterWork/tests/samePrefixMarkedMtx2304/depth2/node3/test99_3.mtx 1.7 761.099 0.00558666 0.0833333 
/home/antonkov/masterWork/tests/samePrefixMarkedMtx2304/depth2/node3/test99_3.mtx 1.8 1300.6 0.00224479 0.034 
/home/antonkov/masterWork/tests/samePrefixMarkedMtx2304/depth2/node3/test99_3.mtx 1.9 2550.83 0.000873509 0.0130769 
/home/antonkov/masterWork/tests/samePrefixMarkedMtx2304/depth2/node3/test99_3.mtx 2 4784.09 0.000354409 0.00537634 
/home/antonkov/masterWork/tests/samePrefixMarkedMtx2304/depth2/node3/test99_3.mtx 2.1 0 -1 -1 
/home/antonkov/masterWork/tests/samePrefixMarkedMtx2304/depth2/node3/test99_3.mtx 2.2 0 -1 -1 
/home/antonkov/masterWork/tests/samePrefixMarkedMtx2304/depth2/node3/test99_3.mtx 2.3 0 -1 -1 
/home/antonkov/masterWork/tests/samePrefixMarkedMtx2304/depth2/node3/test99_3.mtx 2.4 0 -1 -1 
/home/antonkov/masterWork/tests/samePrefixMarkedMtx2304/depth2/node3/test99_3.mtx 2.5 0 -1 -1 
/home/antonkov/masterWork/tests/samePrefixMarkedMtx2304/depth2/node3/test99_3.mtx 2.6 0 -1 -1 
/home/antonkov/masterWork/tests/samePrefixMarkedMtx2304/depth2/node3/test99_3.mtx 2.7 0 -1 -1 
/home/antonkov/masterWork/tests/samePrefixMarkedMtx2304/depth2/node3/test99_3.mtx 2.8 0 -1 -1 
/home/antonkov/masterWork/tests/samePrefixMarkedMtx2304/depth2/node3/test99_3.mtx 2.9 0 -1 -1 
/home/antonkov/masterWork/tests/samePrefixMarkedMtx2304/depth2/node3/test99_3.mtx 3 0 -1 -1 
/home/antonkov/masterWork/tests/samePrefixMarkedMtx2304/depth2/node3/test99_3.mtx 3.1 0 -1 -1 
/home/antonkov/masterWork/tests/samePrefixMarkedMtx2304/depth2/node3/test99_3.mtx 3.2 0 -1 -1 
/home/antonkov/masterWork/tests/samePrefixMarkedMtx2304/depth2/node3/test99_3.mtx 3.3 0 -1 -1 
/home/antonkov/masterWork/tests/samePrefixMarkedMtx2304/depth2/node3/test99_3.mtx 3.4 0 -1 -1 
/home/antonkov/masterWork/tests/samePrefixMarkedMtx2304/depth2/node3/test99_3.mtx 3.5 0 -1 -1 
/home/antonkov/masterWork/tests/samePrefixMarkedMtx2304/depth2/node3/test99_4.mtx 1 487.438 0.0901476 0.97 
/home/antonkov/masterWork/tests/samePrefixMarkedMtx2304/depth2/node3/test99_4.mtx 1.1 471.699 0.0788976 0.89 
/home/antonkov/masterWork/tests/samePrefixMarkedMtx2304/depth2/node3/test99_4.mtx 1.2 463.159 0.0649392 0.76 
/home/antonkov/masterWork/tests/samePrefixMarkedMtx2304/depth2/node3/test99_4.mtx 1.3 437.108 0.0524392 0.65 
/home/antonkov/masterWork/tests/samePrefixMarkedMtx2304/depth2/node3/test99_4.mtx 1.4 428.177 0.0376649 0.53 
/home/antonkov/masterWork/tests/samePrefixMarkedMtx2304/depth2/node3/test99_4.mtx 1.5 514.022 0.0211502 0.295 
/home/antonkov/masterWork/tests/samePrefixMarkedMtx2304/depth2/node3/test99_4.mtx 1.6 682.601 0.0106489 0.15 
/home/antonkov/masterWork/tests/samePrefixMarkedMtx2304/depth2/node3/test99_4.mtx 1.7 842.311 0.00539559 0.0842857 
/home/antonkov/masterWork/tests/samePrefixMarkedMtx2304/depth2/node3/test99_4.mtx 1.8 1220.67 0.002265 0.0357143 
/home/antonkov/masterWork/tests/samePrefixMarkedMtx2304/depth2/node3/test99_4.mtx 1.9 2000.64 0.00115406 0.0172414 
/home/antonkov/masterWork/tests/samePrefixMarkedMtx2304/depth2/node3/test99_4.mtx 2 5211.58 0.000319778 0.00505051 
/home/antonkov/masterWork/tests/samePrefixMarkedMtx2304/depth2/node3/test99_4.mtx 2.1 0 -1 -1 
/home/antonkov/masterWork/tests/samePrefixMarkedMtx2304/depth2/node3/test99_4.mtx 2.2 0 -1 -1 
/home/antonkov/masterWork/tests/samePrefixMarkedMtx2304/depth2/node3/test99_4.mtx 2.3 0 -1 -1 
/home/antonkov/masterWork/tests/samePrefixMarkedMtx2304/depth2/node3/test99_4.mtx 2.4 0 -1 -1 
/home/antonkov/masterWork/tests/samePrefixMarkedMtx2304/depth2/node3/test99_4.mtx 2.5 0 -1 -1 
/home/antonkov/masterWork/tests/samePrefixMarkedMtx2304/depth2/node3/test99_4.mtx 2.6 0 -1 -1 
/home/antonkov/masterWork/tests/samePrefixMarkedMtx2304/depth2/node3/test99_4.mtx 2.7 0 -1 -1 
/home/antonkov/masterWork/tests/samePrefixMarkedMtx2304/depth2/node3/test99_4.mtx 2.8 0 -1 -1 
/home/antonkov/masterWork/tests/samePrefixMarkedMtx2304/depth2/node3/test99_4.mtx 2.9 0 -1 -1 
/home/antonkov/masterWork/tests/samePrefixMarkedMtx2304/depth2/node3/test99_4.mtx 3 0 -1 -1 
/home/antonkov/masterWork/tests/samePrefixMarkedMtx2304/depth2/node3/test99_4.mtx 3.1 0 -1 -1 
/home/antonkov/masterWork/tests/samePrefixMarkedMtx2304/depth2/node3/test99_4.mtx 3.2 0 -1 -1 
/home/antonkov/masterWork/tests/samePrefixMarkedMtx2304/depth2/node3/test99_4.mtx 3.3 0 -1 -1 
/home/antonkov/masterWork/tests/samePrefixMarkedMtx2304/depth2/node3/test99_4.mtx 3.4 0 -1 -1 
/home/antonkov/masterWork/tests/samePrefixMarkedMtx2304/depth2/node3/test99_4.mtx 3.5 0 -1 -1 
