Results
Filename SNR Time(ms) BER FER
/home/antonkov/masterWork/tests/samePrefixMarkedMtx/depth2/node3/test0_0.mtx 1 131.224 0.0833594 0.83 
/home/antonkov/masterWork/tests/samePrefixMarkedMtx/depth2/node3/test0_0.mtx 1.1 118.653 0.0763889 0.79 
/home/antonkov/masterWork/tests/samePrefixMarkedMtx/depth2/node3/test0_0.mtx 1.2 108.093 0.0653038 0.71 
/home/antonkov/masterWork/tests/samePrefixMarkedMtx/depth2/node3/test0_0.mtx 1.3 98.1445 0.0533247 0.59 
/home/antonkov/masterWork/tests/samePrefixMarkedMtx/depth2/node3/test0_0.mtx 1.4 123.935 0.043831 0.49 
/home/antonkov/masterWork/tests/samePrefixMarkedMtx/depth2/node3/test0_0.mtx 1.5 115.741 0.0353877 0.406667 
/home/antonkov/masterWork/tests/samePrefixMarkedMtx/depth2/node3/test0_0.mtx 1.6 107.389 0.0292766 0.34 
/home/antonkov/masterWork/tests/samePrefixMarkedMtx/depth2/node3/test0_0.mtx 1.7 124.908 0.0230339 0.2825 
/home/antonkov/masterWork/tests/samePrefixMarkedMtx/depth2/node3/test0_0.mtx 1.8 156.947 0.017147 0.198333 
/home/antonkov/masterWork/tests/samePrefixMarkedMtx/depth2/node3/test0_0.mtx 1.9 153.757 0.0122247 0.148571 
/home/antonkov/masterWork/tests/samePrefixMarkedMtx/depth2/node3/test0_0.mtx 2 201.349 0.00895833 0.109 
/home/antonkov/masterWork/tests/samePrefixMarkedMtx/depth2/node3/test0_0.mtx 2.1 219.703 0.00655671 0.0841667 
/home/antonkov/masterWork/tests/samePrefixMarkedMtx/depth2/node3/test0_0.mtx 2.2 324.696 0.0036441 0.0515 
/home/antonkov/masterWork/tests/samePrefixMarkedMtx/depth2/node3/test0_0.mtx 2.3 471.836 0.00215788 0.0302941 
/home/antonkov/masterWork/tests/samePrefixMarkedMtx/depth2/node3/test0_0.mtx 2.4 725.519 0.00109543 0.016129 
/home/antonkov/masterWork/tests/samePrefixMarkedMtx/depth2/node3/test0_0.mtx 2.5 1146.77 0.000625159 0.00917431 
/home/antonkov/masterWork/tests/samePrefixMarkedMtx/depth2/node3/test0_0.mtx 2.6 1675.78 0.000362103 0.0056044 
/home/antonkov/masterWork/tests/samePrefixMarkedMtx/depth2/node3/test0_0.mtx 2.7 2453.65 0.000208103 0.00332226 
/home/antonkov/masterWork/tests/samePrefixMarkedMtx/depth2/node3/test0_0.mtx 2.8 3691.41 0.000120174 0.00194932 
/home/antonkov/masterWork/tests/samePrefixMarkedMtx/depth2/node3/test0_0.mtx 2.9 5879.26 6.68969e-05 0.00108696 
/home/antonkov/masterWork/tests/samePrefixMarkedMtx/depth2/node3/test0_0.mtx 3 9940.82 3.459e-05 0.000585823 
/home/antonkov/masterWork/tests/samePrefixMarkedMtx/depth2/node3/test0_0.mtx 3.1 0 -1 -1 
/home/antonkov/masterWork/tests/samePrefixMarkedMtx/depth2/node3/test0_0.mtx 3.2 0 -1 -1 
/home/antonkov/masterWork/tests/samePrefixMarkedMtx/depth2/node3/test0_0.mtx 3.3 0 -1 -1 
/home/antonkov/masterWork/tests/samePrefixMarkedMtx/depth2/node3/test0_0.mtx 3.4 0 -1 -1 
/home/antonkov/masterWork/tests/samePrefixMarkedMtx/depth2/node3/test0_0.mtx 3.5 0 -1 -1 
/home/antonkov/masterWork/tests/samePrefixMarkedMtx/depth2/node3/test0_1.mtx 1 112.718 0.0801389 0.81 
/home/antonkov/masterWork/tests/samePrefixMarkedMtx/depth2/node3/test0_1.mtx 1.1 107.236 0.0697396 0.72 
/home/antonkov/masterWork/tests/samePrefixMarkedMtx/depth2/node3/test0_1.mtx 1.2 98.4893 0.0615191 0.66 
/home/antonkov/masterWork/tests/samePrefixMarkedMtx/depth2/node3/test0_1.mtx 1.3 90.651 0.0520486 0.57 
/home/antonkov/masterWork/tests/samePrefixMarkedMtx/depth2/node3/test0_1.mtx 1.4 119.276 0.0417188 0.47 
/home/antonkov/masterWork/tests/samePrefixMarkedMtx/depth2/node3/test0_1.mtx 1.5 111.643 0.0328067 0.373333 
/home/antonkov/masterWork/tests/samePrefixMarkedMtx/depth2/node3/test0_1.mtx 1.6 129.618 0.0246701 0.29 
/home/antonkov/masterWork/tests/samePrefixMarkedMtx/depth2/node3/test0_1.mtx 1.7 140.765 0.018566 0.226 
/home/antonkov/masterWork/tests/samePrefixMarkedMtx/depth2/node3/test0_1.mtx 1.8 146.351 0.0135185 0.166667 
/home/antonkov/masterWork/tests/samePrefixMarkedMtx/depth2/node3/test0_1.mtx 1.9 177.036 0.0101714 0.13 
/home/antonkov/masterWork/tests/samePrefixMarkedMtx/depth2/node3/test0_1.mtx 2 214.784 0.00711648 0.0927273 
/home/antonkov/masterWork/tests/samePrefixMarkedMtx/depth2/node3/test0_1.mtx 2.1 245.173 0.00544271 0.0714286 
/home/antonkov/masterWork/tests/samePrefixMarkedMtx/depth2/node3/test0_1.mtx 2.2 321.559 0.00369184 0.0505 
/home/antonkov/masterWork/tests/samePrefixMarkedMtx/depth2/node3/test0_1.mtx 2.3 451.234 0.00229763 0.0315625 
/home/antonkov/masterWork/tests/samePrefixMarkedMtx/depth2/node3/test0_1.mtx 2.4 695.364 0.00134208 0.0183929 
/home/antonkov/masterWork/tests/samePrefixMarkedMtx/depth2/node3/test0_1.mtx 2.5 1048.05 0.000710732 0.0104124 
/home/antonkov/masterWork/tests/samePrefixMarkedMtx/depth2/node3/test0_1.mtx 2.6 1480.47 0.000425067 0.00645161 
/home/antonkov/masterWork/tests/samePrefixMarkedMtx/depth2/node3/test0_1.mtx 2.7 2318.65 0.0002224 0.00364964 
/home/antonkov/masterWork/tests/samePrefixMarkedMtx/depth2/node3/test0_1.mtx 2.8 3081.62 0.000153861 0.002457 
/home/antonkov/masterWork/tests/samePrefixMarkedMtx/depth2/node3/test0_1.mtx 2.9 6525.47 6.51042e-05 0.00100806 
/home/antonkov/masterWork/tests/samePrefixMarkedMtx/depth2/node3/test0_1.mtx 3 9174.82 3.92341e-05 0.000648088 
/home/antonkov/masterWork/tests/samePrefixMarkedMtx/depth2/node3/test0_1.mtx 3.1 0 -1 -1 
/home/antonkov/masterWork/tests/samePrefixMarkedMtx/depth2/node3/test0_1.mtx 3.2 0 -1 -1 
/home/antonkov/masterWork/tests/samePrefixMarkedMtx/depth2/node3/test0_1.mtx 3.3 0 -1 -1 
/home/antonkov/masterWork/tests/samePrefixMarkedMtx/depth2/node3/test0_1.mtx 3.4 0 -1 -1 
/home/antonkov/masterWork/tests/samePrefixMarkedMtx/depth2/node3/test0_1.mtx 3.5 0 -1 -1 
/home/antonkov/masterWork/tests/samePrefixMarkedMtx/depth2/node3/test0_2.mtx 1 112.893 0.0806684 0.82 
/home/antonkov/masterWork/tests/samePrefixMarkedMtx/depth2/node3/test0_2.mtx 1.1 107.319 0.0709722 0.75 
/home/antonkov/masterWork/tests/samePrefixMarkedMtx/depth2/node3/test0_2.mtx 1.2 99.4208 0.0590799 0.63 
/home/antonkov/masterWork/tests/samePrefixMarkedMtx/depth2/node3/test0_2.mtx 1.3 95.9924 0.0521094 0.575 
/home/antonkov/masterWork/tests/samePrefixMarkedMtx/depth2/node3/test0_2.mtx 1.4 122.53 0.0433565 0.49 
/home/antonkov/masterWork/tests/samePrefixMarkedMtx/depth2/node3/test0_2.mtx 1.5 114.282 0.0349363 0.4 
/home/antonkov/masterWork/tests/samePrefixMarkedMtx/depth2/node3/test0_2.mtx 1.6 133.255 0.0258811 0.31 
/home/antonkov/masterWork/tests/samePrefixMarkedMtx/depth2/node3/test0_2.mtx 1.7 142.882 0.0199687 0.238 
/home/antonkov/masterWork/tests/samePrefixMarkedMtx/depth2/node3/test0_2.mtx 1.8 148.474 0.0148727 0.175 
/home/antonkov/masterWork/tests/samePrefixMarkedMtx/depth2/node3/test0_2.mtx 1.9 175.766 0.010178 0.1275 
/home/antonkov/masterWork/tests/samePrefixMarkedMtx/depth2/node3/test0_2.mtx 2 206.48 0.00842014 0.107 
/home/antonkov/masterWork/tests/samePrefixMarkedMtx/depth2/node3/test0_2.mtx 2.1 279.255 0.0053852 0.066875 
/home/antonkov/masterWork/tests/samePrefixMarkedMtx/depth2/node3/test0_2.mtx 2.2 362.7 0.00314815 0.0420833 
/home/antonkov/masterWork/tests/samePrefixMarkedMtx/depth2/node3/test0_2.mtx 2.3 553.514 0.0018335 0.0243902 
/home/antonkov/masterWork/tests/samePrefixMarkedMtx/depth2/node3/test0_2.mtx 2.4 711.669 0.00124581 0.0172414 
/home/antonkov/masterWork/tests/samePrefixMarkedMtx/depth2/node3/test0_2.mtx 2.5 999.28 0.000804958 0.0108602 
/home/antonkov/masterWork/tests/samePrefixMarkedMtx/depth2/node3/test0_2.mtx 2.6 1466.34 0.000454207 0.00655844 
/home/antonkov/masterWork/tests/samePrefixMarkedMtx/depth2/node3/test0_2.mtx 2.7 2326.48 0.000251955 0.00364621 
/home/antonkov/masterWork/tests/samePrefixMarkedMtx/depth2/node3/test0_2.mtx 2.8 3345.64 0.00013885 0.00223214 
/home/antonkov/masterWork/tests/samePrefixMarkedMtx/depth2/node3/test0_2.mtx 2.9 4895.68 9.26552e-05 0.00135318 
/home/antonkov/masterWork/tests/samePrefixMarkedMtx/depth2/node3/test0_2.mtx 3 7830.43 4.82445e-05 0.000765111 
/home/antonkov/masterWork/tests/samePrefixMarkedMtx/depth2/node3/test0_2.mtx 3.1 0 -1 -1 
/home/antonkov/masterWork/tests/samePrefixMarkedMtx/depth2/node3/test0_2.mtx 3.2 0 -1 -1 
/home/antonkov/masterWork/tests/samePrefixMarkedMtx/depth2/node3/test0_2.mtx 3.3 0 -1 -1 
/home/antonkov/masterWork/tests/samePrefixMarkedMtx/depth2/node3/test0_2.mtx 3.4 0 -1 -1 
/home/antonkov/masterWork/tests/samePrefixMarkedMtx/depth2/node3/test0_2.mtx 3.5 0 -1 -1 
/home/antonkov/masterWork/tests/samePrefixMarkedMtx/depth2/node3/test0_3.mtx 1 110.202 0.0771875 0.76 
/home/antonkov/masterWork/tests/samePrefixMarkedMtx/depth2/node3/test0_3.mtx 1.1 105.482 0.0691233 0.71 
/home/antonkov/masterWork/tests/samePrefixMarkedMtx/depth2/node3/test0_3.mtx 1.2 94.4478 0.0580903 0.605 
/home/antonkov/masterWork/tests/samePrefixMarkedMtx/depth2/node3/test0_3.mtx 1.3 92.6765 0.0513281 0.55 
/home/antonkov/masterWork/tests/samePrefixMarkedMtx/depth2/node3/test0_3.mtx 1.4 120.557 0.0435301 0.476667 
/home/antonkov/masterWork/tests/samePrefixMarkedMtx/depth2/node3/test0_3.mtx 1.5 113.439 0.0347454 0.39 
/home/antonkov/masterWork/tests/samePrefixMarkedMtx/depth2/node3/test0_3.mtx 1.6 132.823 0.026901 0.3075 
/home/antonkov/masterWork/tests/samePrefixMarkedMtx/depth2/node3/test0_3.mtx 1.7 149.064 0.0213576 0.252 
/home/antonkov/masterWork/tests/samePrefixMarkedMtx/depth2/node3/test0_3.mtx 1.8 153.737 0.0163571 0.193333 
/home/antonkov/masterWork/tests/samePrefixMarkedMtx/depth2/node3/test0_3.mtx 1.9 176.541 0.0100673 0.1275 
/home/antonkov/masterWork/tests/samePrefixMarkedMtx/depth2/node3/test0_3.mtx 2 214.35 0.00726641 0.0927273 
/home/antonkov/masterWork/tests/samePrefixMarkedMtx/depth2/node3/test0_3.mtx 2.1 278.292 0.00463848 0.06 
/home/antonkov/masterWork/tests/samePrefixMarkedMtx/depth2/node3/test0_3.mtx 2.2 376.501 0.00325208 0.042 
/home/antonkov/masterWork/tests/samePrefixMarkedMtx/depth2/node3/test0_3.mtx 2.3 508.856 0.00213879 0.0277778 
/home/antonkov/masterWork/tests/samePrefixMarkedMtx/depth2/node3/test0_3.mtx 2.4 720.293 0.00118864 0.0172414 
/home/antonkov/masterWork/tests/samePrefixMarkedMtx/depth2/node3/test0_3.mtx 2.5 1147.45 0.000693298 0.00962264 
/home/antonkov/masterWork/tests/samePrefixMarkedMtx/depth2/node3/test0_3.mtx 2.6 1538.55 0.000407444 0.00625 
/home/antonkov/masterWork/tests/samePrefixMarkedMtx/depth2/node3/test0_3.mtx 2.7 2330.12 0.000249352 0.00352113 
/home/antonkov/masterWork/tests/samePrefixMarkedMtx/depth2/node3/test0_3.mtx 2.8 3500.33 0.000146212 0.00205761 
/home/antonkov/masterWork/tests/samePrefixMarkedMtx/depth2/node3/test0_3.mtx 2.9 6291.15 6.62879e-05 0.00102145 
/home/antonkov/masterWork/tests/samePrefixMarkedMtx/depth2/node3/test0_3.mtx 3 9100.55 4.23975e-05 0.000639795 
/home/antonkov/masterWork/tests/samePrefixMarkedMtx/depth2/node3/test0_3.mtx 3.1 0 -1 -1 
/home/antonkov/masterWork/tests/samePrefixMarkedMtx/depth2/node3/test0_3.mtx 3.2 0 -1 -1 
/home/antonkov/masterWork/tests/samePrefixMarkedMtx/depth2/node3/test0_3.mtx 3.3 0 -1 -1 
/home/antonkov/masterWork/tests/samePrefixMarkedMtx/depth2/node3/test0_3.mtx 3.4 0 -1 -1 
/home/antonkov/masterWork/tests/samePrefixMarkedMtx/depth2/node3/test0_3.mtx 3.5 0 -1 -1 
/home/antonkov/masterWork/tests/samePrefixMarkedMtx/depth2/node3/test0_4.mtx 1 111.424 0.0779253 0.77 
/home/antonkov/masterWork/tests/samePrefixMarkedMtx/depth2/node3/test0_4.mtx 1.1 104.25 0.0701562 0.72 
/home/antonkov/masterWork/tests/samePrefixMarkedMtx/depth2/node3/test0_4.mtx 1.2 97.3569 0.0625521 0.665 
/home/antonkov/masterWork/tests/samePrefixMarkedMtx/depth2/node3/test0_4.mtx 1.3 90.67 0.0484549 0.515 
/home/antonkov/masterWork/tests/samePrefixMarkedMtx/depth2/node3/test0_4.mtx 1.4 119.874 0.042066 0.473333 
/home/antonkov/masterWork/tests/samePrefixMarkedMtx/depth2/node3/test0_4.mtx 1.5 115.016 0.0344039 0.396667 
/home/antonkov/masterWork/tests/samePrefixMarkedMtx/depth2/node3/test0_4.mtx 1.6 128.893 0.0257378 0.3 
/home/antonkov/masterWork/tests/samePrefixMarkedMtx/depth2/node3/test0_4.mtx 1.7 140.996 0.0195382 0.234 
/home/antonkov/masterWork/tests/samePrefixMarkedMtx/depth2/node3/test0_4.mtx 1.8 151.284 0.0145313 0.176667 
/home/antonkov/masterWork/tests/samePrefixMarkedMtx/depth2/node3/test0_4.mtx 1.9 176.052 0.0102604 0.12875 
/home/antonkov/masterWork/tests/samePrefixMarkedMtx/depth2/node3/test0_4.mtx 2 214.636 0.00729798 0.0945455 
/home/antonkov/masterWork/tests/samePrefixMarkedMtx/depth2/node3/test0_4.mtx 2.1 264.336 0.00517477 0.0686667 
/home/antonkov/masterWork/tests/samePrefixMarkedMtx/depth2/node3/test0_4.mtx 2.2 360.475 0.00314887 0.0420833 
/home/antonkov/masterWork/tests/samePrefixMarkedMtx/depth2/node3/test0_4.mtx 2.3 510.387 0.00200873 0.0275676 
/home/antonkov/masterWork/tests/samePrefixMarkedMtx/depth2/node3/test0_4.mtx 2.4 754.746 0.00121142 0.0161905 
/home/antonkov/masterWork/tests/samePrefixMarkedMtx/depth2/node3/test0_4.mtx 2.5 1045.81 0.000752677 0.0104167 
/home/antonkov/masterWork/tests/samePrefixMarkedMtx/depth2/node3/test0_4.mtx 2.6 1730.58 0.00037449 0.00543478 
/home/antonkov/masterWork/tests/samePrefixMarkedMtx/depth2/node3/test0_4.mtx 2.7 2235.29 0.000236343 0.00375465 
/home/antonkov/masterWork/tests/samePrefixMarkedMtx/depth2/node3/test0_4.mtx 2.8 3741.43 0.000138245 0.00195312 
/home/antonkov/masterWork/tests/samePrefixMarkedMtx/depth2/node3/test0_4.mtx 2.9 6574.34 6.72935e-05 0.000983284 
/home/antonkov/masterWork/tests/samePrefixMarkedMtx/depth2/node3/test0_4.mtx 3 0 -1 -1 
/home/antonkov/masterWork/tests/samePrefixMarkedMtx/depth2/node3/test0_4.mtx 3.1 0 -1 -1 
/home/antonkov/masterWork/tests/samePrefixMarkedMtx/depth2/node3/test0_4.mtx 3.2 0 -1 -1 
/home/antonkov/masterWork/tests/samePrefixMarkedMtx/depth2/node3/test0_4.mtx 3.3 0 -1 -1 
/home/antonkov/masterWork/tests/samePrefixMarkedMtx/depth2/node3/test0_4.mtx 3.4 0 -1 -1 
/home/antonkov/masterWork/tests/samePrefixMarkedMtx/depth2/node3/test0_4.mtx 3.5 0 -1 -1 
/home/antonkov/masterWork/tests/samePrefixMarkedMtx/depth2/node3/test1_0.mtx 1 112.909 0.0810938 0.81 
/home/antonkov/masterWork/tests/samePrefixMarkedMtx/depth2/node3/test1_0.mtx 1.1 109.669 0.0729688 0.745 
/home/antonkov/masterWork/tests/samePrefixMarkedMtx/depth2/node3/test1_0.mtx 1.2 100.015 0.062474 0.655 
/home/antonkov/masterWork/tests/samePrefixMarkedMtx/depth2/node3/test1_0.mtx 1.3 97.8045 0.0536458 0.59 
/home/antonkov/masterWork/tests/samePrefixMarkedMtx/depth2/node3/test1_0.mtx 1.4 90.945 0.0450694 0.5 
/home/antonkov/masterWork/tests/samePrefixMarkedMtx/depth2/node3/test1_0.mtx 1.5 117.75 0.0351042 0.406667 
/home/antonkov/masterWork/tests/samePrefixMarkedMtx/depth2/node3/test1_0.mtx 1.6 135.793 0.0253602 0.3 
/home/antonkov/masterWork/tests/samePrefixMarkedMtx/depth2/node3/test1_0.mtx 1.7 139.003 0.0175972 0.224 
/home/antonkov/masterWork/tests/samePrefixMarkedMtx/depth2/node3/test1_0.mtx 1.8 174.494 0.0128497 0.164286 
/home/antonkov/masterWork/tests/samePrefixMarkedMtx/depth2/node3/test1_0.mtx 1.9 196.53 0.00989969 0.128889 
/home/antonkov/masterWork/tests/samePrefixMarkedMtx/depth2/node3/test1_0.mtx 2 238.409 0.00659433 0.085 
/home/antonkov/masterWork/tests/samePrefixMarkedMtx/depth2/node3/test1_0.mtx 2.1 301.05 0.00444444 0.0566667 
/home/antonkov/masterWork/tests/samePrefixMarkedMtx/depth2/node3/test1_0.mtx 2.2 413.954 0.00286265 0.0385185 
/home/antonkov/masterWork/tests/samePrefixMarkedMtx/depth2/node3/test1_0.mtx 2.3 514.354 0.00208568 0.0278378 
/home/antonkov/masterWork/tests/samePrefixMarkedMtx/depth2/node3/test1_0.mtx 2.4 777.875 0.00117159 0.016129 
/home/antonkov/masterWork/tests/samePrefixMarkedMtx/depth2/node3/test1_0.mtx 2.5 959.167 0.000895957 0.0119048 
/home/antonkov/masterWork/tests/samePrefixMarkedMtx/depth2/node3/test1_0.mtx 2.6 1349.58 0.00050823 0.00740741 
/home/antonkov/masterWork/tests/samePrefixMarkedMtx/depth2/node3/test1_0.mtx 2.7 2009.82 0.000289577 0.004329 
/home/antonkov/masterWork/tests/samePrefixMarkedMtx/depth2/node3/test1_0.mtx 2.8 2821.12 0.000182436 0.00276243 
/home/antonkov/masterWork/tests/samePrefixMarkedMtx/depth2/node3/test1_0.mtx 2.9 4299.81 9.83327e-05 0.00162338 
/home/antonkov/masterWork/tests/samePrefixMarkedMtx/depth2/node3/test1_0.mtx 3 8289.66 4.01347e-05 0.000744048 
/home/antonkov/masterWork/tests/samePrefixMarkedMtx/depth2/node3/test1_0.mtx 3.1 0 -1 -1 
/home/antonkov/masterWork/tests/samePrefixMarkedMtx/depth2/node3/test1_0.mtx 3.2 0 -1 -1 
/home/antonkov/masterWork/tests/samePrefixMarkedMtx/depth2/node3/test1_0.mtx 3.3 0 -1 -1 
/home/antonkov/masterWork/tests/samePrefixMarkedMtx/depth2/node3/test1_0.mtx 3.4 0 -1 -1 
/home/antonkov/masterWork/tests/samePrefixMarkedMtx/depth2/node3/test1_0.mtx 3.5 0 -1 -1 
/home/antonkov/masterWork/tests/samePrefixMarkedMtx/depth2/node3/test1_1.mtx 1 115.315 0.0850347 0.82 
/home/antonkov/masterWork/tests/samePrefixMarkedMtx/depth2/node3/test1_1.mtx 1.1 113.621 0.075816 0.76 
/home/antonkov/masterWork/tests/samePrefixMarkedMtx/depth2/node3/test1_1.mtx 1.2 104.742 0.066059 0.66 
/home/antonkov/masterWork/tests/samePrefixMarkedMtx/depth2/node3/test1_1.mtx 1.3 95.1115 0.0577344 0.59 
/home/antonkov/masterWork/tests/samePrefixMarkedMtx/depth2/node3/test1_1.mtx 1.4 92.8874 0.0499913 0.525 
/home/antonkov/masterWork/tests/samePrefixMarkedMtx/depth2/node3/test1_1.mtx 1.5 117.125 0.0402546 0.443333 
/home/antonkov/masterWork/tests/samePrefixMarkedMtx/depth2/node3/test1_1.mtx 1.6 112.553 0.0315046 0.356667 
/home/antonkov/masterWork/tests/samePrefixMarkedMtx/depth2/node3/test1_1.mtx 1.7 126.536 0.0228819 0.2775 
/home/antonkov/masterWork/tests/samePrefixMarkedMtx/depth2/node3/test1_1.mtx 1.8 154.278 0.01557 0.186667 
/home/antonkov/masterWork/tests/samePrefixMarkedMtx/depth2/node3/test1_1.mtx 1.9 191.831 0.0102411 0.127778 
/home/antonkov/masterWork/tests/samePrefixMarkedMtx/depth2/node3/test1_1.mtx 2 218.995 0.0075 0.0918182 
/home/antonkov/masterWork/tests/samePrefixMarkedMtx/depth2/node3/test1_1.mtx 2.1 282.985 0.00493815 0.06375 
/home/antonkov/masterWork/tests/samePrefixMarkedMtx/depth2/node3/test1_1.mtx 2.2 357.138 0.00331019 0.04375 
/home/antonkov/masterWork/tests/samePrefixMarkedMtx/depth2/node3/test1_1.mtx 2.3 507.551 0.00207489 0.0281081 
/home/antonkov/masterWork/tests/samePrefixMarkedMtx/depth2/node3/test1_1.mtx 2.4 757.487 0.00121892 0.0162903 
/home/antonkov/masterWork/tests/samePrefixMarkedMtx/depth2/node3/test1_1.mtx 2.5 1005.57 0.00080787 0.0111111 
/home/antonkov/masterWork/tests/samePrefixMarkedMtx/depth2/node3/test1_1.mtx 2.6 1388.33 0.000468388 0.00694444 
/home/antonkov/masterWork/tests/samePrefixMarkedMtx/depth2/node3/test1_1.mtx 2.7 2152.61 0.000255534 0.00390625 
/home/antonkov/masterWork/tests/samePrefixMarkedMtx/depth2/node3/test1_1.mtx 2.8 3339.76 0.000142949 0.00222717 
/home/antonkov/masterWork/tests/samePrefixMarkedMtx/depth2/node3/test1_1.mtx 2.9 5911.94 6.65895e-05 0.00111111 
/home/antonkov/masterWork/tests/samePrefixMarkedMtx/depth2/node3/test1_1.mtx 3 9700.79 3.75221e-05 0.000610874 
/home/antonkov/masterWork/tests/samePrefixMarkedMtx/depth2/node3/test1_1.mtx 3.1 0 -1 -1 
/home/antonkov/masterWork/tests/samePrefixMarkedMtx/depth2/node3/test1_1.mtx 3.2 0 -1 -1 
/home/antonkov/masterWork/tests/samePrefixMarkedMtx/depth2/node3/test1_1.mtx 3.3 0 -1 -1 
/home/antonkov/masterWork/tests/samePrefixMarkedMtx/depth2/node3/test1_1.mtx 3.4 0 -1 -1 
/home/antonkov/masterWork/tests/samePrefixMarkedMtx/depth2/node3/test1_1.mtx 3.5 0 -1 -1 
/home/antonkov/masterWork/tests/samePrefixMarkedMtx/depth2/node3/test1_2.mtx 1 114.12 0.0807986 0.805 
/home/antonkov/masterWork/tests/samePrefixMarkedMtx/depth2/node3/test1_2.mtx 1.1 113.538 0.0716493 0.74 
/home/antonkov/masterWork/tests/samePrefixMarkedMtx/depth2/node3/test1_2.mtx 1.2 105.542 0.0625955 0.665 
/home/antonkov/masterWork/tests/samePrefixMarkedMtx/depth2/node3/test1_2.mtx 1.3 99.7717 0.0532986 0.575 
/home/antonkov/masterWork/tests/samePrefixMarkedMtx/depth2/node3/test1_2.mtx 1.4 125.933 0.0437384 0.493333 
/home/antonkov/masterWork/tests/samePrefixMarkedMtx/depth2/node3/test1_2.mtx 1.5 115.088 0.034566 0.4 
/home/antonkov/masterWork/tests/samePrefixMarkedMtx/depth2/node3/test1_2.mtx 1.6 136.589 0.0261111 0.31 
/home/antonkov/masterWork/tests/samePrefixMarkedMtx/depth2/node3/test1_2.mtx 1.7 142.129 0.0185104 0.228 
/home/antonkov/masterWork/tests/samePrefixMarkedMtx/depth2/node3/test1_2.mtx 1.8 171.278 0.0131523 0.164286 
/home/antonkov/masterWork/tests/samePrefixMarkedMtx/depth2/node3/test1_2.mtx 1.9 200.139 0.0100289 0.124444 
/home/antonkov/masterWork/tests/samePrefixMarkedMtx/depth2/node3/test1_2.mtx 2 233.059 0.00635851 0.0833333 
/home/antonkov/masterWork/tests/samePrefixMarkedMtx/depth2/node3/test1_2.mtx 2.1 287.339 0.00444036 0.0588235 
/home/antonkov/masterWork/tests/samePrefixMarkedMtx/depth2/node3/test1_2.mtx 2.2 427.568 0.00260975 0.0371429 
/home/antonkov/masterWork/tests/samePrefixMarkedMtx/depth2/node3/test1_2.mtx 2.3 507.898 0.00200424 0.0277778 
/home/antonkov/masterWork/tests/samePrefixMarkedMtx/depth2/node3/test1_2.mtx 2.4 737.945 0.00116731 0.0171186 
/home/antonkov/masterWork/tests/samePrefixMarkedMtx/depth2/node3/test1_2.mtx 2.5 1155.66 0.000587985 0.0095283 
/home/antonkov/masterWork/tests/samePrefixMarkedMtx/depth2/node3/test1_2.mtx 2.6 1445.93 0.000406297 0.00671141 
/home/antonkov/masterWork/tests/samePrefixMarkedMtx/depth2/node3/test1_2.mtx 2.7 2102.16 0.00021479 0.00417355 
/home/antonkov/masterWork/tests/samePrefixMarkedMtx/depth2/node3/test1_2.mtx 2.8 2845.03 0.000138607 0.00271003 
/home/antonkov/masterWork/tests/samePrefixMarkedMtx/depth2/node3/test1_2.mtx 2.9 4357.34 7.45393e-05 0.0015949 
/home/antonkov/masterWork/tests/samePrefixMarkedMtx/depth2/node3/test1_2.mtx 3 6233.55 3.40572e-05 0.00100806 
/home/antonkov/masterWork/tests/samePrefixMarkedMtx/depth2/node3/test1_2.mtx 3.1 8437.02 1.87392e-05 0.000678426 
/home/antonkov/masterWork/tests/samePrefixMarkedMtx/depth2/node3/test1_2.mtx 3.2 0 -1 -1 
/home/antonkov/masterWork/tests/samePrefixMarkedMtx/depth2/node3/test1_2.mtx 3.3 0 -1 -1 
/home/antonkov/masterWork/tests/samePrefixMarkedMtx/depth2/node3/test1_2.mtx 3.4 0 -1 -1 
/home/antonkov/masterWork/tests/samePrefixMarkedMtx/depth2/node3/test1_2.mtx 3.5 0 -1 -1 
/home/antonkov/masterWork/tests/samePrefixMarkedMtx/depth2/node3/test1_3.mtx 1 115.318 0.0818663 0.82 
/home/antonkov/masterWork/tests/samePrefixMarkedMtx/depth2/node3/test1_3.mtx 1.1 115.605 0.0736458 0.755 
/home/antonkov/masterWork/tests/samePrefixMarkedMtx/depth2/node3/test1_3.mtx 1.2 103.875 0.0650868 0.695 
/home/antonkov/masterWork/tests/samePrefixMarkedMtx/depth2/node3/test1_3.mtx 1.3 100.139 0.0547309 0.59 
/home/antonkov/masterWork/tests/samePrefixMarkedMtx/depth2/node3/test1_3.mtx 1.4 124.522 0.0420428 0.46 
/home/antonkov/masterWork/tests/samePrefixMarkedMtx/depth2/node3/test1_3.mtx 1.5 114.754 0.0336053 0.366667 
/home/antonkov/masterWork/tests/samePrefixMarkedMtx/depth2/node3/test1_3.mtx 1.6 135.81 0.0278342 0.325 
/home/antonkov/masterWork/tests/samePrefixMarkedMtx/depth2/node3/test1_3.mtx 1.7 123.416 0.0214974 0.2525 
/home/antonkov/masterWork/tests/samePrefixMarkedMtx/depth2/node3/test1_3.mtx 1.8 152.841 0.0152257 0.185 
/home/antonkov/masterWork/tests/samePrefixMarkedMtx/depth2/node3/test1_3.mtx 1.9 179.466 0.01074 0.13125 
/home/antonkov/masterWork/tests/samePrefixMarkedMtx/depth2/node3/test1_3.mtx 2 233.718 0.00705585 0.0875 
/home/antonkov/masterWork/tests/samePrefixMarkedMtx/depth2/node3/test1_3.mtx 2.1 349.026 0.00399223 0.05 
/home/antonkov/masterWork/tests/samePrefixMarkedMtx/depth2/node3/test1_3.mtx 2.2 442.845 0.00271991 0.0346667 
/home/antonkov/masterWork/tests/samePrefixMarkedMtx/depth2/node3/test1_3.mtx 2.3 574.749 0.00171214 0.0242857 
/home/antonkov/masterWork/tests/samePrefixMarkedMtx/depth2/node3/test1_3.mtx 2.4 824.391 0.00111059 0.0149254 
/home/antonkov/masterWork/tests/samePrefixMarkedMtx/depth2/node3/test1_3.mtx 2.5 1198.63 0.000635034 0.00917431 
/home/antonkov/masterWork/tests/samePrefixMarkedMtx/depth2/node3/test1_3.mtx 2.6 1746.65 0.000377604 0.00543478 
/home/antonkov/masterWork/tests/samePrefixMarkedMtx/depth2/node3/test1_3.mtx 2.7 2486 0.000220592 0.00337838 
/home/antonkov/masterWork/tests/samePrefixMarkedMtx/depth2/node3/test1_3.mtx 2.8 3792.32 0.00012728 0.00198413 
/home/antonkov/masterWork/tests/samePrefixMarkedMtx/depth2/node3/test1_3.mtx 2.9 6277.81 6.6959e-05 0.00106045 
/home/antonkov/masterWork/tests/samePrefixMarkedMtx/depth2/node3/test1_3.mtx 3 9397.21 3.48559e-05 0.000641849 
/home/antonkov/masterWork/tests/samePrefixMarkedMtx/depth2/node3/test1_3.mtx 3.1 0 -1 -1 
/home/antonkov/masterWork/tests/samePrefixMarkedMtx/depth2/node3/test1_3.mtx 3.2 0 -1 -1 
/home/antonkov/masterWork/tests/samePrefixMarkedMtx/depth2/node3/test1_3.mtx 3.3 0 -1 -1 
/home/antonkov/masterWork/tests/samePrefixMarkedMtx/depth2/node3/test1_3.mtx 3.4 0 -1 -1 
/home/antonkov/masterWork/tests/samePrefixMarkedMtx/depth2/node3/test1_3.mtx 3.5 0 -1 -1 
/home/antonkov/masterWork/tests/samePrefixMarkedMtx/depth2/node3/test1_4.mtx 1 114.674 0.0811458 0.81 
/home/antonkov/masterWork/tests/samePrefixMarkedMtx/depth2/node3/test1_4.mtx 1.1 114.199 0.0724566 0.74 
/home/antonkov/masterWork/tests/samePrefixMarkedMtx/depth2/node3/test1_4.mtx 1.2 101.536 0.0621267 0.655 
/home/antonkov/masterWork/tests/samePrefixMarkedMtx/depth2/node3/test1_4.mtx 1.3 97.7845 0.0550347 0.61 
/home/antonkov/masterWork/tests/samePrefixMarkedMtx/depth2/node3/test1_4.mtx 1.4 92.8581 0.0460243 0.525 
/home/antonkov/masterWork/tests/samePrefixMarkedMtx/depth2/node3/test1_4.mtx 1.5 121.552 0.0361343 0.413333 
/home/antonkov/masterWork/tests/samePrefixMarkedMtx/depth2/node3/test1_4.mtx 1.6 133.814 0.0266927 0.3075 
/home/antonkov/masterWork/tests/samePrefixMarkedMtx/depth2/node3/test1_4.mtx 1.7 120.239 0.0215148 0.25 
/home/antonkov/masterWork/tests/samePrefixMarkedMtx/depth2/node3/test1_4.mtx 1.8 131.681 0.0161736 0.204 
/home/antonkov/masterWork/tests/samePrefixMarkedMtx/depth2/node3/test1_4.mtx 1.9 148.057 0.0127546 0.166667 
/home/antonkov/masterWork/tests/samePrefixMarkedMtx/depth2/node3/test1_4.mtx 2 188.562 0.00890432 0.115556 
/home/antonkov/masterWork/tests/samePrefixMarkedMtx/depth2/node3/test1_4.mtx 2.1 226.002 0.00633825 0.0841667 
/home/antonkov/masterWork/tests/samePrefixMarkedMtx/depth2/node3/test1_4.mtx 2.2 328.966 0.00403299 0.0515 
/home/antonkov/masterWork/tests/samePrefixMarkedMtx/depth2/node3/test1_4.mtx 2.3 471.005 0.00232096 0.031875 
/home/antonkov/masterWork/tests/samePrefixMarkedMtx/depth2/node3/test1_4.mtx 2.4 628.843 0.00137569 0.02 
/home/antonkov/masterWork/tests/samePrefixMarkedMtx/depth2/node3/test1_4.mtx 2.5 911.892 0.000860768 0.0123457 
/home/antonkov/masterWork/tests/samePrefixMarkedMtx/depth2/node3/test1_4.mtx 2.6 1510.64 0.000429354 0.00641026 
/home/antonkov/masterWork/tests/samePrefixMarkedMtx/depth2/node3/test1_4.mtx 2.7 2087.81 0.000270419 0.00415638 
/home/antonkov/masterWork/tests/samePrefixMarkedMtx/depth2/node3/test1_4.mtx 2.8 3590.92 0.000138638 0.00206612 
/home/antonkov/masterWork/tests/samePrefixMarkedMtx/depth2/node3/test1_4.mtx 2.9 5529.91 7.01539e-05 0.00120192 
/home/antonkov/masterWork/tests/samePrefixMarkedMtx/depth2/node3/test1_4.mtx 3 9920.16 3.60948e-05 0.0006035 
/home/antonkov/masterWork/tests/samePrefixMarkedMtx/depth2/node3/test1_4.mtx 3.1 0 -1 -1 
/home/antonkov/masterWork/tests/samePrefixMarkedMtx/depth2/node3/test1_4.mtx 3.2 0 -1 -1 
/home/antonkov/masterWork/tests/samePrefixMarkedMtx/depth2/node3/test1_4.mtx 3.3 0 -1 -1 
/home/antonkov/masterWork/tests/samePrefixMarkedMtx/depth2/node3/test1_4.mtx 3.4 0 -1 -1 
/home/antonkov/masterWork/tests/samePrefixMarkedMtx/depth2/node3/test1_4.mtx 3.5 0 -1 -1 
/home/antonkov/masterWork/tests/samePrefixMarkedMtx/depth2/node3/test2_0.mtx 1 117.943 0.0788455 0.81 
/home/antonkov/masterWork/tests/samePrefixMarkedMtx/depth2/node3/test2_0.mtx 1.1 112.473 0.0721181 0.755 
/home/antonkov/masterWork/tests/samePrefixMarkedMtx/depth2/node3/test2_0.mtx 1.2 105.386 0.062066 0.685 
/home/antonkov/masterWork/tests/samePrefixMarkedMtx/depth2/node3/test2_0.mtx 1.3 98.7763 0.0558594 0.625 
/home/antonkov/masterWork/tests/samePrefixMarkedMtx/depth2/node3/test2_0.mtx 1.4 92.9509 0.0473958 0.535 
/home/antonkov/masterWork/tests/samePrefixMarkedMtx/depth2/node3/test2_0.mtx 1.5 117.441 0.0358333 0.413333 
/home/antonkov/masterWork/tests/samePrefixMarkedMtx/depth2/node3/test2_0.mtx 1.6 132.808 0.0258767 0.3025 
/home/antonkov/masterWork/tests/samePrefixMarkedMtx/depth2/node3/test2_0.mtx 1.7 145.76 0.019934 0.24 
/home/antonkov/masterWork/tests/samePrefixMarkedMtx/depth2/node3/test2_0.mtx 1.8 156.954 0.0155064 0.191667 
/home/antonkov/masterWork/tests/samePrefixMarkedMtx/depth2/node3/test2_0.mtx 1.9 181.432 0.0108724 0.1375 
/home/antonkov/masterWork/tests/samePrefixMarkedMtx/depth2/node3/test2_0.mtx 2 205.967 0.00830729 0.102 
/home/antonkov/masterWork/tests/samePrefixMarkedMtx/depth2/node3/test2_0.mtx 2.1 268.966 0.00543056 0.0686667 
/home/antonkov/masterWork/tests/samePrefixMarkedMtx/depth2/node3/test2_0.mtx 2.2 376.222 0.0032241 0.0429167 
/home/antonkov/masterWork/tests/samePrefixMarkedMtx/depth2/node3/test2_0.mtx 2.3 504.405 0.0022119 0.0289189 
/home/antonkov/masterWork/tests/samePrefixMarkedMtx/depth2/node3/test2_0.mtx 2.4 652.696 0.0013989 0.0192308 
/home/antonkov/masterWork/tests/samePrefixMarkedMtx/depth2/node3/test2_0.mtx 2.5 878.554 0.000841791 0.0129487 
/home/antonkov/masterWork/tests/samePrefixMarkedMtx/depth2/node3/test2_0.mtx 2.6 1520.8 0.000436031 0.00641026 
/home/antonkov/masterWork/tests/samePrefixMarkedMtx/depth2/node3/test2_0.mtx 2.7 2130.68 0.000252847 0.004 
/home/antonkov/masterWork/tests/samePrefixMarkedMtx/depth2/node3/test2_0.mtx 2.8 3019.69 0.000156382 0.00253807 
/home/antonkov/masterWork/tests/samePrefixMarkedMtx/depth2/node3/test2_0.mtx 2.9 5353.34 7.31851e-05 0.00126743 
/home/antonkov/masterWork/tests/samePrefixMarkedMtx/depth2/node3/test2_0.mtx 3 9170.23 3.13583e-05 0.00066357 
/home/antonkov/masterWork/tests/samePrefixMarkedMtx/depth2/node3/test2_0.mtx 3.1 0 -1 -1 
/home/antonkov/masterWork/tests/samePrefixMarkedMtx/depth2/node3/test2_0.mtx 3.2 0 -1 -1 
/home/antonkov/masterWork/tests/samePrefixMarkedMtx/depth2/node3/test2_0.mtx 3.3 0 -1 -1 
/home/antonkov/masterWork/tests/samePrefixMarkedMtx/depth2/node3/test2_0.mtx 3.4 0 -1 -1 
/home/antonkov/masterWork/tests/samePrefixMarkedMtx/depth2/node3/test2_0.mtx 3.5 0 -1 -1 
/home/antonkov/masterWork/tests/samePrefixMarkedMtx/depth2/node3/test2_1.mtx 1 112.634 0.0745226 0.76 
/home/antonkov/masterWork/tests/samePrefixMarkedMtx/depth2/node3/test2_1.mtx 1.1 107.178 0.0666319 0.7 
/home/antonkov/masterWork/tests/samePrefixMarkedMtx/depth2/node3/test2_1.mtx 1.2 99.5095 0.0574653 0.61 
/home/antonkov/masterWork/tests/samePrefixMarkedMtx/depth2/node3/test2_1.mtx 1.3 92.8647 0.0498698 0.53 
/home/antonkov/masterWork/tests/samePrefixMarkedMtx/depth2/node3/test2_1.mtx 1.4 125.237 0.0415509 0.47 
/home/antonkov/masterWork/tests/samePrefixMarkedMtx/depth2/node3/test2_1.mtx 1.5 113.296 0.0342708 0.393333 
/home/antonkov/masterWork/tests/samePrefixMarkedMtx/depth2/node3/test2_1.mtx 1.6 135.223 0.0253038 0.3025 
/home/antonkov/masterWork/tests/samePrefixMarkedMtx/depth2/node3/test2_1.mtx 1.7 148.545 0.019625 0.236 
/home/antonkov/masterWork/tests/samePrefixMarkedMtx/depth2/node3/test2_1.mtx 1.8 157.308 0.0156105 0.191667 
/home/antonkov/masterWork/tests/samePrefixMarkedMtx/depth2/node3/test2_1.mtx 1.9 178.409 0.010753 0.1375 
/home/antonkov/masterWork/tests/samePrefixMarkedMtx/depth2/node3/test2_1.mtx 2 201.478 0.00814236 0.102 
/home/antonkov/masterWork/tests/samePrefixMarkedMtx/depth2/node3/test2_1.mtx 2.1 257.855 0.00609127 0.0771429 
/home/antonkov/masterWork/tests/samePrefixMarkedMtx/depth2/node3/test2_1.mtx 2.2 349.891 0.00333254 0.0454545 
/home/antonkov/masterWork/tests/samePrefixMarkedMtx/depth2/node3/test2_1.mtx 2.3 497.251 0.00207192 0.0288571 
/home/antonkov/masterWork/tests/samePrefixMarkedMtx/depth2/node3/test2_1.mtx 2.4 654.382 0.0014146 0.0198077 
/home/antonkov/masterWork/tests/samePrefixMarkedMtx/depth2/node3/test2_1.mtx 2.5 931.734 0.000865912 0.0124691 
/home/antonkov/masterWork/tests/samePrefixMarkedMtx/depth2/node3/test2_1.mtx 2.6 1316.52 0.000514307 0.00759399 
/home/antonkov/masterWork/tests/samePrefixMarkedMtx/depth2/node3/test2_1.mtx 2.7 2024.35 0.000285716 0.0042735 
/home/antonkov/masterWork/tests/samePrefixMarkedMtx/depth2/node3/test2_1.mtx 2.8 3129.74 0.000151131 0.002457 
/home/antonkov/masterWork/tests/samePrefixMarkedMtx/depth2/node3/test2_1.mtx 2.9 4785.5 9.0585e-05 0.00140449 
/home/antonkov/masterWork/tests/samePrefixMarkedMtx/depth2/node3/test2_1.mtx 3 8623.73 4.35542e-05 0.000697837 
/home/antonkov/masterWork/tests/samePrefixMarkedMtx/depth2/node3/test2_1.mtx 3.1 0 -1 -1 
/home/antonkov/masterWork/tests/samePrefixMarkedMtx/depth2/node3/test2_1.mtx 3.2 0 -1 -1 
/home/antonkov/masterWork/tests/samePrefixMarkedMtx/depth2/node3/test2_1.mtx 3.3 0 -1 -1 
/home/antonkov/masterWork/tests/samePrefixMarkedMtx/depth2/node3/test2_1.mtx 3.4 0 -1 -1 
/home/antonkov/masterWork/tests/samePrefixMarkedMtx/depth2/node3/test2_1.mtx 3.5 0 -1 -1 
/home/antonkov/masterWork/tests/samePrefixMarkedMtx/depth2/node3/test2_2.mtx 1 113.962 0.0825087 0.84 
/home/antonkov/masterWork/tests/samePrefixMarkedMtx/depth2/node3/test2_2.mtx 1.1 114.571 0.0716667 0.78 
/home/antonkov/masterWork/tests/samePrefixMarkedMtx/depth2/node3/test2_2.mtx 1.2 103.952 0.0636285 0.7 
/home/antonkov/masterWork/tests/samePrefixMarkedMtx/depth2/node3/test2_2.mtx 1.3 95.624 0.0539931 0.615 
/home/antonkov/masterWork/tests/samePrefixMarkedMtx/depth2/node3/test2_2.mtx 1.4 92.0345 0.0434896 0.515 
/home/antonkov/masterWork/tests/samePrefixMarkedMtx/depth2/node3/test2_2.mtx 1.5 117.252 0.0350694 0.42 
/home/antonkov/masterWork/tests/samePrefixMarkedMtx/depth2/node3/test2_2.mtx 1.6 109.102 0.0306019 0.376667 
/home/antonkov/masterWork/tests/samePrefixMarkedMtx/depth2/node3/test2_2.mtx 1.7 125.794 0.0219227 0.285 
/home/antonkov/masterWork/tests/samePrefixMarkedMtx/depth2/node3/test2_2.mtx 1.8 143.342 0.0161528 0.236 
/home/antonkov/masterWork/tests/samePrefixMarkedMtx/depth2/node3/test2_2.mtx 1.9 161.405 0.0127257 0.2 
/home/antonkov/masterWork/tests/samePrefixMarkedMtx/depth2/node3/test2_2.mtx 2 175.402 0.00763672 0.125 
/home/antonkov/masterWork/tests/samePrefixMarkedMtx/depth2/node3/test2_2.mtx 2.1 212.753 0.0053346 0.0927273 
/home/antonkov/masterWork/tests/samePrefixMarkedMtx/depth2/node3/test2_2.mtx 2.2 252.856 0.00392609 0.0721429 
/home/antonkov/masterWork/tests/samePrefixMarkedMtx/depth2/node3/test2_2.mtx 2.3 270.311 0.00315213 0.064375 
/home/antonkov/masterWork/tests/samePrefixMarkedMtx/depth2/node3/test2_2.mtx 2.4 353.484 0.00167497 0.0465217 
/home/antonkov/masterWork/tests/samePrefixMarkedMtx/depth2/node3/test2_2.mtx 2.5 408.725 0.000990781 0.0348276 
/home/antonkov/masterWork/tests/samePrefixMarkedMtx/depth2/node3/test2_2.mtx 2.6 465.979 0.000531156 0.027027 
/home/antonkov/masterWork/tests/samePrefixMarkedMtx/depth2/node3/test2_2.mtx 2.7 499.188 0.000296409 0.0246341 
/home/antonkov/masterWork/tests/samePrefixMarkedMtx/depth2/node3/test2_2.mtx 2.8 574.024 0.000200504 0.0198039 
/home/antonkov/masterWork/tests/samePrefixMarkedMtx/depth2/node3/test2_2.mtx 2.9 595.359 0.000142609 0.0178571 
/home/antonkov/masterWork/tests/samePrefixMarkedMtx/depth2/node3/test2_2.mtx 3 671.614 0.000103648 0.0152239 
/home/antonkov/masterWork/tests/samePrefixMarkedMtx/depth2/node3/test2_2.mtx 3.1 671.675 6.3244e-05 0.0144286 
/home/antonkov/masterWork/tests/samePrefixMarkedMtx/depth2/node3/test2_2.mtx 3.2 710.72 4.71866e-05 0.0128205 
/home/antonkov/masterWork/tests/samePrefixMarkedMtx/depth2/node3/test2_2.mtx 3.3 716.166 3.38753e-05 0.0121951 
/home/antonkov/masterWork/tests/samePrefixMarkedMtx/depth2/node3/test2_2.mtx 3.4 757.431 3.06713e-05 0.0111111 
/home/antonkov/masterWork/tests/samePrefixMarkedMtx/depth2/node3/test2_2.mtx 3.5 764.348 2.84949e-05 0.0108696 
/home/antonkov/masterWork/tests/samePrefixMarkedMtx/depth2/node3/test2_3.mtx 1 113.458 0.0788194 0.805 
/home/antonkov/masterWork/tests/samePrefixMarkedMtx/depth2/node3/test2_3.mtx 1.1 108.727 0.0688542 0.73 
/home/antonkov/masterWork/tests/samePrefixMarkedMtx/depth2/node3/test2_3.mtx 1.2 98.2063 0.0593316 0.64 
/home/antonkov/masterWork/tests/samePrefixMarkedMtx/depth2/node3/test2_3.mtx 1.3 92.7298 0.051467 0.57 
/home/antonkov/masterWork/tests/samePrefixMarkedMtx/depth2/node3/test2_3.mtx 1.4 125.658 0.0421817 0.493333 
/home/antonkov/masterWork/tests/samePrefixMarkedMtx/depth2/node3/test2_3.mtx 1.5 115.945 0.0328935 0.39 
/home/antonkov/masterWork/tests/samePrefixMarkedMtx/depth2/node3/test2_3.mtx 1.6 125.801 0.0237977 0.2925 
/home/antonkov/masterWork/tests/samePrefixMarkedMtx/depth2/node3/test2_3.mtx 1.7 138.213 0.0174792 0.216 
/home/antonkov/masterWork/tests/samePrefixMarkedMtx/depth2/node3/test2_3.mtx 1.8 169.869 0.0132465 0.162857 
/home/antonkov/masterWork/tests/samePrefixMarkedMtx/depth2/node3/test2_3.mtx 1.9 189.298 0.00972994 0.121111 
/home/antonkov/masterWork/tests/samePrefixMarkedMtx/depth2/node3/test2_3.mtx 2 213.871 0.00761837 0.0927273 
/home/antonkov/masterWork/tests/samePrefixMarkedMtx/depth2/node3/test2_3.mtx 2.1 274.525 0.00486328 0.063125 
/home/antonkov/masterWork/tests/samePrefixMarkedMtx/depth2/node3/test2_3.mtx 2.2 357.697 0.00344656 0.0443478 
/home/antonkov/masterWork/tests/samePrefixMarkedMtx/depth2/node3/test2_3.mtx 2.3 499.647 0.00205343 0.0277778 
/home/antonkov/masterWork/tests/samePrefixMarkedMtx/depth2/node3/test2_3.mtx 2.4 665.205 0.00133615 0.0188679 
/home/antonkov/masterWork/tests/samePrefixMarkedMtx/depth2/node3/test2_3.mtx 2.5 1020.16 0.000764822 0.0107527 
/home/antonkov/masterWork/tests/samePrefixMarkedMtx/depth2/node3/test2_3.mtx 2.6 1572.64 0.000415835 0.0060479 
/home/antonkov/masterWork/tests/samePrefixMarkedMtx/depth2/node3/test2_3.mtx 2.7 2234.13 0.000237892 0.00371747 
/home/antonkov/masterWork/tests/samePrefixMarkedMtx/depth2/node3/test2_3.mtx 2.8 3333.82 0.00014876 0.00221239 
/home/antonkov/masterWork/tests/samePrefixMarkedMtx/depth2/node3/test2_3.mtx 2.9 5683.35 7.12003e-05 0.00113636 
/home/antonkov/masterWork/tests/samePrefixMarkedMtx/depth2/node3/test2_3.mtx 3 8756.95 3.46529e-05 0.000665779 
/home/antonkov/masterWork/tests/samePrefixMarkedMtx/depth2/node3/test2_3.mtx 3.1 0 -1 -1 
/home/antonkov/masterWork/tests/samePrefixMarkedMtx/depth2/node3/test2_3.mtx 3.2 0 -1 -1 
/home/antonkov/masterWork/tests/samePrefixMarkedMtx/depth2/node3/test2_3.mtx 3.3 0 -1 -1 
/home/antonkov/masterWork/tests/samePrefixMarkedMtx/depth2/node3/test2_3.mtx 3.4 0 -1 -1 
/home/antonkov/masterWork/tests/samePrefixMarkedMtx/depth2/node3/test2_3.mtx 3.5 0 -1 -1 
/home/antonkov/masterWork/tests/samePrefixMarkedMtx/depth2/node3/test2_4.mtx 1 114.884 0.0822569 0.845 
/home/antonkov/masterWork/tests/samePrefixMarkedMtx/depth2/node3/test2_4.mtx 1.1 113.896 0.074184 0.795 
/home/antonkov/masterWork/tests/samePrefixMarkedMtx/depth2/node3/test2_4.mtx 1.2 101.242 0.0619358 0.68 
/home/antonkov/masterWork/tests/samePrefixMarkedMtx/depth2/node3/test2_4.mtx 1.3 92.4346 0.0543403 0.62 
/home/antonkov/masterWork/tests/samePrefixMarkedMtx/depth2/node3/test2_4.mtx 1.4 88.5176 0.0454601 0.525 
/home/antonkov/masterWork/tests/samePrefixMarkedMtx/depth2/node3/test2_4.mtx 1.5 114.869 0.0375868 0.44 
/home/antonkov/masterWork/tests/samePrefixMarkedMtx/depth2/node3/test2_4.mtx 1.6 109.691 0.0306829 0.363333 
/home/antonkov/masterWork/tests/samePrefixMarkedMtx/depth2/node3/test2_4.mtx 1.7 122.78 0.0222179 0.28 
/home/antonkov/masterWork/tests/samePrefixMarkedMtx/depth2/node3/test2_4.mtx 1.8 134.281 0.018316 0.23 
/home/antonkov/masterWork/tests/samePrefixMarkedMtx/depth2/node3/test2_4.mtx 1.9 145.955 0.0137876 0.173333 
/home/antonkov/masterWork/tests/samePrefixMarkedMtx/depth2/node3/test2_4.mtx 2 191.271 0.00927276 0.118889 
/home/antonkov/masterWork/tests/samePrefixMarkedMtx/depth2/node3/test2_4.mtx 2.1 241.496 0.00617521 0.0823077 
/home/antonkov/masterWork/tests/samePrefixMarkedMtx/depth2/node3/test2_4.mtx 2.2 359.54 0.00338844 0.0465217 
/home/antonkov/masterWork/tests/samePrefixMarkedMtx/depth2/node3/test2_4.mtx 2.3 465.839 0.00212725 0.0297059 
/home/antonkov/masterWork/tests/samePrefixMarkedMtx/depth2/node3/test2_4.mtx 2.4 616.13 0.00137649 0.0204082 
/home/antonkov/masterWork/tests/samePrefixMarkedMtx/depth2/node3/test2_4.mtx 2.5 965.422 0.000784518 0.0118824 
/home/antonkov/masterWork/tests/samePrefixMarkedMtx/depth2/node3/test2_4.mtx 2.6 1336.72 0.000503472 0.00759399 
/home/antonkov/masterWork/tests/samePrefixMarkedMtx/depth2/node3/test2_4.mtx 2.7 2119.85 0.000262694 0.00409836 
/home/antonkov/masterWork/tests/samePrefixMarkedMtx/depth2/node3/test2_4.mtx 2.8 3101.5 0.000151845 0.00248756 
/home/antonkov/masterWork/tests/samePrefixMarkedMtx/depth2/node3/test2_4.mtx 2.9 4877.15 8.89578e-05 0.00137741 
/home/antonkov/masterWork/tests/samePrefixMarkedMtx/depth2/node3/test2_4.mtx 3 7511.1 5.10193e-05 0.000806452 
/home/antonkov/masterWork/tests/samePrefixMarkedMtx/depth2/node3/test2_4.mtx 3.1 0 -1 -1 
/home/antonkov/masterWork/tests/samePrefixMarkedMtx/depth2/node3/test2_4.mtx 3.2 0 -1 -1 
/home/antonkov/masterWork/tests/samePrefixMarkedMtx/depth2/node3/test2_4.mtx 3.3 0 -1 -1 
/home/antonkov/masterWork/tests/samePrefixMarkedMtx/depth2/node3/test2_4.mtx 3.4 0 -1 -1 
/home/antonkov/masterWork/tests/samePrefixMarkedMtx/depth2/node3/test2_4.mtx 3.5 0 -1 -1 
/home/antonkov/masterWork/tests/samePrefixMarkedMtx/depth2/node3/test97_0.mtx 1 124.443 0.0891319 0.845 
/home/antonkov/masterWork/tests/samePrefixMarkedMtx/depth2/node3/test97_0.mtx 1.1 122.688 0.0816667 0.805 
/home/antonkov/masterWork/tests/samePrefixMarkedMtx/depth2/node3/test97_0.mtx 1.2 115.722 0.0715451 0.75 
/home/antonkov/masterWork/tests/samePrefixMarkedMtx/depth2/node3/test97_0.mtx 1.3 103.312 0.0601389 0.63 
/home/antonkov/masterWork/tests/samePrefixMarkedMtx/depth2/node3/test97_0.mtx 1.4 100.584 0.0499826 0.54 
/home/antonkov/masterWork/tests/samePrefixMarkedMtx/depth2/node3/test97_0.mtx 1.5 125.598 0.0373669 0.41 
/home/antonkov/masterWork/tests/samePrefixMarkedMtx/depth2/node3/test97_0.mtx 1.6 113.854 0.0292303 0.34 
/home/antonkov/masterWork/tests/samePrefixMarkedMtx/depth2/node3/test97_0.mtx 1.7 129.471 0.0230556 0.265 
/home/antonkov/masterWork/tests/samePrefixMarkedMtx/depth2/node3/test97_0.mtx 1.8 165.988 0.0168895 0.2 
/home/antonkov/masterWork/tests/samePrefixMarkedMtx/depth2/node3/test97_0.mtx 1.9 174.327 0.0121329 0.145714 
/home/antonkov/masterWork/tests/samePrefixMarkedMtx/depth2/node3/test97_0.mtx 2 218.075 0.00855556 0.105 
/home/antonkov/masterWork/tests/samePrefixMarkedMtx/depth2/node3/test97_0.mtx 2.1 271.275 0.00589658 0.0728571 
/home/antonkov/masterWork/tests/samePrefixMarkedMtx/depth2/node3/test97_0.mtx 2.2 361.487 0.0036541 0.0485714 
/home/antonkov/masterWork/tests/samePrefixMarkedMtx/depth2/node3/test97_0.mtx 2.3 513.441 0.00231639 0.030303 
/home/antonkov/masterWork/tests/samePrefixMarkedMtx/depth2/node3/test97_0.mtx 2.4 665.337 0.00149872 0.0204082 
/home/antonkov/masterWork/tests/samePrefixMarkedMtx/depth2/node3/test97_0.mtx 2.5 976.415 0.000935302 0.0126582 
/home/antonkov/masterWork/tests/samePrefixMarkedMtx/depth2/node3/test97_0.mtx 2.6 1420.59 0.000494335 0.00759399 
/home/antonkov/masterWork/tests/samePrefixMarkedMtx/depth2/node3/test97_0.mtx 2.7 2275.99 0.000277213 0.00406504 
/home/antonkov/masterWork/tests/samePrefixMarkedMtx/depth2/node3/test97_0.mtx 2.8 3699.49 0.000151844 0.0021692 
/home/antonkov/masterWork/tests/samePrefixMarkedMtx/depth2/node3/test97_0.mtx 2.9 6589.09 6.90793e-05 0.00105152 
/home/antonkov/masterWork/tests/samePrefixMarkedMtx/depth2/node3/test97_0.mtx 3 11006 3.31154e-05 0.000564334 
/home/antonkov/masterWork/tests/samePrefixMarkedMtx/depth2/node3/test97_0.mtx 3.1 0 -1 -1 
/home/antonkov/masterWork/tests/samePrefixMarkedMtx/depth2/node3/test97_0.mtx 3.2 0 -1 -1 
/home/antonkov/masterWork/tests/samePrefixMarkedMtx/depth2/node3/test97_0.mtx 3.3 0 -1 -1 
/home/antonkov/masterWork/tests/samePrefixMarkedMtx/depth2/node3/test97_0.mtx 3.4 0 -1 -1 
/home/antonkov/masterWork/tests/samePrefixMarkedMtx/depth2/node3/test97_0.mtx 3.5 0 -1 -1 
/home/antonkov/masterWork/tests/samePrefixMarkedMtx/depth2/node3/test97_1.mtx 1 122.606 0.083342 0.82 
/home/antonkov/masterWork/tests/samePrefixMarkedMtx/depth2/node3/test97_1.mtx 1.1 121.202 0.0755208 0.78 
/home/antonkov/masterWork/tests/samePrefixMarkedMtx/depth2/node3/test97_1.mtx 1.2 115.394 0.0661892 0.72 
/home/antonkov/masterWork/tests/samePrefixMarkedMtx/depth2/node3/test97_1.mtx 1.3 100.642 0.0535938 0.58 
/home/antonkov/masterWork/tests/samePrefixMarkedMtx/depth2/node3/test97_1.mtx 1.4 98.5597 0.04625 0.505 
/home/antonkov/masterWork/tests/samePrefixMarkedMtx/depth2/node3/test97_1.mtx 1.5 125.131 0.0389352 0.436667 
/home/antonkov/masterWork/tests/samePrefixMarkedMtx/depth2/node3/test97_1.mtx 1.6 118.256 0.0290914 0.343333 
/home/antonkov/masterWork/tests/samePrefixMarkedMtx/depth2/node3/test97_1.mtx 1.7 129.604 0.0218056 0.2575 
/home/antonkov/masterWork/tests/samePrefixMarkedMtx/depth2/node3/test97_1.mtx 1.8 165.06 0.0151273 0.183333 
/home/antonkov/masterWork/tests/samePrefixMarkedMtx/depth2/node3/test97_1.mtx 1.9 193.851 0.0104666 0.135 
/home/antonkov/masterWork/tests/samePrefixMarkedMtx/depth2/node3/test97_1.mtx 2 236.14 0.00768782 0.0972727 
/home/antonkov/masterWork/tests/samePrefixMarkedMtx/depth2/node3/test97_1.mtx 2.1 321.897 0.00511949 0.0617647 
/home/antonkov/masterWork/tests/samePrefixMarkedMtx/depth2/node3/test97_1.mtx 2.2 387.95 0.00322772 0.0416667 
/home/antonkov/masterWork/tests/samePrefixMarkedMtx/depth2/node3/test97_1.mtx 2.3 497.313 0.00222275 0.030303 
/home/antonkov/masterWork/tests/samePrefixMarkedMtx/depth2/node3/test97_1.mtx 2.4 732.015 0.00144354 0.0190741 
/home/antonkov/masterWork/tests/samePrefixMarkedMtx/depth2/node3/test97_1.mtx 2.5 990.544 0.000905954 0.0121951 
/home/antonkov/masterWork/tests/samePrefixMarkedMtx/depth2/node3/test97_1.mtx 2.6 1371.19 0.000560031 0.0078125 
/home/antonkov/masterWork/tests/samePrefixMarkedMtx/depth2/node3/test97_1.mtx 2.7 2198.35 0.000269134 0.00421941 
/home/antonkov/masterWork/tests/samePrefixMarkedMtx/depth2/node3/test97_1.mtx 2.8 3676.65 0.000139683 0.00217865 
/home/antonkov/masterWork/tests/samePrefixMarkedMtx/depth2/node3/test97_1.mtx 2.9 5621.22 7.99519e-05 0.00124533 
/home/antonkov/masterWork/tests/samePrefixMarkedMtx/depth2/node3/test97_1.mtx 3 9365.34 4.13702e-05 0.000667111 
/home/antonkov/masterWork/tests/samePrefixMarkedMtx/depth2/node3/test97_1.mtx 3.1 0 -1 -1 
/home/antonkov/masterWork/tests/samePrefixMarkedMtx/depth2/node3/test97_1.mtx 3.2 0 -1 -1 
/home/antonkov/masterWork/tests/samePrefixMarkedMtx/depth2/node3/test97_1.mtx 3.3 0 -1 -1 
/home/antonkov/masterWork/tests/samePrefixMarkedMtx/depth2/node3/test97_1.mtx 3.4 0 -1 -1 
/home/antonkov/masterWork/tests/samePrefixMarkedMtx/depth2/node3/test97_1.mtx 3.5 0 -1 -1 
/home/antonkov/masterWork/tests/samePrefixMarkedMtx/depth2/node3/test97_2.mtx 1 121.193 0.080434 0.805 
/home/antonkov/masterWork/tests/samePrefixMarkedMtx/depth2/node3/test97_2.mtx 1.1 112.896 0.0707292 0.72 
/home/antonkov/masterWork/tests/samePrefixMarkedMtx/depth2/node3/test97_2.mtx 1.2 106.779 0.0626042 0.665 
/home/antonkov/masterWork/tests/samePrefixMarkedMtx/depth2/node3/test97_2.mtx 1.3 100.221 0.0530122 0.58 
/home/antonkov/masterWork/tests/samePrefixMarkedMtx/depth2/node3/test97_2.mtx 1.4 130.288 0.0412095 0.456667 
/home/antonkov/masterWork/tests/samePrefixMarkedMtx/depth2/node3/test97_2.mtx 1.5 122.834 0.0347338 0.403333 
/home/antonkov/masterWork/tests/samePrefixMarkedMtx/depth2/node3/test97_2.mtx 1.6 117.194 0.0292303 0.346667 
/home/antonkov/masterWork/tests/samePrefixMarkedMtx/depth2/node3/test97_2.mtx 1.7 130.745 0.0220269 0.265 
/home/antonkov/masterWork/tests/samePrefixMarkedMtx/depth2/node3/test97_2.mtx 1.8 161.565 0.0158247 0.188333 
/home/antonkov/masterWork/tests/samePrefixMarkedMtx/depth2/node3/test97_2.mtx 1.9 170.432 0.0120734 0.147143 
/home/antonkov/masterWork/tests/samePrefixMarkedMtx/depth2/node3/test97_2.mtx 2 204.246 0.00916474 0.111111 
/home/antonkov/masterWork/tests/samePrefixMarkedMtx/depth2/node3/test97_2.mtx 2.1 240.276 0.0067202 0.0866667 
/home/antonkov/masterWork/tests/samePrefixMarkedMtx/depth2/node3/test97_2.mtx 2.2 312.425 0.00425058 0.0555556 
/home/antonkov/masterWork/tests/samePrefixMarkedMtx/depth2/node3/test97_2.mtx 2.3 477.892 0.00234095 0.0322581 
/home/antonkov/masterWork/tests/samePrefixMarkedMtx/depth2/node3/test97_2.mtx 2.4 763.083 0.00126553 0.0175439 
/home/antonkov/masterWork/tests/samePrefixMarkedMtx/depth2/node3/test97_2.mtx 2.5 1106.57 0.000778042 0.0108696 
/home/antonkov/masterWork/tests/samePrefixMarkedMtx/depth2/node3/test97_2.mtx 2.6 1627.49 0.000450832 0.00647436 
/home/antonkov/masterWork/tests/samePrefixMarkedMtx/depth2/node3/test97_2.mtx 2.7 2505.8 0.000247917 0.00363636 
/home/antonkov/masterWork/tests/samePrefixMarkedMtx/depth2/node3/test97_2.mtx 2.8 4018.53 0.000134017 0.00197628 
/home/antonkov/masterWork/tests/samePrefixMarkedMtx/depth2/node3/test97_2.mtx 2.9 6716.59 6.1494e-05 0.00103842 
/home/antonkov/masterWork/tests/samePrefixMarkedMtx/depth2/node3/test97_2.mtx 3 11437.9 3.55557e-05 0.000545554 
/home/antonkov/masterWork/tests/samePrefixMarkedMtx/depth2/node3/test97_2.mtx 3.1 0 -1 -1 
/home/antonkov/masterWork/tests/samePrefixMarkedMtx/depth2/node3/test97_2.mtx 3.2 0 -1 -1 
/home/antonkov/masterWork/tests/samePrefixMarkedMtx/depth2/node3/test97_2.mtx 3.3 0 -1 -1 
/home/antonkov/masterWork/tests/samePrefixMarkedMtx/depth2/node3/test97_2.mtx 3.4 0 -1 -1 
/home/antonkov/masterWork/tests/samePrefixMarkedMtx/depth2/node3/test97_2.mtx 3.5 0 -1 -1 
/home/antonkov/masterWork/tests/samePrefixMarkedMtx/depth2/node3/test97_3.mtx 1 122.627 0.0841667 0.825 
/home/antonkov/masterWork/tests/samePrefixMarkedMtx/depth2/node3/test97_3.mtx 1.1 118.758 0.0755642 0.765 
/home/antonkov/masterWork/tests/samePrefixMarkedMtx/depth2/node3/test97_3.mtx 1.2 107.578 0.0661892 0.69 
/home/antonkov/masterWork/tests/samePrefixMarkedMtx/depth2/node3/test97_3.mtx 1.3 102.099 0.0577517 0.62 
/home/antonkov/masterWork/tests/samePrefixMarkedMtx/depth2/node3/test97_3.mtx 1.4 96.9948 0.0479687 0.53 
/home/antonkov/masterWork/tests/samePrefixMarkedMtx/depth2/node3/test97_3.mtx 1.5 125.418 0.0377662 0.423333 
/home/antonkov/masterWork/tests/samePrefixMarkedMtx/depth2/node3/test97_3.mtx 1.6 120.516 0.0303704 0.36 
/home/antonkov/masterWork/tests/samePrefixMarkedMtx/depth2/node3/test97_3.mtx 1.7 137.749 0.0234983 0.29 
/home/antonkov/masterWork/tests/samePrefixMarkedMtx/depth2/node3/test97_3.mtx 1.8 172.015 0.0172512 0.21 
/home/antonkov/masterWork/tests/samePrefixMarkedMtx/depth2/node3/test97_3.mtx 1.9 199.494 0.0109592 0.13375 
/home/antonkov/masterWork/tests/samePrefixMarkedMtx/depth2/node3/test97_3.mtx 2 205.01 0.00874421 0.111111 
/home/antonkov/masterWork/tests/samePrefixMarkedMtx/depth2/node3/test97_3.mtx 2.1 274.929 0.00571305 0.075 
/home/antonkov/masterWork/tests/samePrefixMarkedMtx/depth2/node3/test97_3.mtx 2.2 331.302 0.0041292 0.0531579 
/home/antonkov/masterWork/tests/samePrefixMarkedMtx/depth2/node3/test97_3.mtx 2.3 419.778 0.00282185 0.0388462 
/home/antonkov/masterWork/tests/samePrefixMarkedMtx/depth2/node3/test97_3.mtx 2.4 633.773 0.00158617 0.0229545 
/home/antonkov/masterWork/tests/samePrefixMarkedMtx/depth2/node3/test97_3.mtx 2.5 873.579 0.00113443 0.0150746 
/home/antonkov/masterWork/tests/samePrefixMarkedMtx/depth2/node3/test97_3.mtx 2.6 1284.39 0.000644341 0.00885965 
/home/antonkov/masterWork/tests/samePrefixMarkedMtx/depth2/node3/test97_3.mtx 2.7 1904.36 0.000339114 0.0051269 
/home/antonkov/masterWork/tests/samePrefixMarkedMtx/depth2/node3/test97_3.mtx 2.8 3013.95 0.000176464 0.00283286 
/home/antonkov/masterWork/tests/samePrefixMarkedMtx/depth2/node3/test97_3.mtx 2.9 4943.09 9.90187e-05 0.00151286 
/home/antonkov/masterWork/tests/samePrefixMarkedMtx/depth2/node3/test97_3.mtx 3 7897.59 5.46403e-05 0.00083682 
/home/antonkov/masterWork/tests/samePrefixMarkedMtx/depth2/node3/test97_3.mtx 3.1 0 -1 -1 
/home/antonkov/masterWork/tests/samePrefixMarkedMtx/depth2/node3/test97_3.mtx 3.2 0 -1 -1 
/home/antonkov/masterWork/tests/samePrefixMarkedMtx/depth2/node3/test97_3.mtx 3.3 0 -1 -1 
/home/antonkov/masterWork/tests/samePrefixMarkedMtx/depth2/node3/test97_3.mtx 3.4 0 -1 -1 
/home/antonkov/masterWork/tests/samePrefixMarkedMtx/depth2/node3/test97_3.mtx 3.5 0 -1 -1 
/home/antonkov/masterWork/tests/samePrefixMarkedMtx/depth2/node3/test97_4.mtx 1 122.309 0.0866059 0.83 
/home/antonkov/masterWork/tests/samePrefixMarkedMtx/depth2/node3/test97_4.mtx 1.1 122.475 0.0772396 0.775 
/home/antonkov/masterWork/tests/samePrefixMarkedMtx/depth2/node3/test97_4.mtx 1.2 111.788 0.0660764 0.695 
/home/antonkov/masterWork/tests/samePrefixMarkedMtx/depth2/node3/test97_4.mtx 1.3 101.94 0.0575694 0.61 
/home/antonkov/masterWork/tests/samePrefixMarkedMtx/depth2/node3/test97_4.mtx 1.4 99.9885 0.0459115 0.51 
/home/antonkov/masterWork/tests/samePrefixMarkedMtx/depth2/node3/test97_4.mtx 1.5 124.881 0.0373148 0.413333 
/home/antonkov/masterWork/tests/samePrefixMarkedMtx/depth2/node3/test97_4.mtx 1.6 116.093 0.0289236 0.35 
/home/antonkov/masterWork/tests/samePrefixMarkedMtx/depth2/node3/test97_4.mtx 1.7 157.905 0.0205833 0.248 
/home/antonkov/masterWork/tests/samePrefixMarkedMtx/depth2/node3/test97_4.mtx 1.8 162.076 0.0156308 0.186667 
/home/antonkov/masterWork/tests/samePrefixMarkedMtx/depth2/node3/test97_4.mtx 1.9 167.816 0.0120238 0.144286 
/home/antonkov/masterWork/tests/samePrefixMarkedMtx/depth2/node3/test97_4.mtx 2 209.204 0.00819792 0.1 
/home/antonkov/masterWork/tests/samePrefixMarkedMtx/depth2/node3/test97_4.mtx 2.1 260.871 0.00584821 0.0757143 
/home/antonkov/masterWork/tests/samePrefixMarkedMtx/depth2/node3/test97_4.mtx 2.2 336.395 0.00398392 0.0547368 
/home/antonkov/masterWork/tests/samePrefixMarkedMtx/depth2/node3/test97_4.mtx 2.3 468.908 0.00241935 0.0325806 
/home/antonkov/masterWork/tests/samePrefixMarkedMtx/depth2/node3/test97_4.mtx 2.4 635.481 0.00154625 0.0219149 
/home/antonkov/masterWork/tests/samePrefixMarkedMtx/depth2/node3/test97_4.mtx 2.5 879.813 0.00105096 0.0140845 
/home/antonkov/masterWork/tests/samePrefixMarkedMtx/depth2/node3/test97_4.mtx 2.6 1234.82 0.000616793 0.00909091 
/home/antonkov/masterWork/tests/samePrefixMarkedMtx/depth2/node3/test97_4.mtx 2.7 2242.57 0.000283804 0.00417355 
/home/antonkov/masterWork/tests/samePrefixMarkedMtx/depth2/node3/test97_4.mtx 2.8 3350.59 0.000156627 0.00241546 
/home/antonkov/masterWork/tests/samePrefixMarkedMtx/depth2/node3/test97_4.mtx 2.9 4870.17 9.58333e-05 0.00148148 
/home/antonkov/masterWork/tests/samePrefixMarkedMtx/depth2/node3/test97_4.mtx 3 7659.17 5.34839e-05 0.000840336 
/home/antonkov/masterWork/tests/samePrefixMarkedMtx/depth2/node3/test97_4.mtx 3.1 0 -1 -1 
/home/antonkov/masterWork/tests/samePrefixMarkedMtx/depth2/node3/test97_4.mtx 3.2 0 -1 -1 
/home/antonkov/masterWork/tests/samePrefixMarkedMtx/depth2/node3/test97_4.mtx 3.3 0 -1 -1 
/home/antonkov/masterWork/tests/samePrefixMarkedMtx/depth2/node3/test97_4.mtx 3.4 0 -1 -1 
/home/antonkov/masterWork/tests/samePrefixMarkedMtx/depth2/node3/test97_4.mtx 3.5 0 -1 -1 
/home/antonkov/masterWork/tests/samePrefixMarkedMtx/depth2/node3/test98_0.mtx 1 112.237 0.0817188 0.825 
/home/antonkov/masterWork/tests/samePrefixMarkedMtx/depth2/node3/test98_0.mtx 1.1 109.052 0.071849 0.75 
/home/antonkov/masterWork/tests/samePrefixMarkedMtx/depth2/node3/test98_0.mtx 1.2 99.7796 0.0630295 0.675 
/home/antonkov/masterWork/tests/samePrefixMarkedMtx/depth2/node3/test98_0.mtx 1.3 93.8384 0.0535851 0.59 
/home/antonkov/masterWork/tests/samePrefixMarkedMtx/depth2/node3/test98_0.mtx 1.4 90.2768 0.0435937 0.505 
/home/antonkov/masterWork/tests/samePrefixMarkedMtx/depth2/node3/test98_0.mtx 1.5 111.633 0.0327025 0.39 
/home/antonkov/masterWork/tests/samePrefixMarkedMtx/depth2/node3/test98_0.mtx 1.6 132.649 0.0257378 0.3175 
/home/antonkov/masterWork/tests/samePrefixMarkedMtx/depth2/node3/test98_0.mtx 1.7 144.04 0.0188472 0.232 
/home/antonkov/masterWork/tests/samePrefixMarkedMtx/depth2/node3/test98_0.mtx 1.8 143.295 0.0145631 0.171667 
/home/antonkov/masterWork/tests/samePrefixMarkedMtx/depth2/node3/test98_0.mtx 1.9 172.087 0.00983507 0.12625 
/home/antonkov/masterWork/tests/samePrefixMarkedMtx/depth2/node3/test98_0.mtx 2 235.223 0.00726707 0.0891667 
/home/antonkov/masterWork/tests/samePrefixMarkedMtx/depth2/node3/test98_0.mtx 2.1 269.692 0.00520718 0.0673333 
/home/antonkov/masterWork/tests/samePrefixMarkedMtx/depth2/node3/test98_0.mtx 2.2 340.978 0.00365906 0.047619 
/home/antonkov/masterWork/tests/samePrefixMarkedMtx/depth2/node3/test98_0.mtx 2.3 455.145 0.00230035 0.03125 
/home/antonkov/masterWork/tests/samePrefixMarkedMtx/depth2/node3/test98_0.mtx 2.4 760.395 0.00116406 0.0166667 
/home/antonkov/masterWork/tests/samePrefixMarkedMtx/depth2/node3/test98_0.mtx 2.5 1130.82 0.000684524 0.00952381 
/home/antonkov/masterWork/tests/samePrefixMarkedMtx/depth2/node3/test98_0.mtx 2.6 1539.73 0.000411814 0.00621118 
/home/antonkov/masterWork/tests/samePrefixMarkedMtx/depth2/node3/test98_0.mtx 2.7 2323.6 0.000240972 0.00367273 
/home/antonkov/masterWork/tests/samePrefixMarkedMtx/depth2/node3/test98_0.mtx 2.8 3724.93 0.000134059 0.00201613 
/home/antonkov/masterWork/tests/samePrefixMarkedMtx/depth2/node3/test98_0.mtx 2.9 5865.22 6.94248e-05 0.00112994 
/home/antonkov/masterWork/tests/samePrefixMarkedMtx/depth2/node3/test98_0.mtx 3 9437.33 4.12821e-05 0.000632911 
/home/antonkov/masterWork/tests/samePrefixMarkedMtx/depth2/node3/test98_0.mtx 3.1 0 -1 -1 
/home/antonkov/masterWork/tests/samePrefixMarkedMtx/depth2/node3/test98_0.mtx 3.2 0 -1 -1 
/home/antonkov/masterWork/tests/samePrefixMarkedMtx/depth2/node3/test98_0.mtx 3.3 0 -1 -1 
/home/antonkov/masterWork/tests/samePrefixMarkedMtx/depth2/node3/test98_0.mtx 3.4 0 -1 -1 
/home/antonkov/masterWork/tests/samePrefixMarkedMtx/depth2/node3/test98_0.mtx 3.5 0 -1 -1 
/home/antonkov/masterWork/tests/samePrefixMarkedMtx/depth2/node3/test98_1.mtx 1 114.304 0.0801563 0.81 
/home/antonkov/masterWork/tests/samePrefixMarkedMtx/depth2/node3/test98_1.mtx 1.1 109.033 0.0714063 0.74 
/home/antonkov/masterWork/tests/samePrefixMarkedMtx/depth2/node3/test98_1.mtx 1.2 99.4796 0.0601823 0.655 
/home/antonkov/masterWork/tests/samePrefixMarkedMtx/depth2/node3/test98_1.mtx 1.3 92.4922 0.0521701 0.58 
/home/antonkov/masterWork/tests/samePrefixMarkedMtx/depth2/node3/test98_1.mtx 1.4 122.221 0.0434317 0.503333 
/home/antonkov/masterWork/tests/samePrefixMarkedMtx/depth2/node3/test98_1.mtx 1.5 114.673 0.0328009 0.396667 
/home/antonkov/masterWork/tests/samePrefixMarkedMtx/depth2/node3/test98_1.mtx 1.6 137.179 0.0269965 0.3125 
/home/antonkov/masterWork/tests/samePrefixMarkedMtx/depth2/node3/test98_1.mtx 1.7 142.61 0.0195486 0.24 
/home/antonkov/masterWork/tests/samePrefixMarkedMtx/depth2/node3/test98_1.mtx 1.8 159.946 0.0144358 0.178333 
/home/antonkov/masterWork/tests/samePrefixMarkedMtx/depth2/node3/test98_1.mtx 1.9 159.634 0.0115278 0.144286 
/home/antonkov/masterWork/tests/samePrefixMarkedMtx/depth2/node3/test98_1.mtx 2 202.752 0.00806424 0.103 
/home/antonkov/masterWork/tests/samePrefixMarkedMtx/depth2/node3/test98_1.mtx 2.1 253.659 0.00569816 0.075 
/home/antonkov/masterWork/tests/samePrefixMarkedMtx/depth2/node3/test98_1.mtx 2.2 351.965 0.00324577 0.043913 
/home/antonkov/masterWork/tests/samePrefixMarkedMtx/depth2/node3/test98_1.mtx 2.3 525.437 0.0018983 0.0263158 
/home/antonkov/masterWork/tests/samePrefixMarkedMtx/depth2/node3/test98_1.mtx 2.4 738.907 0.00121969 0.0169492 
/home/antonkov/masterWork/tests/samePrefixMarkedMtx/depth2/node3/test98_1.mtx 2.5 1056.03 0.000717773 0.0104167 
/home/antonkov/masterWork/tests/samePrefixMarkedMtx/depth2/node3/test98_1.mtx 2.6 1630.16 0.000405628 0.00578035 
/home/antonkov/masterWork/tests/samePrefixMarkedMtx/depth2/node3/test98_1.mtx 2.7 2130.2 0.000236056 0.00395257 
/home/antonkov/masterWork/tests/samePrefixMarkedMtx/depth2/node3/test98_1.mtx 2.8 3506.67 0.00013236 0.00210084 
/home/antonkov/masterWork/tests/samePrefixMarkedMtx/depth2/node3/test98_1.mtx 2.9 4862.2 8.0979e-05 0.00136426 
/home/antonkov/masterWork/tests/samePrefixMarkedMtx/depth2/node3/test98_1.mtx 3 8053.22 4.29141e-05 0.000740741 
/home/antonkov/masterWork/tests/samePrefixMarkedMtx/depth2/node3/test98_1.mtx 3.1 0 -1 -1 
/home/antonkov/masterWork/tests/samePrefixMarkedMtx/depth2/node3/test98_1.mtx 3.2 0 -1 -1 
/home/antonkov/masterWork/tests/samePrefixMarkedMtx/depth2/node3/test98_1.mtx 3.3 0 -1 -1 
/home/antonkov/masterWork/tests/samePrefixMarkedMtx/depth2/node3/test98_1.mtx 3.4 0 -1 -1 
/home/antonkov/masterWork/tests/samePrefixMarkedMtx/depth2/node3/test98_1.mtx 3.5 0 -1 -1 
/home/antonkov/masterWork/tests/samePrefixMarkedMtx/depth2/node3/test98_2.mtx 1 113.928 0.0782986 0.805 
/home/antonkov/masterWork/tests/samePrefixMarkedMtx/depth2/node3/test98_2.mtx 1.1 112.469 0.0704427 0.75 
/home/antonkov/masterWork/tests/samePrefixMarkedMtx/depth2/node3/test98_2.mtx 1.2 98.2481 0.0599826 0.66 
/home/antonkov/masterWork/tests/samePrefixMarkedMtx/depth2/node3/test98_2.mtx 1.3 93.3146 0.0496441 0.55 
/home/antonkov/masterWork/tests/samePrefixMarkedMtx/depth2/node3/test98_2.mtx 1.4 119.25 0.0401157 0.456667 
/home/antonkov/masterWork/tests/samePrefixMarkedMtx/depth2/node3/test98_2.mtx 1.5 111.955 0.032772 0.393333 
/home/antonkov/masterWork/tests/samePrefixMarkedMtx/depth2/node3/test98_2.mtx 1.6 125.337 0.0234288 0.27 
/home/antonkov/masterWork/tests/samePrefixMarkedMtx/depth2/node3/test98_2.mtx 1.7 143.324 0.0189201 0.226 
/home/antonkov/masterWork/tests/samePrefixMarkedMtx/depth2/node3/test98_2.mtx 1.8 147.04 0.0137587 0.173333 
/home/antonkov/masterWork/tests/samePrefixMarkedMtx/depth2/node3/test98_2.mtx 1.9 190.446 0.00981481 0.124444 
/home/antonkov/masterWork/tests/samePrefixMarkedMtx/depth2/node3/test98_2.mtx 2 230.028 0.00685619 0.0908333 
/home/antonkov/masterWork/tests/samePrefixMarkedMtx/depth2/node3/test98_2.mtx 2.1 304.334 0.00447531 0.0572222 
/home/antonkov/masterWork/tests/samePrefixMarkedMtx/depth2/node3/test98_2.mtx 2.2 411.177 0.00290055 0.0364286 
/home/antonkov/masterWork/tests/samePrefixMarkedMtx/depth2/node3/test98_2.mtx 2.3 521.579 0.00194444 0.0258974 
/home/antonkov/masterWork/tests/samePrefixMarkedMtx/depth2/node3/test98_2.mtx 2.4 724.093 0.00117216 0.0166667 
/home/antonkov/masterWork/tests/samePrefixMarkedMtx/depth2/node3/test98_2.mtx 2.5 992.802 0.00077621 0.0107527 
/home/antonkov/masterWork/tests/samePrefixMarkedMtx/depth2/node3/test98_2.mtx 2.6 1817.11 0.000332354 0.00512821 
/home/antonkov/masterWork/tests/samePrefixMarkedMtx/depth2/node3/test98_2.mtx 2.7 2536.15 0.000212576 0.00321543 
/home/antonkov/masterWork/tests/samePrefixMarkedMtx/depth2/node3/test98_2.mtx 2.8 3937.33 0.000124916 0.00187732 
/home/antonkov/masterWork/tests/samePrefixMarkedMtx/depth2/node3/test98_2.mtx 2.9 6475.14 6.58079e-05 0.00100705 
/home/antonkov/masterWork/tests/samePrefixMarkedMtx/depth2/node3/test98_2.mtx 3 10604.5 3.50813e-05 0.000558971 
/home/antonkov/masterWork/tests/samePrefixMarkedMtx/depth2/node3/test98_2.mtx 3.1 0 -1 -1 
/home/antonkov/masterWork/tests/samePrefixMarkedMtx/depth2/node3/test98_2.mtx 3.2 0 -1 -1 
/home/antonkov/masterWork/tests/samePrefixMarkedMtx/depth2/node3/test98_2.mtx 3.3 0 -1 -1 
/home/antonkov/masterWork/tests/samePrefixMarkedMtx/depth2/node3/test98_2.mtx 3.4 0 -1 -1 
/home/antonkov/masterWork/tests/samePrefixMarkedMtx/depth2/node3/test98_2.mtx 3.5 0 -1 -1 
/home/antonkov/masterWork/tests/samePrefixMarkedMtx/depth2/node3/test98_3.mtx 1 112.931 0.0795313 0.81 
/home/antonkov/masterWork/tests/samePrefixMarkedMtx/depth2/node3/test98_3.mtx 1.1 109.276 0.0707205 0.735 
/home/antonkov/masterWork/tests/samePrefixMarkedMtx/depth2/node3/test98_3.mtx 1.2 104.334 0.0627431 0.675 
/home/antonkov/masterWork/tests/samePrefixMarkedMtx/depth2/node3/test98_3.mtx 1.3 97.5084 0.0545226 0.6 
/home/antonkov/masterWork/tests/samePrefixMarkedMtx/depth2/node3/test98_3.mtx 1.4 123.668 0.0430208 0.48 
/home/antonkov/masterWork/tests/samePrefixMarkedMtx/depth2/node3/test98_3.mtx 1.5 113.303 0.0353704 0.403333 
/home/antonkov/masterWork/tests/samePrefixMarkedMtx/depth2/node3/test98_3.mtx 1.6 131.396 0.0257161 0.3 
/home/antonkov/masterWork/tests/samePrefixMarkedMtx/depth2/node3/test98_3.mtx 1.7 142.546 0.0188715 0.232 
/home/antonkov/masterWork/tests/samePrefixMarkedMtx/depth2/node3/test98_3.mtx 1.8 152.774 0.0140509 0.171667 
/home/antonkov/masterWork/tests/samePrefixMarkedMtx/depth2/node3/test98_3.mtx 1.9 211.188 0.00928646 0.111 
/home/antonkov/masterWork/tests/samePrefixMarkedMtx/depth2/node3/test98_3.mtx 2 233.354 0.00757378 0.0925 
/home/antonkov/masterWork/tests/samePrefixMarkedMtx/depth2/node3/test98_3.mtx 2.1 268.352 0.00535648 0.0686667 
/home/antonkov/masterWork/tests/samePrefixMarkedMtx/depth2/node3/test98_3.mtx 2.2 345.861 0.00346512 0.0463636 
/home/antonkov/masterWork/tests/samePrefixMarkedMtx/depth2/node3/test98_3.mtx 2.3 508.818 0.001997 0.0272973 
/home/antonkov/masterWork/tests/samePrefixMarkedMtx/depth2/node3/test98_3.mtx 2.4 673.834 0.00136661 0.0190566 
/home/antonkov/masterWork/tests/samePrefixMarkedMtx/depth2/node3/test98_3.mtx 2.5 1016.18 0.000680748 0.0111111 
/home/antonkov/masterWork/tests/samePrefixMarkedMtx/depth2/node3/test98_3.mtx 2.6 1516.13 0.000418809 0.00649351 
/home/antonkov/masterWork/tests/samePrefixMarkedMtx/depth2/node3/test98_3.mtx 2.7 2483.95 0.000220457 0.00338983 
/home/antonkov/masterWork/tests/samePrefixMarkedMtx/depth2/node3/test98_3.mtx 2.8 3689.53 0.000138295 0.00203219 
/home/antonkov/masterWork/tests/samePrefixMarkedMtx/depth2/node3/test98_3.mtx 2.9 6599.87 5.90557e-05 0.00100402 
/home/antonkov/masterWork/tests/samePrefixMarkedMtx/depth2/node3/test98_3.mtx 3 9340.31 3.74248e-05 0.000640615 
/home/antonkov/masterWork/tests/samePrefixMarkedMtx/depth2/node3/test98_3.mtx 3.1 0 -1 -1 
/home/antonkov/masterWork/tests/samePrefixMarkedMtx/depth2/node3/test98_3.mtx 3.2 0 -1 -1 
/home/antonkov/masterWork/tests/samePrefixMarkedMtx/depth2/node3/test98_3.mtx 3.3 0 -1 -1 
/home/antonkov/masterWork/tests/samePrefixMarkedMtx/depth2/node3/test98_3.mtx 3.4 0 -1 -1 
/home/antonkov/masterWork/tests/samePrefixMarkedMtx/depth2/node3/test98_3.mtx 3.5 0 -1 -1 
/home/antonkov/masterWork/tests/samePrefixMarkedMtx/depth2/node3/test98_4.mtx 1 117.735 0.0784983 0.79 
/home/antonkov/masterWork/tests/samePrefixMarkedMtx/depth2/node3/test98_4.mtx 1.1 111.022 0.0724132 0.77 
/home/antonkov/masterWork/tests/samePrefixMarkedMtx/depth2/node3/test98_4.mtx 1.2 102.546 0.0632899 0.7 
/home/antonkov/masterWork/tests/samePrefixMarkedMtx/depth2/node3/test98_4.mtx 1.3 94.7203 0.0530208 0.575 
/home/antonkov/masterWork/tests/samePrefixMarkedMtx/depth2/node3/test98_4.mtx 1.4 122.489 0.0450347 0.49 
/home/antonkov/masterWork/tests/samePrefixMarkedMtx/depth2/node3/test98_4.mtx 1.5 115.369 0.0365625 0.42 
/home/antonkov/masterWork/tests/samePrefixMarkedMtx/depth2/node3/test98_4.mtx 1.6 107.064 0.0294039 0.333333 
/home/antonkov/masterWork/tests/samePrefixMarkedMtx/depth2/node3/test98_4.mtx 1.7 125.738 0.02273 0.2725 
/home/antonkov/masterWork/tests/samePrefixMarkedMtx/depth2/node3/test98_4.mtx 1.8 140.804 0.0167569 0.202 
/home/antonkov/masterWork/tests/samePrefixMarkedMtx/depth2/node3/test98_4.mtx 1.9 164.557 0.01187 0.152857 
/home/antonkov/masterWork/tests/samePrefixMarkedMtx/depth2/node3/test98_4.mtx 2 204.043 0.00838542 0.106 
/home/antonkov/masterWork/tests/samePrefixMarkedMtx/depth2/node3/test98_4.mtx 2.1 238.179 0.00569712 0.0769231 
/home/antonkov/masterWork/tests/samePrefixMarkedMtx/depth2/node3/test98_4.mtx 2.2 318.297 0.00378299 0.0525 
/home/antonkov/masterWork/tests/samePrefixMarkedMtx/depth2/node3/test98_4.mtx 2.3 413.728 0.00265625 0.0344828 
/home/antonkov/masterWork/tests/samePrefixMarkedMtx/depth2/node3/test98_4.mtx 2.4 606.874 0.00148799 0.0208333 
/home/antonkov/masterWork/tests/samePrefixMarkedMtx/depth2/node3/test98_4.mtx 2.5 976.613 0.000792225 0.0114943 
/home/antonkov/masterWork/tests/samePrefixMarkedMtx/depth2/node3/test98_4.mtx 2.6 1375.23 0.000496032 0.00714286 
/home/antonkov/masterWork/tests/samePrefixMarkedMtx/depth2/node3/test98_4.mtx 2.7 2489.31 0.000227283 0.00342373 
/home/antonkov/masterWork/tests/samePrefixMarkedMtx/depth2/node3/test98_4.mtx 2.8 3443.53 0.000134955 0.00217865 
/home/antonkov/masterWork/tests/samePrefixMarkedMtx/depth2/node3/test98_4.mtx 2.9 5223.62 8.35448e-05 0.00126904 
/home/antonkov/masterWork/tests/samePrefixMarkedMtx/depth2/node3/test98_4.mtx 3 9682.17 3.70128e-05 0.000616523 
/home/antonkov/masterWork/tests/samePrefixMarkedMtx/depth2/node3/test98_4.mtx 3.1 0 -1 -1 
/home/antonkov/masterWork/tests/samePrefixMarkedMtx/depth2/node3/test98_4.mtx 3.2 0 -1 -1 
/home/antonkov/masterWork/tests/samePrefixMarkedMtx/depth2/node3/test98_4.mtx 3.3 0 -1 -1 
/home/antonkov/masterWork/tests/samePrefixMarkedMtx/depth2/node3/test98_4.mtx 3.4 0 -1 -1 
/home/antonkov/masterWork/tests/samePrefixMarkedMtx/depth2/node3/test98_4.mtx 3.5 0 -1 -1 
/home/antonkov/masterWork/tests/samePrefixMarkedMtx/depth2/node3/test99_0.mtx 1 119.303 0.0814583 0.775 
/home/antonkov/masterWork/tests/samePrefixMarkedMtx/depth2/node3/test99_0.mtx 1.1 112.814 0.0719271 0.705 
/home/antonkov/masterWork/tests/samePrefixMarkedMtx/depth2/node3/test99_0.mtx 1.2 107.893 0.0639149 0.665 
/home/antonkov/masterWork/tests/samePrefixMarkedMtx/depth2/node3/test99_0.mtx 1.3 102.692 0.055217 0.595 
/home/antonkov/masterWork/tests/samePrefixMarkedMtx/depth2/node3/test99_0.mtx 1.4 97.4846 0.0468924 0.515 
/home/antonkov/masterWork/tests/samePrefixMarkedMtx/depth2/node3/test99_0.mtx 1.5 125.054 0.0362326 0.426667 
/home/antonkov/masterWork/tests/samePrefixMarkedMtx/depth2/node3/test99_0.mtx 1.6 113.556 0.0284606 0.336667 
/home/antonkov/masterWork/tests/samePrefixMarkedMtx/depth2/node3/test99_0.mtx 1.7 130.025 0.0213976 0.26 
/home/antonkov/masterWork/tests/samePrefixMarkedMtx/depth2/node3/test99_0.mtx 1.8 163.49 0.0155064 0.186667 
/home/antonkov/masterWork/tests/samePrefixMarkedMtx/depth2/node3/test99_0.mtx 1.9 186.73 0.0103581 0.12625 
/home/antonkov/masterWork/tests/samePrefixMarkedMtx/depth2/node3/test99_0.mtx 2 215.692 0.00835417 0.105 
/home/antonkov/masterWork/tests/samePrefixMarkedMtx/depth2/node3/test99_0.mtx 2.1 258.444 0.0055568 0.0728571 
/home/antonkov/masterWork/tests/samePrefixMarkedMtx/depth2/node3/test99_0.mtx 2.2 355.876 0.00357244 0.0472727 
/home/antonkov/masterWork/tests/samePrefixMarkedMtx/depth2/node3/test99_0.mtx 2.3 461.249 0.00248669 0.0333333 
/home/antonkov/masterWork/tests/samePrefixMarkedMtx/depth2/node3/test99_0.mtx 2.4 695.473 0.00136151 0.0194231 
/home/antonkov/masterWork/tests/samePrefixMarkedMtx/depth2/node3/test99_0.mtx 2.5 983.285 0.000912637 0.0124691 
/home/antonkov/masterWork/tests/samePrefixMarkedMtx/depth2/node3/test99_0.mtx 2.6 1403.46 0.000553819 0.00784615 
/home/antonkov/masterWork/tests/samePrefixMarkedMtx/depth2/node3/test99_0.mtx 2.7 2310.9 0.000282932 0.00390625 
/home/antonkov/masterWork/tests/samePrefixMarkedMtx/depth2/node3/test99_0.mtx 2.8 3217.75 0.000173179 0.00248756 
/home/antonkov/masterWork/tests/samePrefixMarkedMtx/depth2/node3/test99_0.mtx 2.9 5453.6 8.47052e-05 0.001287 
/home/antonkov/masterWork/tests/samePrefixMarkedMtx/depth2/node3/test99_0.mtx 3 8200.58 4.71993e-05 0.000768639 
/home/antonkov/masterWork/tests/samePrefixMarkedMtx/depth2/node3/test99_0.mtx 3.1 0 -1 -1 
/home/antonkov/masterWork/tests/samePrefixMarkedMtx/depth2/node3/test99_0.mtx 3.2 0 -1 -1 
/home/antonkov/masterWork/tests/samePrefixMarkedMtx/depth2/node3/test99_0.mtx 3.3 0 -1 -1 
/home/antonkov/masterWork/tests/samePrefixMarkedMtx/depth2/node3/test99_0.mtx 3.4 0 -1 -1 
/home/antonkov/masterWork/tests/samePrefixMarkedMtx/depth2/node3/test99_0.mtx 3.5 0 -1 -1 
/home/antonkov/masterWork/tests/samePrefixMarkedMtx/depth2/node3/test99_1.mtx 1 122.187 0.0843837 0.85 
/home/antonkov/masterWork/tests/samePrefixMarkedMtx/depth2/node3/test99_1.mtx 1.1 118.709 0.077066 0.8 
/home/antonkov/masterWork/tests/samePrefixMarkedMtx/depth2/node3/test99_1.mtx 1.2 110.429 0.0648872 0.695 
/home/antonkov/masterWork/tests/samePrefixMarkedMtx/depth2/node3/test99_1.mtx 1.3 100.87 0.0526215 0.57 
/home/antonkov/masterWork/tests/samePrefixMarkedMtx/depth2/node3/test99_1.mtx 1.4 129.484 0.0422164 0.47 
/home/antonkov/masterWork/tests/samePrefixMarkedMtx/depth2/node3/test99_1.mtx 1.5 121.719 0.0369329 0.416667 
/home/antonkov/masterWork/tests/samePrefixMarkedMtx/depth2/node3/test99_1.mtx 1.6 112.778 0.0290741 0.346667 
/home/antonkov/masterWork/tests/samePrefixMarkedMtx/depth2/node3/test99_1.mtx 1.7 126.998 0.0206207 0.255 
/home/antonkov/masterWork/tests/samePrefixMarkedMtx/depth2/node3/test99_1.mtx 1.8 141.477 0.0152778 0.2 
/home/antonkov/masterWork/tests/samePrefixMarkedMtx/depth2/node3/test99_1.mtx 1.9 191.413 0.0109462 0.13875 
/home/antonkov/masterWork/tests/samePrefixMarkedMtx/depth2/node3/test99_1.mtx 2 239.435 0.00765309 0.0981818 
/home/antonkov/masterWork/tests/samePrefixMarkedMtx/depth2/node3/test99_1.mtx 2.1 262.167 0.00564484 0.0742857 
/home/antonkov/masterWork/tests/samePrefixMarkedMtx/depth2/node3/test99_1.mtx 2.2 339.578 0.00390972 0.0535 
/home/antonkov/masterWork/tests/samePrefixMarkedMtx/depth2/node3/test99_1.mtx 2.3 468.506 0.00240703 0.0322581 
/home/antonkov/masterWork/tests/samePrefixMarkedMtx/depth2/node3/test99_1.mtx 2.4 650.871 0.00153284 0.0208333 
/home/antonkov/masterWork/tests/samePrefixMarkedMtx/depth2/node3/test99_1.mtx 2.5 942.94 0.000944264 0.012987 
/home/antonkov/masterWork/tests/samePrefixMarkedMtx/depth2/node3/test99_1.mtx 2.6 1556.37 0.000501819 0.00693878 
/home/antonkov/masterWork/tests/samePrefixMarkedMtx/depth2/node3/test99_1.mtx 2.7 2363.84 0.000272167 0.0038403 
/home/antonkov/masterWork/tests/samePrefixMarkedMtx/depth2/node3/test99_1.mtx 2.8 3979.51 0.0001362 0.00196078 
/home/antonkov/masterWork/tests/samePrefixMarkedMtx/depth2/node3/test99_1.mtx 2.9 6630.03 6.70455e-05 0.00102354 
/home/antonkov/masterWork/tests/samePrefixMarkedMtx/depth2/node3/test99_1.mtx 3 10491.4 3.83076e-05 0.000581734 
/home/antonkov/masterWork/tests/samePrefixMarkedMtx/depth2/node3/test99_1.mtx 3.1 0 -1 -1 
/home/antonkov/masterWork/tests/samePrefixMarkedMtx/depth2/node3/test99_1.mtx 3.2 0 -1 -1 
/home/antonkov/masterWork/tests/samePrefixMarkedMtx/depth2/node3/test99_1.mtx 3.3 0 -1 -1 
/home/antonkov/masterWork/tests/samePrefixMarkedMtx/depth2/node3/test99_1.mtx 3.4 0 -1 -1 
/home/antonkov/masterWork/tests/samePrefixMarkedMtx/depth2/node3/test99_1.mtx 3.5 0 -1 -1 
/home/antonkov/masterWork/tests/samePrefixMarkedMtx/depth2/node3/test99_2.mtx 1 123.067 0.0834028 0.81 
/home/antonkov/masterWork/tests/samePrefixMarkedMtx/depth2/node3/test99_2.mtx 1.1 115.219 0.074566 0.74 
/home/antonkov/masterWork/tests/samePrefixMarkedMtx/depth2/node3/test99_2.mtx 1.2 103.398 0.0663802 0.67 
/home/antonkov/masterWork/tests/samePrefixMarkedMtx/depth2/node3/test99_2.mtx 1.3 100.914 0.0582986 0.61 
/home/antonkov/masterWork/tests/samePrefixMarkedMtx/depth2/node3/test99_2.mtx 1.4 96.3445 0.047934 0.515 
/home/antonkov/masterWork/tests/samePrefixMarkedMtx/depth2/node3/test99_2.mtx 1.5 122.723 0.0379688 0.423333 
/home/antonkov/masterWork/tests/samePrefixMarkedMtx/depth2/node3/test99_2.mtx 1.6 115.341 0.0311343 0.36 
/home/antonkov/masterWork/tests/samePrefixMarkedMtx/depth2/node3/test99_2.mtx 1.7 131.286 0.0215668 0.2575 
/home/antonkov/masterWork/tests/samePrefixMarkedMtx/depth2/node3/test99_2.mtx 1.8 165.947 0.016033 0.195 
/home/antonkov/masterWork/tests/samePrefixMarkedMtx/depth2/node3/test99_2.mtx 1.9 194.375 0.0116688 0.14 
/home/antonkov/masterWork/tests/samePrefixMarkedMtx/depth2/node3/test99_2.mtx 2 217.105 0.00839931 0.103 
/home/antonkov/masterWork/tests/samePrefixMarkedMtx/depth2/node3/test99_2.mtx 2.1 282.972 0.00558565 0.0686667 
/home/antonkov/masterWork/tests/samePrefixMarkedMtx/depth2/node3/test99_2.mtx 2.2 413.677 0.00325625 0.0412 
/home/antonkov/masterWork/tests/samePrefixMarkedMtx/depth2/node3/test99_2.mtx 2.3 522.443 0.00211508 0.0288571 
/home/antonkov/masterWork/tests/samePrefixMarkedMtx/depth2/node3/test99_2.mtx 2.4 805.784 0.00123662 0.0167213 
/home/antonkov/masterWork/tests/samePrefixMarkedMtx/depth2/node3/test99_2.mtx 2.5 1009.61 0.000863562 0.0117647 
/home/antonkov/masterWork/tests/samePrefixMarkedMtx/depth2/node3/test99_2.mtx 2.6 1750.89 0.000436801 0.00591716 
/home/antonkov/masterWork/tests/samePrefixMarkedMtx/depth2/node3/test99_2.mtx 2.7 2893.25 0.000207442 0.00302115 
/home/antonkov/masterWork/tests/samePrefixMarkedMtx/depth2/node3/test99_2.mtx 2.8 5009.27 9.91019e-05 0.00150376 
/home/antonkov/masterWork/tests/samePrefixMarkedMtx/depth2/node3/test99_2.mtx 2.9 7566.27 6.22573e-05 0.000896057 
/home/antonkov/masterWork/tests/samePrefixMarkedMtx/depth2/node3/test99_2.mtx 3 0 -1 -1 
/home/antonkov/masterWork/tests/samePrefixMarkedMtx/depth2/node3/test99_2.mtx 3.1 0 -1 -1 
/home/antonkov/masterWork/tests/samePrefixMarkedMtx/depth2/node3/test99_2.mtx 3.2 0 -1 -1 
/home/antonkov/masterWork/tests/samePrefixMarkedMtx/depth2/node3/test99_2.mtx 3.3 0 -1 -1 
/home/antonkov/masterWork/tests/samePrefixMarkedMtx/depth2/node3/test99_2.mtx 3.4 0 -1 -1 
/home/antonkov/masterWork/tests/samePrefixMarkedMtx/depth2/node3/test99_2.mtx 3.5 0 -1 -1 
/home/antonkov/masterWork/tests/samePrefixMarkedMtx/depth2/node3/test99_3.mtx 1 117.52 0.0805816 0.785 
/home/antonkov/masterWork/tests/samePrefixMarkedMtx/depth2/node3/test99_3.mtx 1.1 113.992 0.0701128 0.71 
/home/antonkov/masterWork/tests/samePrefixMarkedMtx/depth2/node3/test99_3.mtx 1.2 102.95 0.0605642 0.62 
/home/antonkov/masterWork/tests/samePrefixMarkedMtx/depth2/node3/test99_3.mtx 1.3 95.9414 0.053533 0.565 
/home/antonkov/masterWork/tests/samePrefixMarkedMtx/depth2/node3/test99_3.mtx 1.4 96.0936 0.0461458 0.51 
/home/antonkov/masterWork/tests/samePrefixMarkedMtx/depth2/node3/test99_3.mtx 1.5 119.977 0.0375 0.426667 
/home/antonkov/masterWork/tests/samePrefixMarkedMtx/depth2/node3/test99_3.mtx 1.6 113.966 0.0305208 0.34 
/home/antonkov/masterWork/tests/samePrefixMarkedMtx/depth2/node3/test99_3.mtx 1.7 128.86 0.0211936 0.255 
/home/antonkov/masterWork/tests/samePrefixMarkedMtx/depth2/node3/test99_3.mtx 1.8 145.032 0.0177431 0.218 
/home/antonkov/masterWork/tests/samePrefixMarkedMtx/depth2/node3/test99_3.mtx 1.9 174.177 0.0120561 0.15 
/home/antonkov/masterWork/tests/samePrefixMarkedMtx/depth2/node3/test99_3.mtx 2 217.508 0.00849306 0.105 
/home/antonkov/masterWork/tests/samePrefixMarkedMtx/depth2/node3/test99_3.mtx 2.1 253.876 0.00631544 0.0776923 
/home/antonkov/masterWork/tests/samePrefixMarkedMtx/depth2/node3/test99_3.mtx 2.2 332.107 0.00413925 0.0526316 
/home/antonkov/masterWork/tests/samePrefixMarkedMtx/depth2/node3/test99_3.mtx 2.3 466.31 0.00262153 0.0343333 
/home/antonkov/masterWork/tests/samePrefixMarkedMtx/depth2/node3/test99_3.mtx 2.4 702.421 0.00142099 0.0188679 
/home/antonkov/masterWork/tests/samePrefixMarkedMtx/depth2/node3/test99_3.mtx 2.5 931.305 0.000903454 0.0131169 
/home/antonkov/masterWork/tests/samePrefixMarkedMtx/depth2/node3/test99_3.mtx 2.6 1612.71 0.000466113 0.00632911 
/home/antonkov/masterWork/tests/samePrefixMarkedMtx/depth2/node3/test99_3.mtx 2.7 2324.41 0.000259123 0.00396078 
/home/antonkov/masterWork/tests/samePrefixMarkedMtx/depth2/node3/test99_3.mtx 2.8 3799.51 0.000143922 0.00210084 
/home/antonkov/masterWork/tests/samePrefixMarkedMtx/depth2/node3/test99_3.mtx 2.9 5742.05 7.97189e-05 0.00124069 
/home/antonkov/masterWork/tests/samePrefixMarkedMtx/depth2/node3/test99_3.mtx 3 9328.97 3.91306e-05 0.000682594 
/home/antonkov/masterWork/tests/samePrefixMarkedMtx/depth2/node3/test99_3.mtx 3.1 0 -1 -1 
/home/antonkov/masterWork/tests/samePrefixMarkedMtx/depth2/node3/test99_3.mtx 3.2 0 -1 -1 
/home/antonkov/masterWork/tests/samePrefixMarkedMtx/depth2/node3/test99_3.mtx 3.3 0 -1 -1 
/home/antonkov/masterWork/tests/samePrefixMarkedMtx/depth2/node3/test99_3.mtx 3.4 0 -1 -1 
/home/antonkov/masterWork/tests/samePrefixMarkedMtx/depth2/node3/test99_3.mtx 3.5 0 -1 -1 
/home/antonkov/masterWork/tests/samePrefixMarkedMtx/depth2/node3/test99_4.mtx 1 120.933 0.0828646 0.815 
/home/antonkov/masterWork/tests/samePrefixMarkedMtx/depth2/node3/test99_4.mtx 1.1 118.2 0.0758854 0.77 
/home/antonkov/masterWork/tests/samePrefixMarkedMtx/depth2/node3/test99_4.mtx 1.2 111.532 0.066875 0.705 
/home/antonkov/masterWork/tests/samePrefixMarkedMtx/depth2/node3/test99_4.mtx 1.3 101.528 0.055842 0.615 
/home/antonkov/masterWork/tests/samePrefixMarkedMtx/depth2/node3/test99_4.mtx 1.4 95.644 0.0460677 0.505 
/home/antonkov/masterWork/tests/samePrefixMarkedMtx/depth2/node3/test99_4.mtx 1.5 119.742 0.0375231 0.42 
/home/antonkov/masterWork/tests/samePrefixMarkedMtx/depth2/node3/test99_4.mtx 1.6 111.886 0.0297569 0.343333 
/home/antonkov/masterWork/tests/samePrefixMarkedMtx/depth2/node3/test99_4.mtx 1.7 150.185 0.0211111 0.246 
/home/antonkov/masterWork/tests/samePrefixMarkedMtx/depth2/node3/test99_4.mtx 1.8 161.546 0.0160243 0.191667 
/home/antonkov/masterWork/tests/samePrefixMarkedMtx/depth2/node3/test99_4.mtx 1.9 166.818 0.011999 0.145714 
/home/antonkov/masterWork/tests/samePrefixMarkedMtx/depth2/node3/test99_4.mtx 2 218.932 0.00880208 0.107 
/home/antonkov/masterWork/tests/samePrefixMarkedMtx/depth2/node3/test99_4.mtx 2.1 271.339 0.0062872 0.0764286 
/home/antonkov/masterWork/tests/samePrefixMarkedMtx/depth2/node3/test99_4.mtx 2.2 365.374 0.00357876 0.0459091 
/home/antonkov/masterWork/tests/samePrefixMarkedMtx/depth2/node3/test99_4.mtx 2.3 561.001 0.00190929 0.025 
/home/antonkov/masterWork/tests/samePrefixMarkedMtx/depth2/node3/test99_4.mtx 2.4 673.837 0.00149782 0.02 
/home/antonkov/masterWork/tests/samePrefixMarkedMtx/depth2/node3/test99_4.mtx 2.5 913.417 0.000945038 0.0131579 
/home/antonkov/masterWork/tests/samePrefixMarkedMtx/depth2/node3/test99_4.mtx 2.6 1391.3 0.000546616 0.00746269 
/home/antonkov/masterWork/tests/samePrefixMarkedMtx/depth2/node3/test99_4.mtx 2.7 2429.69 0.000256919 0.003663 
/home/antonkov/masterWork/tests/samePrefixMarkedMtx/depth2/node3/test99_4.mtx 2.8 3544.3 0.000144369 0.00220751 
/home/antonkov/masterWork/tests/samePrefixMarkedMtx/depth2/node3/test99_4.mtx 2.9 5292.46 8.54313e-05 0.00131926 
/home/antonkov/masterWork/tests/samePrefixMarkedMtx/depth2/node3/test99_4.mtx 3 8616.16 4.55289e-05 0.000724638 
/home/antonkov/masterWork/tests/samePrefixMarkedMtx/depth2/node3/test99_4.mtx 3.1 0 -1 -1 
/home/antonkov/masterWork/tests/samePrefixMarkedMtx/depth2/node3/test99_4.mtx 3.2 0 -1 -1 
/home/antonkov/masterWork/tests/samePrefixMarkedMtx/depth2/node3/test99_4.mtx 3.3 0 -1 -1 
/home/antonkov/masterWork/tests/samePrefixMarkedMtx/depth2/node3/test99_4.mtx 3.4 0 -1 -1 
/home/antonkov/masterWork/tests/samePrefixMarkedMtx/depth2/node3/test99_4.mtx 3.5 0 -1 -1 
