Results
Filename SNR Time(ms) BER FER
/home/antonkov/masterWork/tests/samePrefixMarkedMtx2304/depth3/node1/test0_0.mtx 1 508.197 0.0909679 0.99 
/home/antonkov/masterWork/tests/samePrefixMarkedMtx2304/depth3/node1/test0_0.mtx 1.1 474.804 0.0790148 0.91 
/home/antonkov/masterWork/tests/samePrefixMarkedMtx2304/depth3/node1/test0_0.mtx 1.2 464.138 0.0638802 0.8 
/home/antonkov/masterWork/tests/samePrefixMarkedMtx2304/depth3/node1/test0_0.mtx 1.3 432.46 0.0455512 0.58 
/home/antonkov/masterWork/tests/samePrefixMarkedMtx2304/depth3/node1/test0_0.mtx 1.4 558.524 0.0359722 0.48 
/home/antonkov/masterWork/tests/samePrefixMarkedMtx2304/depth3/node1/test0_0.mtx 1.5 538.604 0.0212457 0.31 
/home/antonkov/masterWork/tests/samePrefixMarkedMtx2304/depth3/node1/test0_0.mtx 1.6 586.197 0.0119459 0.183333 
/home/antonkov/masterWork/tests/samePrefixMarkedMtx2304/depth3/node1/test0_0.mtx 1.7 766.176 0.00611256 0.0883333 
/home/antonkov/masterWork/tests/samePrefixMarkedMtx2304/depth3/node1/test0_0.mtx 1.8 1145.39 0.00247396 0.0384615 
/home/antonkov/masterWork/tests/samePrefixMarkedMtx2304/depth3/node1/test0_0.mtx 1.9 2432.92 0.000861545 0.0131579 
/home/antonkov/masterWork/tests/samePrefixMarkedMtx2304/depth3/node1/test0_0.mtx 2 5777.78 0.000227116 0.00431034 
/home/antonkov/masterWork/tests/samePrefixMarkedMtx2304/depth3/node1/test0_0.mtx 2.1 0 -1 -1 
/home/antonkov/masterWork/tests/samePrefixMarkedMtx2304/depth3/node1/test0_0.mtx 2.2 0 -1 -1 
/home/antonkov/masterWork/tests/samePrefixMarkedMtx2304/depth3/node1/test0_0.mtx 2.3 0 -1 -1 
/home/antonkov/masterWork/tests/samePrefixMarkedMtx2304/depth3/node1/test0_0.mtx 2.4 0 -1 -1 
/home/antonkov/masterWork/tests/samePrefixMarkedMtx2304/depth3/node1/test0_0.mtx 2.5 0 -1 -1 
/home/antonkov/masterWork/tests/samePrefixMarkedMtx2304/depth3/node1/test0_0.mtx 2.6 0 -1 -1 
/home/antonkov/masterWork/tests/samePrefixMarkedMtx2304/depth3/node1/test0_0.mtx 2.7 0 -1 -1 
/home/antonkov/masterWork/tests/samePrefixMarkedMtx2304/depth3/node1/test0_0.mtx 2.8 0 -1 -1 
/home/antonkov/masterWork/tests/samePrefixMarkedMtx2304/depth3/node1/test0_0.mtx 2.9 0 -1 -1 
/home/antonkov/masterWork/tests/samePrefixMarkedMtx2304/depth3/node1/test0_0.mtx 3 0 -1 -1 
/home/antonkov/masterWork/tests/samePrefixMarkedMtx2304/depth3/node1/test0_0.mtx 3.1 0 -1 -1 
/home/antonkov/masterWork/tests/samePrefixMarkedMtx2304/depth3/node1/test0_0.mtx 3.2 0 -1 -1 
/home/antonkov/masterWork/tests/samePrefixMarkedMtx2304/depth3/node1/test0_0.mtx 3.3 0 -1 -1 
/home/antonkov/masterWork/tests/samePrefixMarkedMtx2304/depth3/node1/test0_0.mtx 3.4 0 -1 -1 
/home/antonkov/masterWork/tests/samePrefixMarkedMtx2304/depth3/node1/test0_0.mtx 3.5 0 -1 -1 
/home/antonkov/masterWork/tests/samePrefixMarkedMtx2304/depth3/node1/test0_1.mtx 1 472.129 0.089197 0.95 
/home/antonkov/masterWork/tests/samePrefixMarkedMtx2304/depth3/node1/test0_1.mtx 1.1 463.945 0.0794141 0.91 
/home/antonkov/masterWork/tests/samePrefixMarkedMtx2304/depth3/node1/test0_1.mtx 1.2 459.926 0.067678 0.82 
/home/antonkov/masterWork/tests/samePrefixMarkedMtx2304/depth3/node1/test0_1.mtx 1.3 444.979 0.049796 0.68 
/home/antonkov/masterWork/tests/samePrefixMarkedMtx2304/depth3/node1/test0_1.mtx 1.4 560.547 0.0399653 0.51 
/home/antonkov/masterWork/tests/samePrefixMarkedMtx2304/depth3/node1/test0_1.mtx 1.5 522.299 0.0259049 0.365 
/home/antonkov/masterWork/tests/samePrefixMarkedMtx2304/depth3/node1/test0_1.mtx 1.6 587.317 0.0150231 0.216667 
/home/antonkov/masterWork/tests/samePrefixMarkedMtx2304/depth3/node1/test0_1.mtx 1.7 763.02 0.00654803 0.105 
/home/antonkov/masterWork/tests/samePrefixMarkedMtx2304/depth3/node1/test0_1.mtx 1.8 971.353 0.00348698 0.053 
/home/antonkov/masterWork/tests/samePrefixMarkedMtx2304/depth3/node1/test0_1.mtx 1.9 1861.94 0.0012492 0.0188889 
/home/antonkov/masterWork/tests/samePrefixMarkedMtx2304/depth3/node1/test0_1.mtx 2 3603.7 0.000484297 0.00776119 
/home/antonkov/masterWork/tests/samePrefixMarkedMtx2304/depth3/node1/test0_1.mtx 2.1 0 -1 -1 
/home/antonkov/masterWork/tests/samePrefixMarkedMtx2304/depth3/node1/test0_1.mtx 2.2 0 -1 -1 
/home/antonkov/masterWork/tests/samePrefixMarkedMtx2304/depth3/node1/test0_1.mtx 2.3 0 -1 -1 
/home/antonkov/masterWork/tests/samePrefixMarkedMtx2304/depth3/node1/test0_1.mtx 2.4 0 -1 -1 
/home/antonkov/masterWork/tests/samePrefixMarkedMtx2304/depth3/node1/test0_1.mtx 2.5 0 -1 -1 
/home/antonkov/masterWork/tests/samePrefixMarkedMtx2304/depth3/node1/test0_1.mtx 2.6 0 -1 -1 
/home/antonkov/masterWork/tests/samePrefixMarkedMtx2304/depth3/node1/test0_1.mtx 2.7 0 -1 -1 
/home/antonkov/masterWork/tests/samePrefixMarkedMtx2304/depth3/node1/test0_1.mtx 2.8 0 -1 -1 
/home/antonkov/masterWork/tests/samePrefixMarkedMtx2304/depth3/node1/test0_1.mtx 2.9 0 -1 -1 
/home/antonkov/masterWork/tests/samePrefixMarkedMtx2304/depth3/node1/test0_1.mtx 3 0 -1 -1 
/home/antonkov/masterWork/tests/samePrefixMarkedMtx2304/depth3/node1/test0_1.mtx 3.1 0 -1 -1 
/home/antonkov/masterWork/tests/samePrefixMarkedMtx2304/depth3/node1/test0_1.mtx 3.2 0 -1 -1 
/home/antonkov/masterWork/tests/samePrefixMarkedMtx2304/depth3/node1/test0_1.mtx 3.3 0 -1 -1 
/home/antonkov/masterWork/tests/samePrefixMarkedMtx2304/depth3/node1/test0_1.mtx 3.4 0 -1 -1 
/home/antonkov/masterWork/tests/samePrefixMarkedMtx2304/depth3/node1/test0_1.mtx 3.5 0 -1 -1 
/home/antonkov/masterWork/tests/samePrefixMarkedMtx2304/depth3/node1/test0_2.mtx 1 468.955 0.0894792 0.95 
/home/antonkov/masterWork/tests/samePrefixMarkedMtx2304/depth3/node1/test0_2.mtx 1.1 466.023 0.0787543 0.89 
/home/antonkov/masterWork/tests/samePrefixMarkedMtx2304/depth3/node1/test0_2.mtx 1.2 455.126 0.0657769 0.77 
/home/antonkov/masterWork/tests/samePrefixMarkedMtx2304/depth3/node1/test0_2.mtx 1.3 435.111 0.0549219 0.68 
/home/antonkov/masterWork/tests/samePrefixMarkedMtx2304/depth3/node1/test0_2.mtx 1.4 420.709 0.03977 0.51 
/home/antonkov/masterWork/tests/samePrefixMarkedMtx2304/depth3/node1/test0_2.mtx 1.5 531.684 0.0233832 0.325 
/home/antonkov/masterWork/tests/samePrefixMarkedMtx2304/depth3/node1/test0_2.mtx 1.6 577.538 0.0119647 0.173333 
/home/antonkov/masterWork/tests/samePrefixMarkedMtx2304/depth3/node1/test0_2.mtx 1.7 765.544 0.0069213 0.101667 
/home/antonkov/masterWork/tests/samePrefixMarkedMtx2304/depth3/node1/test0_2.mtx 1.8 1133.45 0.00262487 0.0415385 
/home/antonkov/masterWork/tests/samePrefixMarkedMtx2304/depth3/node1/test0_2.mtx 1.9 2156.86 0.000931245 0.0147059 
/home/antonkov/masterWork/tests/samePrefixMarkedMtx2304/depth3/node1/test0_2.mtx 2 5099.81 0.000338542 0.00495049 
/home/antonkov/masterWork/tests/samePrefixMarkedMtx2304/depth3/node1/test0_2.mtx 2.1 0 -1 -1 
/home/antonkov/masterWork/tests/samePrefixMarkedMtx2304/depth3/node1/test0_2.mtx 2.2 0 -1 -1 
/home/antonkov/masterWork/tests/samePrefixMarkedMtx2304/depth3/node1/test0_2.mtx 2.3 0 -1 -1 
/home/antonkov/masterWork/tests/samePrefixMarkedMtx2304/depth3/node1/test0_2.mtx 2.4 0 -1 -1 
/home/antonkov/masterWork/tests/samePrefixMarkedMtx2304/depth3/node1/test0_2.mtx 2.5 0 -1 -1 
/home/antonkov/masterWork/tests/samePrefixMarkedMtx2304/depth3/node1/test0_2.mtx 2.6 0 -1 -1 
/home/antonkov/masterWork/tests/samePrefixMarkedMtx2304/depth3/node1/test0_2.mtx 2.7 0 -1 -1 
/home/antonkov/masterWork/tests/samePrefixMarkedMtx2304/depth3/node1/test0_2.mtx 2.8 0 -1 -1 
/home/antonkov/masterWork/tests/samePrefixMarkedMtx2304/depth3/node1/test0_2.mtx 2.9 0 -1 -1 
/home/antonkov/masterWork/tests/samePrefixMarkedMtx2304/depth3/node1/test0_2.mtx 3 0 -1 -1 
/home/antonkov/masterWork/tests/samePrefixMarkedMtx2304/depth3/node1/test0_2.mtx 3.1 0 -1 -1 
/home/antonkov/masterWork/tests/samePrefixMarkedMtx2304/depth3/node1/test0_2.mtx 3.2 0 -1 -1 
/home/antonkov/masterWork/tests/samePrefixMarkedMtx2304/depth3/node1/test0_2.mtx 3.3 0 -1 -1 
/home/antonkov/masterWork/tests/samePrefixMarkedMtx2304/depth3/node1/test0_2.mtx 3.4 0 -1 -1 
/home/antonkov/masterWork/tests/samePrefixMarkedMtx2304/depth3/node1/test0_2.mtx 3.5 0 -1 -1 
/home/antonkov/masterWork/tests/samePrefixMarkedMtx2304/depth3/node1/test0_3.mtx 1 465.809 0.0868446 0.95 
/home/antonkov/masterWork/tests/samePrefixMarkedMtx2304/depth3/node1/test0_3.mtx 1.1 465.467 0.0737457 0.83 
/home/antonkov/masterWork/tests/samePrefixMarkedMtx2304/depth3/node1/test0_3.mtx 1.2 458.915 0.0643576 0.78 
/home/antonkov/masterWork/tests/samePrefixMarkedMtx2304/depth3/node1/test0_3.mtx 1.3 436.98 0.0490799 0.64 
/home/antonkov/masterWork/tests/samePrefixMarkedMtx2304/depth3/node1/test0_3.mtx 1.4 556.814 0.0351324 0.46 
/home/antonkov/masterWork/tests/samePrefixMarkedMtx2304/depth3/node1/test0_3.mtx 1.5 516.177 0.0237153 0.335 
/home/antonkov/masterWork/tests/samePrefixMarkedMtx2304/depth3/node1/test0_3.mtx 1.6 571.673 0.0124711 0.18 
/home/antonkov/masterWork/tests/samePrefixMarkedMtx2304/depth3/node1/test0_3.mtx 1.7 760.244 0.00585865 0.0866667 
/home/antonkov/masterWork/tests/samePrefixMarkedMtx2304/depth3/node1/test0_3.mtx 1.8 1189.61 0.00234208 0.0392308 
/home/antonkov/masterWork/tests/samePrefixMarkedMtx2304/depth3/node1/test0_3.mtx 1.9 2185.85 0.000876605 0.0151515 
/home/antonkov/masterWork/tests/samePrefixMarkedMtx2304/depth3/node1/test0_3.mtx 2 4492.59 0.000365896 0.00581395 
/home/antonkov/masterWork/tests/samePrefixMarkedMtx2304/depth3/node1/test0_3.mtx 2.1 0 -1 -1 
/home/antonkov/masterWork/tests/samePrefixMarkedMtx2304/depth3/node1/test0_3.mtx 2.2 0 -1 -1 
/home/antonkov/masterWork/tests/samePrefixMarkedMtx2304/depth3/node1/test0_3.mtx 2.3 0 -1 -1 
/home/antonkov/masterWork/tests/samePrefixMarkedMtx2304/depth3/node1/test0_3.mtx 2.4 0 -1 -1 
/home/antonkov/masterWork/tests/samePrefixMarkedMtx2304/depth3/node1/test0_3.mtx 2.5 0 -1 -1 
/home/antonkov/masterWork/tests/samePrefixMarkedMtx2304/depth3/node1/test0_3.mtx 2.6 0 -1 -1 
/home/antonkov/masterWork/tests/samePrefixMarkedMtx2304/depth3/node1/test0_3.mtx 2.7 0 -1 -1 
/home/antonkov/masterWork/tests/samePrefixMarkedMtx2304/depth3/node1/test0_3.mtx 2.8 0 -1 -1 
/home/antonkov/masterWork/tests/samePrefixMarkedMtx2304/depth3/node1/test0_3.mtx 2.9 0 -1 -1 
/home/antonkov/masterWork/tests/samePrefixMarkedMtx2304/depth3/node1/test0_3.mtx 3 0 -1 -1 
/home/antonkov/masterWork/tests/samePrefixMarkedMtx2304/depth3/node1/test0_3.mtx 3.1 0 -1 -1 
/home/antonkov/masterWork/tests/samePrefixMarkedMtx2304/depth3/node1/test0_3.mtx 3.2 0 -1 -1 
/home/antonkov/masterWork/tests/samePrefixMarkedMtx2304/depth3/node1/test0_3.mtx 3.3 0 -1 -1 
/home/antonkov/masterWork/tests/samePrefixMarkedMtx2304/depth3/node1/test0_3.mtx 3.4 0 -1 -1 
/home/antonkov/masterWork/tests/samePrefixMarkedMtx2304/depth3/node1/test0_3.mtx 3.5 0 -1 -1 
/home/antonkov/masterWork/tests/samePrefixMarkedMtx2304/depth3/node1/test0_4.mtx 1 465.444 0.0850174 0.91 
/home/antonkov/masterWork/tests/samePrefixMarkedMtx2304/depth3/node1/test0_4.mtx 1.1 462.637 0.0771962 0.9 
/home/antonkov/masterWork/tests/samePrefixMarkedMtx2304/depth3/node1/test0_4.mtx 1.2 460.333 0.0612934 0.74 
/home/antonkov/masterWork/tests/samePrefixMarkedMtx2304/depth3/node1/test0_4.mtx 1.3 433.57 0.046454 0.57 
/home/antonkov/masterWork/tests/samePrefixMarkedMtx2304/depth3/node1/test0_4.mtx 1.4 544.031 0.0347569 0.44 
/home/antonkov/masterWork/tests/samePrefixMarkedMtx2304/depth3/node1/test0_4.mtx 1.5 527.865 0.023151 0.32 
/home/antonkov/masterWork/tests/samePrefixMarkedMtx2304/depth3/node1/test0_4.mtx 1.6 663.797 0.0109614 0.1575 
/home/antonkov/masterWork/tests/samePrefixMarkedMtx2304/depth3/node1/test0_4.mtx 1.7 678.619 0.00666319 0.1 
/home/antonkov/masterWork/tests/samePrefixMarkedMtx2304/depth3/node1/test0_4.mtx 1.8 1070.86 0.00273329 0.0425 
/home/antonkov/masterWork/tests/samePrefixMarkedMtx2304/depth3/node1/test0_4.mtx 1.9 2182.37 0.000960733 0.0147059 
/home/antonkov/masterWork/tests/samePrefixMarkedMtx2304/depth3/node1/test0_4.mtx 2 5809.1 0.000248443 0.00431034 
/home/antonkov/masterWork/tests/samePrefixMarkedMtx2304/depth3/node1/test0_4.mtx 2.1 0 -1 -1 
/home/antonkov/masterWork/tests/samePrefixMarkedMtx2304/depth3/node1/test0_4.mtx 2.2 0 -1 -1 
/home/antonkov/masterWork/tests/samePrefixMarkedMtx2304/depth3/node1/test0_4.mtx 2.3 0 -1 -1 
/home/antonkov/masterWork/tests/samePrefixMarkedMtx2304/depth3/node1/test0_4.mtx 2.4 0 -1 -1 
/home/antonkov/masterWork/tests/samePrefixMarkedMtx2304/depth3/node1/test0_4.mtx 2.5 0 -1 -1 
/home/antonkov/masterWork/tests/samePrefixMarkedMtx2304/depth3/node1/test0_4.mtx 2.6 0 -1 -1 
/home/antonkov/masterWork/tests/samePrefixMarkedMtx2304/depth3/node1/test0_4.mtx 2.7 0 -1 -1 
/home/antonkov/masterWork/tests/samePrefixMarkedMtx2304/depth3/node1/test0_4.mtx 2.8 0 -1 -1 
/home/antonkov/masterWork/tests/samePrefixMarkedMtx2304/depth3/node1/test0_4.mtx 2.9 0 -1 -1 
/home/antonkov/masterWork/tests/samePrefixMarkedMtx2304/depth3/node1/test0_4.mtx 3 0 -1 -1 
/home/antonkov/masterWork/tests/samePrefixMarkedMtx2304/depth3/node1/test0_4.mtx 3.1 0 -1 -1 
/home/antonkov/masterWork/tests/samePrefixMarkedMtx2304/depth3/node1/test0_4.mtx 3.2 0 -1 -1 
/home/antonkov/masterWork/tests/samePrefixMarkedMtx2304/depth3/node1/test0_4.mtx 3.3 0 -1 -1 
/home/antonkov/masterWork/tests/samePrefixMarkedMtx2304/depth3/node1/test0_4.mtx 3.4 0 -1 -1 
/home/antonkov/masterWork/tests/samePrefixMarkedMtx2304/depth3/node1/test0_4.mtx 3.5 0 -1 -1 
/home/antonkov/masterWork/tests/samePrefixMarkedMtx2304/depth3/node1/test1_0.mtx 1 440.926 0.0830729 0.92 
/home/antonkov/masterWork/tests/samePrefixMarkedMtx2304/depth3/node1/test1_0.mtx 1.1 430.359 0.0669097 0.79 
/home/antonkov/masterWork/tests/samePrefixMarkedMtx2304/depth3/node1/test1_0.mtx 1.2 418.914 0.0510764 0.63 
/home/antonkov/masterWork/tests/samePrefixMarkedMtx2304/depth3/node1/test1_0.mtx 1.3 542.277 0.0414692 0.535 
/home/antonkov/masterWork/tests/samePrefixMarkedMtx2304/depth3/node1/test1_0.mtx 1.4 502.901 0.0260004 0.34 
/home/antonkov/masterWork/tests/samePrefixMarkedMtx2304/depth3/node1/test1_0.mtx 1.5 553.751 0.0141464 0.2 
/home/antonkov/masterWork/tests/samePrefixMarkedMtx2304/depth3/node1/test1_0.mtx 1.6 663.497 0.00814931 0.116 
/home/antonkov/masterWork/tests/samePrefixMarkedMtx2304/depth3/node1/test1_0.mtx 1.7 943.18 0.00421923 0.0611111 
/home/antonkov/masterWork/tests/samePrefixMarkedMtx2304/depth3/node1/test1_0.mtx 1.8 1611.6 0.00133775 0.0221739 
/home/antonkov/masterWork/tests/samePrefixMarkedMtx2304/depth3/node1/test1_0.mtx 1.9 3991.36 0.00042662 0.0068 
/home/antonkov/masterWork/tests/samePrefixMarkedMtx2304/depth3/node1/test1_0.mtx 2 0 -1 -1 
/home/antonkov/masterWork/tests/samePrefixMarkedMtx2304/depth3/node1/test1_0.mtx 2.1 0 -1 -1 
/home/antonkov/masterWork/tests/samePrefixMarkedMtx2304/depth3/node1/test1_0.mtx 2.2 0 -1 -1 
/home/antonkov/masterWork/tests/samePrefixMarkedMtx2304/depth3/node1/test1_0.mtx 2.3 0 -1 -1 
/home/antonkov/masterWork/tests/samePrefixMarkedMtx2304/depth3/node1/test1_0.mtx 2.4 0 -1 -1 
/home/antonkov/masterWork/tests/samePrefixMarkedMtx2304/depth3/node1/test1_0.mtx 2.5 0 -1 -1 
/home/antonkov/masterWork/tests/samePrefixMarkedMtx2304/depth3/node1/test1_0.mtx 2.6 0 -1 -1 
/home/antonkov/masterWork/tests/samePrefixMarkedMtx2304/depth3/node1/test1_0.mtx 2.7 0 -1 -1 
/home/antonkov/masterWork/tests/samePrefixMarkedMtx2304/depth3/node1/test1_0.mtx 2.8 0 -1 -1 
/home/antonkov/masterWork/tests/samePrefixMarkedMtx2304/depth3/node1/test1_0.mtx 2.9 0 -1 -1 
/home/antonkov/masterWork/tests/samePrefixMarkedMtx2304/depth3/node1/test1_0.mtx 3 0 -1 -1 
/home/antonkov/masterWork/tests/samePrefixMarkedMtx2304/depth3/node1/test1_0.mtx 3.1 0 -1 -1 
/home/antonkov/masterWork/tests/samePrefixMarkedMtx2304/depth3/node1/test1_0.mtx 3.2 0 -1 -1 
/home/antonkov/masterWork/tests/samePrefixMarkedMtx2304/depth3/node1/test1_0.mtx 3.3 0 -1 -1 
/home/antonkov/masterWork/tests/samePrefixMarkedMtx2304/depth3/node1/test1_0.mtx 3.4 0 -1 -1 
/home/antonkov/masterWork/tests/samePrefixMarkedMtx2304/depth3/node1/test1_0.mtx 3.5 0 -1 -1 
/home/antonkov/masterWork/tests/samePrefixMarkedMtx2304/depth3/node1/test1_1.mtx 1 438.935 0.0834679 0.89 
/home/antonkov/masterWork/tests/samePrefixMarkedMtx2304/depth3/node1/test1_1.mtx 1.1 442.372 0.073572 0.85 
/home/antonkov/masterWork/tests/samePrefixMarkedMtx2304/depth3/node1/test1_1.mtx 1.2 434.794 0.0566146 0.71 
/home/antonkov/masterWork/tests/samePrefixMarkedMtx2304/depth3/node1/test1_1.mtx 1.3 399.446 0.0411198 0.52 
/home/antonkov/masterWork/tests/samePrefixMarkedMtx2304/depth3/node1/test1_1.mtx 1.4 495.53 0.0260265 0.35 
/home/antonkov/masterWork/tests/samePrefixMarkedMtx2304/depth3/node1/test1_1.mtx 1.5 562.632 0.0136343 0.19 
/home/antonkov/masterWork/tests/samePrefixMarkedMtx2304/depth3/node1/test1_1.mtx 1.6 747.118 0.00651186 0.0933333 
/home/antonkov/masterWork/tests/samePrefixMarkedMtx2304/depth3/node1/test1_1.mtx 1.7 1095.94 0.00295139 0.0441667 
/home/antonkov/masterWork/tests/samePrefixMarkedMtx2304/depth3/node1/test1_1.mtx 1.8 1728.39 0.00123854 0.02 
/home/antonkov/masterWork/tests/samePrefixMarkedMtx2304/depth3/node1/test1_1.mtx 1.9 3602.05 0.000450402 0.00772727 
/home/antonkov/masterWork/tests/samePrefixMarkedMtx2304/depth3/node1/test1_1.mtx 2 0 -1 -1 
/home/antonkov/masterWork/tests/samePrefixMarkedMtx2304/depth3/node1/test1_1.mtx 2.1 0 -1 -1 
/home/antonkov/masterWork/tests/samePrefixMarkedMtx2304/depth3/node1/test1_1.mtx 2.2 0 -1 -1 
/home/antonkov/masterWork/tests/samePrefixMarkedMtx2304/depth3/node1/test1_1.mtx 2.3 0 -1 -1 
/home/antonkov/masterWork/tests/samePrefixMarkedMtx2304/depth3/node1/test1_1.mtx 2.4 0 -1 -1 
/home/antonkov/masterWork/tests/samePrefixMarkedMtx2304/depth3/node1/test1_1.mtx 2.5 0 -1 -1 
/home/antonkov/masterWork/tests/samePrefixMarkedMtx2304/depth3/node1/test1_1.mtx 2.6 0 -1 -1 
/home/antonkov/masterWork/tests/samePrefixMarkedMtx2304/depth3/node1/test1_1.mtx 2.7 0 -1 -1 
/home/antonkov/masterWork/tests/samePrefixMarkedMtx2304/depth3/node1/test1_1.mtx 2.8 0 -1 -1 
/home/antonkov/masterWork/tests/samePrefixMarkedMtx2304/depth3/node1/test1_1.mtx 2.9 0 -1 -1 
/home/antonkov/masterWork/tests/samePrefixMarkedMtx2304/depth3/node1/test1_1.mtx 3 0 -1 -1 
/home/antonkov/masterWork/tests/samePrefixMarkedMtx2304/depth3/node1/test1_1.mtx 3.1 0 -1 -1 
/home/antonkov/masterWork/tests/samePrefixMarkedMtx2304/depth3/node1/test1_1.mtx 3.2 0 -1 -1 
/home/antonkov/masterWork/tests/samePrefixMarkedMtx2304/depth3/node1/test1_1.mtx 3.3 0 -1 -1 
/home/antonkov/masterWork/tests/samePrefixMarkedMtx2304/depth3/node1/test1_1.mtx 3.4 0 -1 -1 
/home/antonkov/masterWork/tests/samePrefixMarkedMtx2304/depth3/node1/test1_1.mtx 3.5 0 -1 -1 
/home/antonkov/masterWork/tests/samePrefixMarkedMtx2304/depth3/node1/test1_2.mtx 1 439.174 0.0844488 0.93 
/home/antonkov/masterWork/tests/samePrefixMarkedMtx2304/depth3/node1/test1_2.mtx 1.1 438.252 0.0715017 0.84 
/home/antonkov/masterWork/tests/samePrefixMarkedMtx2304/depth3/node1/test1_2.mtx 1.2 439.184 0.0565408 0.69 
/home/antonkov/masterWork/tests/samePrefixMarkedMtx2304/depth3/node1/test1_2.mtx 1.3 537.774 0.0397569 0.505 
/home/antonkov/masterWork/tests/samePrefixMarkedMtx2304/depth3/node1/test1_2.mtx 1.4 513.627 0.0276693 0.385 
/home/antonkov/masterWork/tests/samePrefixMarkedMtx2304/depth3/node1/test1_2.mtx 1.5 550.094 0.0119864 0.173333 
/home/antonkov/masterWork/tests/samePrefixMarkedMtx2304/depth3/node1/test1_2.mtx 1.6 665.144 0.0070599 0.1 
/home/antonkov/masterWork/tests/samePrefixMarkedMtx2304/depth3/node1/test1_2.mtx 1.7 968.172 0.00308594 0.051 
/home/antonkov/masterWork/tests/samePrefixMarkedMtx2304/depth3/node1/test1_2.mtx 1.8 1529 0.00144035 0.0238095 
/home/antonkov/masterWork/tests/samePrefixMarkedMtx2304/depth3/node1/test1_2.mtx 1.9 3686.1 0.000473997 0.00761194 
/home/antonkov/masterWork/tests/samePrefixMarkedMtx2304/depth3/node1/test1_2.mtx 2 0 -1 -1 
/home/antonkov/masterWork/tests/samePrefixMarkedMtx2304/depth3/node1/test1_2.mtx 2.1 0 -1 -1 
/home/antonkov/masterWork/tests/samePrefixMarkedMtx2304/depth3/node1/test1_2.mtx 2.2 0 -1 -1 
/home/antonkov/masterWork/tests/samePrefixMarkedMtx2304/depth3/node1/test1_2.mtx 2.3 0 -1 -1 
/home/antonkov/masterWork/tests/samePrefixMarkedMtx2304/depth3/node1/test1_2.mtx 2.4 0 -1 -1 
/home/antonkov/masterWork/tests/samePrefixMarkedMtx2304/depth3/node1/test1_2.mtx 2.5 0 -1 -1 
/home/antonkov/masterWork/tests/samePrefixMarkedMtx2304/depth3/node1/test1_2.mtx 2.6 0 -1 -1 
/home/antonkov/masterWork/tests/samePrefixMarkedMtx2304/depth3/node1/test1_2.mtx 2.7 0 -1 -1 
/home/antonkov/masterWork/tests/samePrefixMarkedMtx2304/depth3/node1/test1_2.mtx 2.8 0 -1 -1 
/home/antonkov/masterWork/tests/samePrefixMarkedMtx2304/depth3/node1/test1_2.mtx 2.9 0 -1 -1 
/home/antonkov/masterWork/tests/samePrefixMarkedMtx2304/depth3/node1/test1_2.mtx 3 0 -1 -1 
/home/antonkov/masterWork/tests/samePrefixMarkedMtx2304/depth3/node1/test1_2.mtx 3.1 0 -1 -1 
/home/antonkov/masterWork/tests/samePrefixMarkedMtx2304/depth3/node1/test1_2.mtx 3.2 0 -1 -1 
/home/antonkov/masterWork/tests/samePrefixMarkedMtx2304/depth3/node1/test1_2.mtx 3.3 0 -1 -1 
/home/antonkov/masterWork/tests/samePrefixMarkedMtx2304/depth3/node1/test1_2.mtx 3.4 0 -1 -1 
/home/antonkov/masterWork/tests/samePrefixMarkedMtx2304/depth3/node1/test1_2.mtx 3.5 0 -1 -1 
/home/antonkov/masterWork/tests/samePrefixMarkedMtx2304/depth3/node1/test1_3.mtx 1 434.325 0.081428 0.91 
/home/antonkov/masterWork/tests/samePrefixMarkedMtx2304/depth3/node1/test1_3.mtx 1.1 427.212 0.0668576 0.77 
/home/antonkov/masterWork/tests/samePrefixMarkedMtx2304/depth3/node1/test1_3.mtx 1.2 415.267 0.0536328 0.64 
/home/antonkov/masterWork/tests/samePrefixMarkedMtx2304/depth3/node1/test1_3.mtx 1.3 398.779 0.0393186 0.52 
/home/antonkov/masterWork/tests/samePrefixMarkedMtx2304/depth3/node1/test1_3.mtx 1.4 483.244 0.02273 0.3 
/home/antonkov/masterWork/tests/samePrefixMarkedMtx2304/depth3/node1/test1_3.mtx 1.5 547.265 0.0123264 0.17 
/home/antonkov/masterWork/tests/samePrefixMarkedMtx2304/depth3/node1/test1_3.mtx 1.6 766.725 0.00680845 0.0983333 
/home/antonkov/masterWork/tests/samePrefixMarkedMtx2304/depth3/node1/test1_3.mtx 1.7 1185.34 0.00263421 0.0384615 
/home/antonkov/masterWork/tests/samePrefixMarkedMtx2304/depth3/node1/test1_3.mtx 1.8 1809.67 0.00121878 0.0192308 
/home/antonkov/masterWork/tests/samePrefixMarkedMtx2304/depth3/node1/test1_3.mtx 1.9 3287.55 0.00052819 0.00864407 
/home/antonkov/masterWork/tests/samePrefixMarkedMtx2304/depth3/node1/test1_3.mtx 2 0 -1 -1 
/home/antonkov/masterWork/tests/samePrefixMarkedMtx2304/depth3/node1/test1_3.mtx 2.1 0 -1 -1 
/home/antonkov/masterWork/tests/samePrefixMarkedMtx2304/depth3/node1/test1_3.mtx 2.2 0 -1 -1 
/home/antonkov/masterWork/tests/samePrefixMarkedMtx2304/depth3/node1/test1_3.mtx 2.3 0 -1 -1 
/home/antonkov/masterWork/tests/samePrefixMarkedMtx2304/depth3/node1/test1_3.mtx 2.4 0 -1 -1 
/home/antonkov/masterWork/tests/samePrefixMarkedMtx2304/depth3/node1/test1_3.mtx 2.5 0 -1 -1 
/home/antonkov/masterWork/tests/samePrefixMarkedMtx2304/depth3/node1/test1_3.mtx 2.6 0 -1 -1 
/home/antonkov/masterWork/tests/samePrefixMarkedMtx2304/depth3/node1/test1_3.mtx 2.7 0 -1 -1 
/home/antonkov/masterWork/tests/samePrefixMarkedMtx2304/depth3/node1/test1_3.mtx 2.8 0 -1 -1 
/home/antonkov/masterWork/tests/samePrefixMarkedMtx2304/depth3/node1/test1_3.mtx 2.9 0 -1 -1 
/home/antonkov/masterWork/tests/samePrefixMarkedMtx2304/depth3/node1/test1_3.mtx 3 0 -1 -1 
/home/antonkov/masterWork/tests/samePrefixMarkedMtx2304/depth3/node1/test1_3.mtx 3.1 0 -1 -1 
/home/antonkov/masterWork/tests/samePrefixMarkedMtx2304/depth3/node1/test1_3.mtx 3.2 0 -1 -1 
/home/antonkov/masterWork/tests/samePrefixMarkedMtx2304/depth3/node1/test1_3.mtx 3.3 0 -1 -1 
/home/antonkov/masterWork/tests/samePrefixMarkedMtx2304/depth3/node1/test1_3.mtx 3.4 0 -1 -1 
/home/antonkov/masterWork/tests/samePrefixMarkedMtx2304/depth3/node1/test1_3.mtx 3.5 0 -1 -1 
/home/antonkov/masterWork/tests/samePrefixMarkedMtx2304/depth3/node1/test1_4.mtx 1 438.515 0.0759809 0.84 
/home/antonkov/masterWork/tests/samePrefixMarkedMtx2304/depth3/node1/test1_4.mtx 1.1 423.57 0.0632639 0.73 
/home/antonkov/masterWork/tests/samePrefixMarkedMtx2304/depth3/node1/test1_4.mtx 1.2 410.136 0.0501476 0.58 
/home/antonkov/masterWork/tests/samePrefixMarkedMtx2304/depth3/node1/test1_4.mtx 1.3 534.958 0.0420247 0.525 
/home/antonkov/masterWork/tests/samePrefixMarkedMtx2304/depth3/node1/test1_4.mtx 1.4 495.763 0.0281901 0.375 
/home/antonkov/masterWork/tests/samePrefixMarkedMtx2304/depth3/node1/test1_4.mtx 1.5 581.039 0.0168244 0.236667 
/home/antonkov/masterWork/tests/samePrefixMarkedMtx2304/depth3/node1/test1_4.mtx 1.6 685.786 0.00775694 0.11 
/home/antonkov/masterWork/tests/samePrefixMarkedMtx2304/depth3/node1/test1_4.mtx 1.7 898.817 0.00407938 0.0577778 
/home/antonkov/masterWork/tests/samePrefixMarkedMtx2304/depth3/node1/test1_4.mtx 1.8 1450.43 0.00158746 0.025 
/home/antonkov/masterWork/tests/samePrefixMarkedMtx2304/depth3/node1/test1_4.mtx 1.9 3378.98 0.000532804 0.00822581 
/home/antonkov/masterWork/tests/samePrefixMarkedMtx2304/depth3/node1/test1_4.mtx 2 0 -1 -1 
/home/antonkov/masterWork/tests/samePrefixMarkedMtx2304/depth3/node1/test1_4.mtx 2.1 0 -1 -1 
/home/antonkov/masterWork/tests/samePrefixMarkedMtx2304/depth3/node1/test1_4.mtx 2.2 0 -1 -1 
/home/antonkov/masterWork/tests/samePrefixMarkedMtx2304/depth3/node1/test1_4.mtx 2.3 0 -1 -1 
/home/antonkov/masterWork/tests/samePrefixMarkedMtx2304/depth3/node1/test1_4.mtx 2.4 0 -1 -1 
/home/antonkov/masterWork/tests/samePrefixMarkedMtx2304/depth3/node1/test1_4.mtx 2.5 0 -1 -1 
/home/antonkov/masterWork/tests/samePrefixMarkedMtx2304/depth3/node1/test1_4.mtx 2.6 0 -1 -1 
/home/antonkov/masterWork/tests/samePrefixMarkedMtx2304/depth3/node1/test1_4.mtx 2.7 0 -1 -1 
/home/antonkov/masterWork/tests/samePrefixMarkedMtx2304/depth3/node1/test1_4.mtx 2.8 0 -1 -1 
/home/antonkov/masterWork/tests/samePrefixMarkedMtx2304/depth3/node1/test1_4.mtx 2.9 0 -1 -1 
/home/antonkov/masterWork/tests/samePrefixMarkedMtx2304/depth3/node1/test1_4.mtx 3 0 -1 -1 
/home/antonkov/masterWork/tests/samePrefixMarkedMtx2304/depth3/node1/test1_4.mtx 3.1 0 -1 -1 
/home/antonkov/masterWork/tests/samePrefixMarkedMtx2304/depth3/node1/test1_4.mtx 3.2 0 -1 -1 
/home/antonkov/masterWork/tests/samePrefixMarkedMtx2304/depth3/node1/test1_4.mtx 3.3 0 -1 -1 
/home/antonkov/masterWork/tests/samePrefixMarkedMtx2304/depth3/node1/test1_4.mtx 3.4 0 -1 -1 
/home/antonkov/masterWork/tests/samePrefixMarkedMtx2304/depth3/node1/test1_4.mtx 3.5 0 -1 -1 
/home/antonkov/masterWork/tests/samePrefixMarkedMtx2304/depth3/node1/test2_0.mtx 1 440.08 0.0853733 0.95 
/home/antonkov/masterWork/tests/samePrefixMarkedMtx2304/depth3/node1/test2_0.mtx 1.1 435.667 0.0685981 0.81 
/home/antonkov/masterWork/tests/samePrefixMarkedMtx2304/depth3/node1/test2_0.mtx 1.2 426.07 0.0531901 0.66 
/home/antonkov/masterWork/tests/samePrefixMarkedMtx2304/depth3/node1/test2_0.mtx 1.3 535.979 0.0413325 0.52 
/home/antonkov/masterWork/tests/samePrefixMarkedMtx2304/depth3/node1/test2_0.mtx 1.4 498.982 0.0259136 0.355 
/home/antonkov/masterWork/tests/samePrefixMarkedMtx2304/depth3/node1/test2_0.mtx 1.5 569.805 0.0157943 0.22 
/home/antonkov/masterWork/tests/samePrefixMarkedMtx2304/depth3/node1/test2_0.mtx 1.6 716.905 0.00818924 0.114 
/home/antonkov/masterWork/tests/samePrefixMarkedMtx2304/depth3/node1/test2_0.mtx 1.7 858.895 0.00410048 0.0625 
/home/antonkov/masterWork/tests/samePrefixMarkedMtx2304/depth3/node1/test2_0.mtx 1.8 1369.3 0.0018367 0.03 
/home/antonkov/masterWork/tests/samePrefixMarkedMtx2304/depth3/node1/test2_0.mtx 1.9 2821.83 0.000662308 0.0108511 
/home/antonkov/masterWork/tests/samePrefixMarkedMtx2304/depth3/node1/test2_0.mtx 2 6820.71 0.000195499 0.00357143 
/home/antonkov/masterWork/tests/samePrefixMarkedMtx2304/depth3/node1/test2_0.mtx 2.1 0 -1 -1 
/home/antonkov/masterWork/tests/samePrefixMarkedMtx2304/depth3/node1/test2_0.mtx 2.2 0 -1 -1 
/home/antonkov/masterWork/tests/samePrefixMarkedMtx2304/depth3/node1/test2_0.mtx 2.3 0 -1 -1 
/home/antonkov/masterWork/tests/samePrefixMarkedMtx2304/depth3/node1/test2_0.mtx 2.4 0 -1 -1 
/home/antonkov/masterWork/tests/samePrefixMarkedMtx2304/depth3/node1/test2_0.mtx 2.5 0 -1 -1 
/home/antonkov/masterWork/tests/samePrefixMarkedMtx2304/depth3/node1/test2_0.mtx 2.6 0 -1 -1 
/home/antonkov/masterWork/tests/samePrefixMarkedMtx2304/depth3/node1/test2_0.mtx 2.7 0 -1 -1 
/home/antonkov/masterWork/tests/samePrefixMarkedMtx2304/depth3/node1/test2_0.mtx 2.8 0 -1 -1 
/home/antonkov/masterWork/tests/samePrefixMarkedMtx2304/depth3/node1/test2_0.mtx 2.9 0 -1 -1 
/home/antonkov/masterWork/tests/samePrefixMarkedMtx2304/depth3/node1/test2_0.mtx 3 0 -1 -1 
/home/antonkov/masterWork/tests/samePrefixMarkedMtx2304/depth3/node1/test2_0.mtx 3.1 0 -1 -1 
/home/antonkov/masterWork/tests/samePrefixMarkedMtx2304/depth3/node1/test2_0.mtx 3.2 0 -1 -1 
/home/antonkov/masterWork/tests/samePrefixMarkedMtx2304/depth3/node1/test2_0.mtx 3.3 0 -1 -1 
/home/antonkov/masterWork/tests/samePrefixMarkedMtx2304/depth3/node1/test2_0.mtx 3.4 0 -1 -1 
/home/antonkov/masterWork/tests/samePrefixMarkedMtx2304/depth3/node1/test2_0.mtx 3.5 0 -1 -1 
/home/antonkov/masterWork/tests/samePrefixMarkedMtx2304/depth3/node1/test2_1.mtx 1 444.13 0.0871484 0.92 
/home/antonkov/masterWork/tests/samePrefixMarkedMtx2304/depth3/node1/test2_1.mtx 1.1 438.796 0.0761024 0.88 
/home/antonkov/masterWork/tests/samePrefixMarkedMtx2304/depth3/node1/test2_1.mtx 1.2 428.267 0.0643576 0.78 
/home/antonkov/masterWork/tests/samePrefixMarkedMtx2304/depth3/node1/test2_1.mtx 1.3 407.389 0.0444097 0.55 
/home/antonkov/masterWork/tests/samePrefixMarkedMtx2304/depth3/node1/test2_1.mtx 1.4 522.559 0.0356814 0.475 
/home/antonkov/masterWork/tests/samePrefixMarkedMtx2304/depth3/node1/test2_1.mtx 1.5 489.976 0.0206011 0.295 
/home/antonkov/masterWork/tests/samePrefixMarkedMtx2304/depth3/node1/test2_1.mtx 1.6 633.286 0.0113672 0.1475 
/home/antonkov/masterWork/tests/samePrefixMarkedMtx2304/depth3/node1/test2_1.mtx 1.7 859.626 0.00504503 0.07125 
/home/antonkov/masterWork/tests/samePrefixMarkedMtx2304/depth3/node1/test2_1.mtx 1.8 1172.1 0.00269345 0.0407143 
/home/antonkov/masterWork/tests/samePrefixMarkedMtx2304/depth3/node1/test2_1.mtx 1.9 2244.59 0.000876984 0.0142857 
/home/antonkov/masterWork/tests/samePrefixMarkedMtx2304/depth3/node1/test2_1.mtx 2 6887.08 0.000208663 0.00344828 
/home/antonkov/masterWork/tests/samePrefixMarkedMtx2304/depth3/node1/test2_1.mtx 2.1 0 -1 -1 
/home/antonkov/masterWork/tests/samePrefixMarkedMtx2304/depth3/node1/test2_1.mtx 2.2 0 -1 -1 
/home/antonkov/masterWork/tests/samePrefixMarkedMtx2304/depth3/node1/test2_1.mtx 2.3 0 -1 -1 
/home/antonkov/masterWork/tests/samePrefixMarkedMtx2304/depth3/node1/test2_1.mtx 2.4 0 -1 -1 
/home/antonkov/masterWork/tests/samePrefixMarkedMtx2304/depth3/node1/test2_1.mtx 2.5 0 -1 -1 
/home/antonkov/masterWork/tests/samePrefixMarkedMtx2304/depth3/node1/test2_1.mtx 2.6 0 -1 -1 
/home/antonkov/masterWork/tests/samePrefixMarkedMtx2304/depth3/node1/test2_1.mtx 2.7 0 -1 -1 
/home/antonkov/masterWork/tests/samePrefixMarkedMtx2304/depth3/node1/test2_1.mtx 2.8 0 -1 -1 
/home/antonkov/masterWork/tests/samePrefixMarkedMtx2304/depth3/node1/test2_1.mtx 2.9 0 -1 -1 
/home/antonkov/masterWork/tests/samePrefixMarkedMtx2304/depth3/node1/test2_1.mtx 3 0 -1 -1 
/home/antonkov/masterWork/tests/samePrefixMarkedMtx2304/depth3/node1/test2_1.mtx 3.1 0 -1 -1 
/home/antonkov/masterWork/tests/samePrefixMarkedMtx2304/depth3/node1/test2_1.mtx 3.2 0 -1 -1 
/home/antonkov/masterWork/tests/samePrefixMarkedMtx2304/depth3/node1/test2_1.mtx 3.3 0 -1 -1 
/home/antonkov/masterWork/tests/samePrefixMarkedMtx2304/depth3/node1/test2_1.mtx 3.4 0 -1 -1 
/home/antonkov/masterWork/tests/samePrefixMarkedMtx2304/depth3/node1/test2_1.mtx 3.5 0 -1 -1 
/home/antonkov/masterWork/tests/samePrefixMarkedMtx2304/depth3/node1/test2_2.mtx 1 442.041 0.0843533 0.92 
/home/antonkov/masterWork/tests/samePrefixMarkedMtx2304/depth3/node1/test2_2.mtx 1.1 434.532 0.072066 0.83 
/home/antonkov/masterWork/tests/samePrefixMarkedMtx2304/depth3/node1/test2_2.mtx 1.2 428.665 0.0571528 0.69 
/home/antonkov/masterWork/tests/samePrefixMarkedMtx2304/depth3/node1/test2_2.mtx 1.3 412.202 0.0415148 0.53 
/home/antonkov/masterWork/tests/samePrefixMarkedMtx2304/depth3/node1/test2_2.mtx 1.4 504.909 0.0274805 0.365 
/home/antonkov/masterWork/tests/samePrefixMarkedMtx2304/depth3/node1/test2_2.mtx 1.5 564.268 0.0168692 0.226667 
/home/antonkov/masterWork/tests/samePrefixMarkedMtx2304/depth3/node1/test2_2.mtx 1.6 704.933 0.00825087 0.12 
/home/antonkov/masterWork/tests/samePrefixMarkedMtx2304/depth3/node1/test2_2.mtx 1.7 851.82 0.00434625 0.0625 
/home/antonkov/masterWork/tests/samePrefixMarkedMtx2304/depth3/node1/test2_2.mtx 1.8 1411.34 0.00204524 0.0288889 
/home/antonkov/masterWork/tests/samePrefixMarkedMtx2304/depth3/node1/test2_2.mtx 1.9 2890.62 0.000588772 0.0102041 
/home/antonkov/masterWork/tests/samePrefixMarkedMtx2304/depth3/node1/test2_2.mtx 2 6863.96 0.000191761 0.0034965 
/home/antonkov/masterWork/tests/samePrefixMarkedMtx2304/depth3/node1/test2_2.mtx 2.1 0 -1 -1 
/home/antonkov/masterWork/tests/samePrefixMarkedMtx2304/depth3/node1/test2_2.mtx 2.2 0 -1 -1 
/home/antonkov/masterWork/tests/samePrefixMarkedMtx2304/depth3/node1/test2_2.mtx 2.3 0 -1 -1 
/home/antonkov/masterWork/tests/samePrefixMarkedMtx2304/depth3/node1/test2_2.mtx 2.4 0 -1 -1 
/home/antonkov/masterWork/tests/samePrefixMarkedMtx2304/depth3/node1/test2_2.mtx 2.5 0 -1 -1 
/home/antonkov/masterWork/tests/samePrefixMarkedMtx2304/depth3/node1/test2_2.mtx 2.6 0 -1 -1 
/home/antonkov/masterWork/tests/samePrefixMarkedMtx2304/depth3/node1/test2_2.mtx 2.7 0 -1 -1 
/home/antonkov/masterWork/tests/samePrefixMarkedMtx2304/depth3/node1/test2_2.mtx 2.8 0 -1 -1 
/home/antonkov/masterWork/tests/samePrefixMarkedMtx2304/depth3/node1/test2_2.mtx 2.9 0 -1 -1 
/home/antonkov/masterWork/tests/samePrefixMarkedMtx2304/depth3/node1/test2_2.mtx 3 0 -1 -1 
/home/antonkov/masterWork/tests/samePrefixMarkedMtx2304/depth3/node1/test2_2.mtx 3.1 0 -1 -1 
/home/antonkov/masterWork/tests/samePrefixMarkedMtx2304/depth3/node1/test2_2.mtx 3.2 0 -1 -1 
/home/antonkov/masterWork/tests/samePrefixMarkedMtx2304/depth3/node1/test2_2.mtx 3.3 0 -1 -1 
/home/antonkov/masterWork/tests/samePrefixMarkedMtx2304/depth3/node1/test2_2.mtx 3.4 0 -1 -1 
/home/antonkov/masterWork/tests/samePrefixMarkedMtx2304/depth3/node1/test2_2.mtx 3.5 0 -1 -1 
/home/antonkov/masterWork/tests/samePrefixMarkedMtx2304/depth3/node1/test2_3.mtx 1 446.208 0.0830642 0.92 
/home/antonkov/masterWork/tests/samePrefixMarkedMtx2304/depth3/node1/test2_3.mtx 1.1 440.303 0.0702995 0.82 
/home/antonkov/masterWork/tests/samePrefixMarkedMtx2304/depth3/node1/test2_3.mtx 1.2 424.34 0.0572917 0.71 
/home/antonkov/masterWork/tests/samePrefixMarkedMtx2304/depth3/node1/test2_3.mtx 1.3 407.352 0.0417665 0.54 
/home/antonkov/masterWork/tests/samePrefixMarkedMtx2304/depth3/node1/test2_3.mtx 1.4 516.753 0.0266189 0.36 
/home/antonkov/masterWork/tests/samePrefixMarkedMtx2304/depth3/node1/test2_3.mtx 1.5 580.533 0.019485 0.28 
/home/antonkov/masterWork/tests/samePrefixMarkedMtx2304/depth3/node1/test2_3.mtx 1.6 551.969 0.0118562 0.17 
/home/antonkov/masterWork/tests/samePrefixMarkedMtx2304/depth3/node1/test2_3.mtx 1.7 800.427 0.00468874 0.0714286 
/home/antonkov/masterWork/tests/samePrefixMarkedMtx2304/depth3/node1/test2_3.mtx 1.8 1413.48 0.0016481 0.0277778 
/home/antonkov/masterWork/tests/samePrefixMarkedMtx2304/depth3/node1/test2_3.mtx 1.9 3646.64 0.000504073 0.00769231 
/home/antonkov/masterWork/tests/samePrefixMarkedMtx2304/depth3/node1/test2_3.mtx 2 0 -1 -1 
/home/antonkov/masterWork/tests/samePrefixMarkedMtx2304/depth3/node1/test2_3.mtx 2.1 0 -1 -1 
/home/antonkov/masterWork/tests/samePrefixMarkedMtx2304/depth3/node1/test2_3.mtx 2.2 0 -1 -1 
/home/antonkov/masterWork/tests/samePrefixMarkedMtx2304/depth3/node1/test2_3.mtx 2.3 0 -1 -1 
/home/antonkov/masterWork/tests/samePrefixMarkedMtx2304/depth3/node1/test2_3.mtx 2.4 0 -1 -1 
/home/antonkov/masterWork/tests/samePrefixMarkedMtx2304/depth3/node1/test2_3.mtx 2.5 0 -1 -1 
/home/antonkov/masterWork/tests/samePrefixMarkedMtx2304/depth3/node1/test2_3.mtx 2.6 0 -1 -1 
/home/antonkov/masterWork/tests/samePrefixMarkedMtx2304/depth3/node1/test2_3.mtx 2.7 0 -1 -1 
/home/antonkov/masterWork/tests/samePrefixMarkedMtx2304/depth3/node1/test2_3.mtx 2.8 0 -1 -1 
/home/antonkov/masterWork/tests/samePrefixMarkedMtx2304/depth3/node1/test2_3.mtx 2.9 0 -1 -1 
/home/antonkov/masterWork/tests/samePrefixMarkedMtx2304/depth3/node1/test2_3.mtx 3 0 -1 -1 
/home/antonkov/masterWork/tests/samePrefixMarkedMtx2304/depth3/node1/test2_3.mtx 3.1 0 -1 -1 
/home/antonkov/masterWork/tests/samePrefixMarkedMtx2304/depth3/node1/test2_3.mtx 3.2 0 -1 -1 
/home/antonkov/masterWork/tests/samePrefixMarkedMtx2304/depth3/node1/test2_3.mtx 3.3 0 -1 -1 
/home/antonkov/masterWork/tests/samePrefixMarkedMtx2304/depth3/node1/test2_3.mtx 3.4 0 -1 -1 
/home/antonkov/masterWork/tests/samePrefixMarkedMtx2304/depth3/node1/test2_3.mtx 3.5 0 -1 -1 
/home/antonkov/masterWork/tests/samePrefixMarkedMtx2304/depth3/node1/test2_4.mtx 1 447.217 0.0861328 0.92 
/home/antonkov/masterWork/tests/samePrefixMarkedMtx2304/depth3/node1/test2_4.mtx 1.1 434.168 0.0731467 0.82 
/home/antonkov/masterWork/tests/samePrefixMarkedMtx2304/depth3/node1/test2_4.mtx 1.2 426.946 0.0582769 0.69 
/home/antonkov/masterWork/tests/samePrefixMarkedMtx2304/depth3/node1/test2_4.mtx 1.3 407.754 0.0451823 0.54 
/home/antonkov/masterWork/tests/samePrefixMarkedMtx2304/depth3/node1/test2_4.mtx 1.4 503.94 0.0309918 0.395 
/home/antonkov/masterWork/tests/samePrefixMarkedMtx2304/depth3/node1/test2_4.mtx 1.5 571.956 0.0209925 0.273333 
/home/antonkov/masterWork/tests/samePrefixMarkedMtx2304/depth3/node1/test2_4.mtx 1.6 638.152 0.0112348 0.16 
/home/antonkov/masterWork/tests/samePrefixMarkedMtx2304/depth3/node1/test2_4.mtx 1.7 861.775 0.00465278 0.06875 
/home/antonkov/masterWork/tests/samePrefixMarkedMtx2304/depth3/node1/test2_4.mtx 1.8 1519.28 0.00162543 0.025 
/home/antonkov/masterWork/tests/samePrefixMarkedMtx2304/depth3/node1/test2_4.mtx 1.9 2895.01 0.000608941 0.0102 
/home/antonkov/masterWork/tests/samePrefixMarkedMtx2304/depth3/node1/test2_4.mtx 2 7664.54 0.000196733 0.0030303 
/home/antonkov/masterWork/tests/samePrefixMarkedMtx2304/depth3/node1/test2_4.mtx 2.1 0 -1 -1 
/home/antonkov/masterWork/tests/samePrefixMarkedMtx2304/depth3/node1/test2_4.mtx 2.2 0 -1 -1 
/home/antonkov/masterWork/tests/samePrefixMarkedMtx2304/depth3/node1/test2_4.mtx 2.3 0 -1 -1 
/home/antonkov/masterWork/tests/samePrefixMarkedMtx2304/depth3/node1/test2_4.mtx 2.4 0 -1 -1 
/home/antonkov/masterWork/tests/samePrefixMarkedMtx2304/depth3/node1/test2_4.mtx 2.5 0 -1 -1 
/home/antonkov/masterWork/tests/samePrefixMarkedMtx2304/depth3/node1/test2_4.mtx 2.6 0 -1 -1 
/home/antonkov/masterWork/tests/samePrefixMarkedMtx2304/depth3/node1/test2_4.mtx 2.7 0 -1 -1 
/home/antonkov/masterWork/tests/samePrefixMarkedMtx2304/depth3/node1/test2_4.mtx 2.8 0 -1 -1 
/home/antonkov/masterWork/tests/samePrefixMarkedMtx2304/depth3/node1/test2_4.mtx 2.9 0 -1 -1 
/home/antonkov/masterWork/tests/samePrefixMarkedMtx2304/depth3/node1/test2_4.mtx 3 0 -1 -1 
/home/antonkov/masterWork/tests/samePrefixMarkedMtx2304/depth3/node1/test2_4.mtx 3.1 0 -1 -1 
/home/antonkov/masterWork/tests/samePrefixMarkedMtx2304/depth3/node1/test2_4.mtx 3.2 0 -1 -1 
/home/antonkov/masterWork/tests/samePrefixMarkedMtx2304/depth3/node1/test2_4.mtx 3.3 0 -1 -1 
/home/antonkov/masterWork/tests/samePrefixMarkedMtx2304/depth3/node1/test2_4.mtx 3.4 0 -1 -1 
/home/antonkov/masterWork/tests/samePrefixMarkedMtx2304/depth3/node1/test2_4.mtx 3.5 0 -1 -1 
/home/antonkov/masterWork/tests/samePrefixMarkedMtx2304/depth3/node1/test3_0.mtx 1 487.272 0.0886675 0.95 
/home/antonkov/masterWork/tests/samePrefixMarkedMtx2304/depth3/node1/test3_0.mtx 1.1 478.073 0.0792491 0.92 
/home/antonkov/masterWork/tests/samePrefixMarkedMtx2304/depth3/node1/test3_0.mtx 1.2 462.648 0.0659722 0.81 
/home/antonkov/masterWork/tests/samePrefixMarkedMtx2304/depth3/node1/test3_0.mtx 1.3 446.026 0.0454427 0.59 
/home/antonkov/masterWork/tests/samePrefixMarkedMtx2304/depth3/node1/test3_0.mtx 1.4 552.787 0.0315234 0.43 
/home/antonkov/masterWork/tests/samePrefixMarkedMtx2304/depth3/node1/test3_0.mtx 1.5 510.532 0.0186155 0.27 
/home/antonkov/masterWork/tests/samePrefixMarkedMtx2304/depth3/node1/test3_0.mtx 1.6 676.334 0.012156 0.1675 
/home/antonkov/masterWork/tests/samePrefixMarkedMtx2304/depth3/node1/test3_0.mtx 1.7 802.744 0.00564164 0.085 
/home/antonkov/masterWork/tests/samePrefixMarkedMtx2304/depth3/node1/test3_0.mtx 1.8 1201.85 0.00265658 0.0407692 
/home/antonkov/masterWork/tests/samePrefixMarkedMtx2304/depth3/node1/test3_0.mtx 1.9 2059.8 0.000961516 0.0166667 
/home/antonkov/masterWork/tests/samePrefixMarkedMtx2304/depth3/node1/test3_0.mtx 2 5177.65 0.000322344 0.00525773 
/home/antonkov/masterWork/tests/samePrefixMarkedMtx2304/depth3/node1/test3_0.mtx 2.1 0 -1 -1 
/home/antonkov/masterWork/tests/samePrefixMarkedMtx2304/depth3/node1/test3_0.mtx 2.2 0 -1 -1 
/home/antonkov/masterWork/tests/samePrefixMarkedMtx2304/depth3/node1/test3_0.mtx 2.3 0 -1 -1 
/home/antonkov/masterWork/tests/samePrefixMarkedMtx2304/depth3/node1/test3_0.mtx 2.4 0 -1 -1 
/home/antonkov/masterWork/tests/samePrefixMarkedMtx2304/depth3/node1/test3_0.mtx 2.5 0 -1 -1 
/home/antonkov/masterWork/tests/samePrefixMarkedMtx2304/depth3/node1/test3_0.mtx 2.6 0 -1 -1 
/home/antonkov/masterWork/tests/samePrefixMarkedMtx2304/depth3/node1/test3_0.mtx 2.7 0 -1 -1 
/home/antonkov/masterWork/tests/samePrefixMarkedMtx2304/depth3/node1/test3_0.mtx 2.8 0 -1 -1 
/home/antonkov/masterWork/tests/samePrefixMarkedMtx2304/depth3/node1/test3_0.mtx 2.9 0 -1 -1 
/home/antonkov/masterWork/tests/samePrefixMarkedMtx2304/depth3/node1/test3_0.mtx 3 0 -1 -1 
/home/antonkov/masterWork/tests/samePrefixMarkedMtx2304/depth3/node1/test3_0.mtx 3.1 0 -1 -1 
/home/antonkov/masterWork/tests/samePrefixMarkedMtx2304/depth3/node1/test3_0.mtx 3.2 0 -1 -1 
/home/antonkov/masterWork/tests/samePrefixMarkedMtx2304/depth3/node1/test3_0.mtx 3.3 0 -1 -1 
/home/antonkov/masterWork/tests/samePrefixMarkedMtx2304/depth3/node1/test3_0.mtx 3.4 0 -1 -1 
/home/antonkov/masterWork/tests/samePrefixMarkedMtx2304/depth3/node1/test3_0.mtx 3.5 0 -1 -1 
/home/antonkov/masterWork/tests/samePrefixMarkedMtx2304/depth3/node1/test3_1.mtx 1 490.017 0.0897786 0.94 
/home/antonkov/masterWork/tests/samePrefixMarkedMtx2304/depth3/node1/test3_1.mtx 1.1 474.673 0.0795052 0.89 
/home/antonkov/masterWork/tests/samePrefixMarkedMtx2304/depth3/node1/test3_1.mtx 1.2 461.649 0.0667274 0.78 
/home/antonkov/masterWork/tests/samePrefixMarkedMtx2304/depth3/node1/test3_1.mtx 1.3 453.913 0.0505035 0.62 
/home/antonkov/masterWork/tests/samePrefixMarkedMtx2304/depth3/node1/test3_1.mtx 1.4 579.896 0.0390386 0.495 
/home/antonkov/masterWork/tests/samePrefixMarkedMtx2304/depth3/node1/test3_1.mtx 1.5 530.862 0.0259353 0.345 
/home/antonkov/masterWork/tests/samePrefixMarkedMtx2304/depth3/node1/test3_1.mtx 1.6 588.207 0.0134852 0.2 
/home/antonkov/masterWork/tests/samePrefixMarkedMtx2304/depth3/node1/test3_1.mtx 1.7 784.376 0.00618996 0.0916667 
/home/antonkov/masterWork/tests/samePrefixMarkedMtx2304/depth3/node1/test3_1.mtx 1.8 1111.51 0.00289677 0.0441667 
/home/antonkov/masterWork/tests/samePrefixMarkedMtx2304/depth3/node1/test3_1.mtx 1.9 1762.84 0.0012276 0.0204 
/home/antonkov/masterWork/tests/samePrefixMarkedMtx2304/depth3/node1/test3_1.mtx 2 4809.82 0.00033656 0.00554348 
/home/antonkov/masterWork/tests/samePrefixMarkedMtx2304/depth3/node1/test3_1.mtx 2.1 0 -1 -1 
/home/antonkov/masterWork/tests/samePrefixMarkedMtx2304/depth3/node1/test3_1.mtx 2.2 0 -1 -1 
/home/antonkov/masterWork/tests/samePrefixMarkedMtx2304/depth3/node1/test3_1.mtx 2.3 0 -1 -1 
/home/antonkov/masterWork/tests/samePrefixMarkedMtx2304/depth3/node1/test3_1.mtx 2.4 0 -1 -1 
/home/antonkov/masterWork/tests/samePrefixMarkedMtx2304/depth3/node1/test3_1.mtx 2.5 0 -1 -1 
/home/antonkov/masterWork/tests/samePrefixMarkedMtx2304/depth3/node1/test3_1.mtx 2.6 0 -1 -1 
/home/antonkov/masterWork/tests/samePrefixMarkedMtx2304/depth3/node1/test3_1.mtx 2.7 0 -1 -1 
/home/antonkov/masterWork/tests/samePrefixMarkedMtx2304/depth3/node1/test3_1.mtx 2.8 0 -1 -1 
/home/antonkov/masterWork/tests/samePrefixMarkedMtx2304/depth3/node1/test3_1.mtx 2.9 0 -1 -1 
/home/antonkov/masterWork/tests/samePrefixMarkedMtx2304/depth3/node1/test3_1.mtx 3 0 -1 -1 
/home/antonkov/masterWork/tests/samePrefixMarkedMtx2304/depth3/node1/test3_1.mtx 3.1 0 -1 -1 
/home/antonkov/masterWork/tests/samePrefixMarkedMtx2304/depth3/node1/test3_1.mtx 3.2 0 -1 -1 
/home/antonkov/masterWork/tests/samePrefixMarkedMtx2304/depth3/node1/test3_1.mtx 3.3 0 -1 -1 
/home/antonkov/masterWork/tests/samePrefixMarkedMtx2304/depth3/node1/test3_1.mtx 3.4 0 -1 -1 
/home/antonkov/masterWork/tests/samePrefixMarkedMtx2304/depth3/node1/test3_1.mtx 3.5 0 -1 -1 
/home/antonkov/masterWork/tests/samePrefixMarkedMtx2304/depth3/node1/test3_2.mtx 1 476.545 0.0903602 0.94 
/home/antonkov/masterWork/tests/samePrefixMarkedMtx2304/depth3/node1/test3_2.mtx 1.1 478.196 0.0834418 0.93 
/home/antonkov/masterWork/tests/samePrefixMarkedMtx2304/depth3/node1/test3_2.mtx 1.2 466.572 0.0708681 0.86 
/home/antonkov/masterWork/tests/samePrefixMarkedMtx2304/depth3/node1/test3_2.mtx 1.3 447.271 0.0522743 0.68 
/home/antonkov/masterWork/tests/samePrefixMarkedMtx2304/depth3/node1/test3_2.mtx 1.4 563.459 0.0384353 0.495 
/home/antonkov/masterWork/tests/samePrefixMarkedMtx2304/depth3/node1/test3_2.mtx 1.5 527.293 0.0231532 0.32 
/home/antonkov/masterWork/tests/samePrefixMarkedMtx2304/depth3/node1/test3_2.mtx 1.6 580.404 0.0139974 0.193333 
/home/antonkov/masterWork/tests/samePrefixMarkedMtx2304/depth3/node1/test3_2.mtx 1.7 784.078 0.00634042 0.0933333 
/home/antonkov/masterWork/tests/samePrefixMarkedMtx2304/depth3/node1/test3_2.mtx 1.8 1249.06 0.00261967 0.0392857 
/home/antonkov/masterWork/tests/samePrefixMarkedMtx2304/depth3/node1/test3_2.mtx 1.9 2826.12 0.000728965 0.0118605 
/home/antonkov/masterWork/tests/samePrefixMarkedMtx2304/depth3/node1/test3_2.mtx 2 4555.27 0.000349948 0.00581395 
/home/antonkov/masterWork/tests/samePrefixMarkedMtx2304/depth3/node1/test3_2.mtx 2.1 0 -1 -1 
/home/antonkov/masterWork/tests/samePrefixMarkedMtx2304/depth3/node1/test3_2.mtx 2.2 0 -1 -1 
/home/antonkov/masterWork/tests/samePrefixMarkedMtx2304/depth3/node1/test3_2.mtx 2.3 0 -1 -1 
/home/antonkov/masterWork/tests/samePrefixMarkedMtx2304/depth3/node1/test3_2.mtx 2.4 0 -1 -1 
/home/antonkov/masterWork/tests/samePrefixMarkedMtx2304/depth3/node1/test3_2.mtx 2.5 0 -1 -1 
/home/antonkov/masterWork/tests/samePrefixMarkedMtx2304/depth3/node1/test3_2.mtx 2.6 0 -1 -1 
/home/antonkov/masterWork/tests/samePrefixMarkedMtx2304/depth3/node1/test3_2.mtx 2.7 0 -1 -1 
/home/antonkov/masterWork/tests/samePrefixMarkedMtx2304/depth3/node1/test3_2.mtx 2.8 0 -1 -1 
/home/antonkov/masterWork/tests/samePrefixMarkedMtx2304/depth3/node1/test3_2.mtx 2.9 0 -1 -1 
/home/antonkov/masterWork/tests/samePrefixMarkedMtx2304/depth3/node1/test3_2.mtx 3 0 -1 -1 
/home/antonkov/masterWork/tests/samePrefixMarkedMtx2304/depth3/node1/test3_2.mtx 3.1 0 -1 -1 
/home/antonkov/masterWork/tests/samePrefixMarkedMtx2304/depth3/node1/test3_2.mtx 3.2 0 -1 -1 
/home/antonkov/masterWork/tests/samePrefixMarkedMtx2304/depth3/node1/test3_2.mtx 3.3 0 -1 -1 
/home/antonkov/masterWork/tests/samePrefixMarkedMtx2304/depth3/node1/test3_2.mtx 3.4 0 -1 -1 
/home/antonkov/masterWork/tests/samePrefixMarkedMtx2304/depth3/node1/test3_2.mtx 3.5 0 -1 -1 
/home/antonkov/masterWork/tests/samePrefixMarkedMtx2304/depth3/node1/test3_3.mtx 1 485.782 0.0865451 0.93 
/home/antonkov/masterWork/tests/samePrefixMarkedMtx2304/depth3/node1/test3_3.mtx 1.1 471.229 0.0766667 0.89 
/home/antonkov/masterWork/tests/samePrefixMarkedMtx2304/depth3/node1/test3_3.mtx 1.2 461.273 0.0634245 0.77 
/home/antonkov/masterWork/tests/samePrefixMarkedMtx2304/depth3/node1/test3_3.mtx 1.3 443.938 0.0498741 0.62 
/home/antonkov/masterWork/tests/samePrefixMarkedMtx2304/depth3/node1/test3_3.mtx 1.4 556.336 0.0356185 0.475 
/home/antonkov/masterWork/tests/samePrefixMarkedMtx2304/depth3/node1/test3_3.mtx 1.5 523.414 0.0218164 0.3 
/home/antonkov/masterWork/tests/samePrefixMarkedMtx2304/depth3/node1/test3_3.mtx 1.6 594.207 0.0142679 0.203333 
/home/antonkov/masterWork/tests/samePrefixMarkedMtx2304/depth3/node1/test3_3.mtx 1.7 794.048 0.00637225 0.0966667 
/home/antonkov/masterWork/tests/samePrefixMarkedMtx2304/depth3/node1/test3_3.mtx 1.8 1017.02 0.00337457 0.05 
/home/antonkov/masterWork/tests/samePrefixMarkedMtx2304/depth3/node1/test3_3.mtx 1.9 2197.39 0.00104248 0.015625 
/home/antonkov/masterWork/tests/samePrefixMarkedMtx2304/depth3/node1/test3_3.mtx 2 4784.21 0.000327927 0.00543478 
/home/antonkov/masterWork/tests/samePrefixMarkedMtx2304/depth3/node1/test3_3.mtx 2.1 0 -1 -1 
/home/antonkov/masterWork/tests/samePrefixMarkedMtx2304/depth3/node1/test3_3.mtx 2.2 0 -1 -1 
/home/antonkov/masterWork/tests/samePrefixMarkedMtx2304/depth3/node1/test3_3.mtx 2.3 0 -1 -1 
/home/antonkov/masterWork/tests/samePrefixMarkedMtx2304/depth3/node1/test3_3.mtx 2.4 0 -1 -1 
/home/antonkov/masterWork/tests/samePrefixMarkedMtx2304/depth3/node1/test3_3.mtx 2.5 0 -1 -1 
/home/antonkov/masterWork/tests/samePrefixMarkedMtx2304/depth3/node1/test3_3.mtx 2.6 0 -1 -1 
/home/antonkov/masterWork/tests/samePrefixMarkedMtx2304/depth3/node1/test3_3.mtx 2.7 0 -1 -1 
/home/antonkov/masterWork/tests/samePrefixMarkedMtx2304/depth3/node1/test3_3.mtx 2.8 0 -1 -1 
/home/antonkov/masterWork/tests/samePrefixMarkedMtx2304/depth3/node1/test3_3.mtx 2.9 0 -1 -1 
/home/antonkov/masterWork/tests/samePrefixMarkedMtx2304/depth3/node1/test3_3.mtx 3 0 -1 -1 
/home/antonkov/masterWork/tests/samePrefixMarkedMtx2304/depth3/node1/test3_3.mtx 3.1 0 -1 -1 
/home/antonkov/masterWork/tests/samePrefixMarkedMtx2304/depth3/node1/test3_3.mtx 3.2 0 -1 -1 
/home/antonkov/masterWork/tests/samePrefixMarkedMtx2304/depth3/node1/test3_3.mtx 3.3 0 -1 -1 
/home/antonkov/masterWork/tests/samePrefixMarkedMtx2304/depth3/node1/test3_3.mtx 3.4 0 -1 -1 
/home/antonkov/masterWork/tests/samePrefixMarkedMtx2304/depth3/node1/test3_3.mtx 3.5 0 -1 -1 
/home/antonkov/masterWork/tests/samePrefixMarkedMtx2304/depth3/node1/test3_4.mtx 1 490.456 0.0910286 0.96 
/home/antonkov/masterWork/tests/samePrefixMarkedMtx2304/depth3/node1/test3_4.mtx 1.1 476.503 0.0800217 0.89 
/home/antonkov/masterWork/tests/samePrefixMarkedMtx2304/depth3/node1/test3_4.mtx 1.2 466.309 0.066862 0.78 
/home/antonkov/masterWork/tests/samePrefixMarkedMtx2304/depth3/node1/test3_4.mtx 1.3 444.383 0.0523958 0.64 
/home/antonkov/masterWork/tests/samePrefixMarkedMtx2304/depth3/node1/test3_4.mtx 1.4 572.787 0.0405425 0.52 
/home/antonkov/masterWork/tests/samePrefixMarkedMtx2304/depth3/node1/test3_4.mtx 1.5 534.986 0.0271528 0.355 
/home/antonkov/masterWork/tests/samePrefixMarkedMtx2304/depth3/node1/test3_4.mtx 1.6 592.472 0.0136212 0.183333 
/home/antonkov/masterWork/tests/samePrefixMarkedMtx2304/depth3/node1/test3_4.mtx 1.7 705.994 0.00778819 0.11 
/home/antonkov/masterWork/tests/samePrefixMarkedMtx2304/depth3/node1/test3_4.mtx 1.8 1064.02 0.00284841 0.0454545 
/home/antonkov/masterWork/tests/samePrefixMarkedMtx2304/depth3/node1/test3_4.mtx 1.9 2464.15 0.000853627 0.0135135 
/home/antonkov/masterWork/tests/samePrefixMarkedMtx2304/depth3/node1/test3_4.mtx 2 4776.1 0.00036767 0.00566667 
/home/antonkov/masterWork/tests/samePrefixMarkedMtx2304/depth3/node1/test3_4.mtx 2.1 0 -1 -1 
/home/antonkov/masterWork/tests/samePrefixMarkedMtx2304/depth3/node1/test3_4.mtx 2.2 0 -1 -1 
/home/antonkov/masterWork/tests/samePrefixMarkedMtx2304/depth3/node1/test3_4.mtx 2.3 0 -1 -1 
/home/antonkov/masterWork/tests/samePrefixMarkedMtx2304/depth3/node1/test3_4.mtx 2.4 0 -1 -1 
/home/antonkov/masterWork/tests/samePrefixMarkedMtx2304/depth3/node1/test3_4.mtx 2.5 0 -1 -1 
/home/antonkov/masterWork/tests/samePrefixMarkedMtx2304/depth3/node1/test3_4.mtx 2.6 0 -1 -1 
/home/antonkov/masterWork/tests/samePrefixMarkedMtx2304/depth3/node1/test3_4.mtx 2.7 0 -1 -1 
/home/antonkov/masterWork/tests/samePrefixMarkedMtx2304/depth3/node1/test3_4.mtx 2.8 0 -1 -1 
/home/antonkov/masterWork/tests/samePrefixMarkedMtx2304/depth3/node1/test3_4.mtx 2.9 0 -1 -1 
/home/antonkov/masterWork/tests/samePrefixMarkedMtx2304/depth3/node1/test3_4.mtx 3 0 -1 -1 
/home/antonkov/masterWork/tests/samePrefixMarkedMtx2304/depth3/node1/test3_4.mtx 3.1 0 -1 -1 
/home/antonkov/masterWork/tests/samePrefixMarkedMtx2304/depth3/node1/test3_4.mtx 3.2 0 -1 -1 
/home/antonkov/masterWork/tests/samePrefixMarkedMtx2304/depth3/node1/test3_4.mtx 3.3 0 -1 -1 
/home/antonkov/masterWork/tests/samePrefixMarkedMtx2304/depth3/node1/test3_4.mtx 3.4 0 -1 -1 
/home/antonkov/masterWork/tests/samePrefixMarkedMtx2304/depth3/node1/test3_4.mtx 3.5 0 -1 -1 
/home/antonkov/masterWork/tests/samePrefixMarkedMtx2304/depth3/node1/test4_0.mtx 1 427.843 0.0902257 0.95 
/home/antonkov/masterWork/tests/samePrefixMarkedMtx2304/depth3/node1/test4_0.mtx 1.1 429.696 0.0780165 0.88 
/home/antonkov/masterWork/tests/samePrefixMarkedMtx2304/depth3/node1/test4_0.mtx 1.2 418.369 0.0656814 0.78 
/home/antonkov/masterWork/tests/samePrefixMarkedMtx2304/depth3/node1/test4_0.mtx 1.3 399.392 0.0499045 0.62 
/home/antonkov/masterWork/tests/samePrefixMarkedMtx2304/depth3/node1/test4_0.mtx 1.4 519.378 0.0337131 0.44 
/home/antonkov/masterWork/tests/samePrefixMarkedMtx2304/depth3/node1/test4_0.mtx 1.5 473.263 0.0236697 0.325 
/home/antonkov/masterWork/tests/samePrefixMarkedMtx2304/depth3/node1/test4_0.mtx 1.6 540.883 0.0139786 0.196667 
/home/antonkov/masterWork/tests/samePrefixMarkedMtx2304/depth3/node1/test4_0.mtx 1.7 728.368 0.00587312 0.0883333 
/home/antonkov/masterWork/tests/samePrefixMarkedMtx2304/depth3/node1/test4_0.mtx 1.8 1051.09 0.0028002 0.0433333 
/home/antonkov/masterWork/tests/samePrefixMarkedMtx2304/depth3/node1/test4_0.mtx 1.9 2621.63 0.000732296 0.0116279 
/home/antonkov/masterWork/tests/samePrefixMarkedMtx2304/depth3/node1/test4_0.mtx 2 5448.25 0.000276822 0.00458716 
/home/antonkov/masterWork/tests/samePrefixMarkedMtx2304/depth3/node1/test4_0.mtx 2.1 0 -1 -1 
/home/antonkov/masterWork/tests/samePrefixMarkedMtx2304/depth3/node1/test4_0.mtx 2.2 0 -1 -1 
/home/antonkov/masterWork/tests/samePrefixMarkedMtx2304/depth3/node1/test4_0.mtx 2.3 0 -1 -1 
/home/antonkov/masterWork/tests/samePrefixMarkedMtx2304/depth3/node1/test4_0.mtx 2.4 0 -1 -1 
/home/antonkov/masterWork/tests/samePrefixMarkedMtx2304/depth3/node1/test4_0.mtx 2.5 0 -1 -1 
/home/antonkov/masterWork/tests/samePrefixMarkedMtx2304/depth3/node1/test4_0.mtx 2.6 0 -1 -1 
/home/antonkov/masterWork/tests/samePrefixMarkedMtx2304/depth3/node1/test4_0.mtx 2.7 0 -1 -1 
/home/antonkov/masterWork/tests/samePrefixMarkedMtx2304/depth3/node1/test4_0.mtx 2.8 0 -1 -1 
/home/antonkov/masterWork/tests/samePrefixMarkedMtx2304/depth3/node1/test4_0.mtx 2.9 0 -1 -1 
/home/antonkov/masterWork/tests/samePrefixMarkedMtx2304/depth3/node1/test4_0.mtx 3 0 -1 -1 
/home/antonkov/masterWork/tests/samePrefixMarkedMtx2304/depth3/node1/test4_0.mtx 3.1 0 -1 -1 
/home/antonkov/masterWork/tests/samePrefixMarkedMtx2304/depth3/node1/test4_0.mtx 3.2 0 -1 -1 
/home/antonkov/masterWork/tests/samePrefixMarkedMtx2304/depth3/node1/test4_0.mtx 3.3 0 -1 -1 
/home/antonkov/masterWork/tests/samePrefixMarkedMtx2304/depth3/node1/test4_0.mtx 3.4 0 -1 -1 
/home/antonkov/masterWork/tests/samePrefixMarkedMtx2304/depth3/node1/test4_0.mtx 3.5 0 -1 -1 
/home/antonkov/masterWork/tests/samePrefixMarkedMtx2304/depth3/node1/test4_1.mtx 1 425.798 0.0874653 0.93 
/home/antonkov/masterWork/tests/samePrefixMarkedMtx2304/depth3/node1/test4_1.mtx 1.1 416.485 0.0759809 0.84 
/home/antonkov/masterWork/tests/samePrefixMarkedMtx2304/depth3/node1/test4_1.mtx 1.2 416.416 0.0641276 0.75 
/home/antonkov/masterWork/tests/samePrefixMarkedMtx2304/depth3/node1/test4_1.mtx 1.3 398.362 0.0502821 0.62 
/home/antonkov/masterWork/tests/samePrefixMarkedMtx2304/depth3/node1/test4_1.mtx 1.4 518.61 0.0347721 0.445 
/home/antonkov/masterWork/tests/samePrefixMarkedMtx2304/depth3/node1/test4_1.mtx 1.5 474.268 0.023865 0.315 
/home/antonkov/masterWork/tests/samePrefixMarkedMtx2304/depth3/node1/test4_1.mtx 1.6 533.546 0.0134158 0.186667 
/home/antonkov/masterWork/tests/samePrefixMarkedMtx2304/depth3/node1/test4_1.mtx 1.7 732.472 0.00584129 0.085 
/home/antonkov/masterWork/tests/samePrefixMarkedMtx2304/depth3/node1/test4_1.mtx 1.8 1339.21 0.00219889 0.0325 
/home/antonkov/masterWork/tests/samePrefixMarkedMtx2304/depth3/node1/test4_1.mtx 1.9 2841.11 0.000745949 0.0113333 
/home/antonkov/masterWork/tests/samePrefixMarkedMtx2304/depth3/node1/test4_1.mtx 2 5482.87 0.000264921 0.00471698 
/home/antonkov/masterWork/tests/samePrefixMarkedMtx2304/depth3/node1/test4_1.mtx 2.1 0 -1 -1 
/home/antonkov/masterWork/tests/samePrefixMarkedMtx2304/depth3/node1/test4_1.mtx 2.2 0 -1 -1 
/home/antonkov/masterWork/tests/samePrefixMarkedMtx2304/depth3/node1/test4_1.mtx 2.3 0 -1 -1 
/home/antonkov/masterWork/tests/samePrefixMarkedMtx2304/depth3/node1/test4_1.mtx 2.4 0 -1 -1 
/home/antonkov/masterWork/tests/samePrefixMarkedMtx2304/depth3/node1/test4_1.mtx 2.5 0 -1 -1 
/home/antonkov/masterWork/tests/samePrefixMarkedMtx2304/depth3/node1/test4_1.mtx 2.6 0 -1 -1 
/home/antonkov/masterWork/tests/samePrefixMarkedMtx2304/depth3/node1/test4_1.mtx 2.7 0 -1 -1 
/home/antonkov/masterWork/tests/samePrefixMarkedMtx2304/depth3/node1/test4_1.mtx 2.8 0 -1 -1 
/home/antonkov/masterWork/tests/samePrefixMarkedMtx2304/depth3/node1/test4_1.mtx 2.9 0 -1 -1 
/home/antonkov/masterWork/tests/samePrefixMarkedMtx2304/depth3/node1/test4_1.mtx 3 0 -1 -1 
/home/antonkov/masterWork/tests/samePrefixMarkedMtx2304/depth3/node1/test4_1.mtx 3.1 0 -1 -1 
/home/antonkov/masterWork/tests/samePrefixMarkedMtx2304/depth3/node1/test4_1.mtx 3.2 0 -1 -1 
/home/antonkov/masterWork/tests/samePrefixMarkedMtx2304/depth3/node1/test4_1.mtx 3.3 0 -1 -1 
/home/antonkov/masterWork/tests/samePrefixMarkedMtx2304/depth3/node1/test4_1.mtx 3.4 0 -1 -1 
/home/antonkov/masterWork/tests/samePrefixMarkedMtx2304/depth3/node1/test4_1.mtx 3.5 0 -1 -1 
/home/antonkov/masterWork/tests/samePrefixMarkedMtx2304/depth3/node1/test4_2.mtx 1 431.998 0.0873611 0.95 
/home/antonkov/masterWork/tests/samePrefixMarkedMtx2304/depth3/node1/test4_2.mtx 1.1 434.543 0.0774957 0.87 
/home/antonkov/masterWork/tests/samePrefixMarkedMtx2304/depth3/node1/test4_2.mtx 1.2 422.48 0.0637196 0.76 
/home/antonkov/masterWork/tests/samePrefixMarkedMtx2304/depth3/node1/test4_2.mtx 1.3 396.658 0.0507248 0.64 
/home/antonkov/masterWork/tests/samePrefixMarkedMtx2304/depth3/node1/test4_2.mtx 1.4 520.887 0.0361567 0.47 
/home/antonkov/masterWork/tests/samePrefixMarkedMtx2304/depth3/node1/test4_2.mtx 1.5 465.392 0.0215169 0.28 
/home/antonkov/masterWork/tests/samePrefixMarkedMtx2304/depth3/node1/test4_2.mtx 1.6 547.704 0.0131959 0.18 
/home/antonkov/masterWork/tests/samePrefixMarkedMtx2304/depth3/node1/test4_2.mtx 1.7 728.088 0.00590856 0.0883333 
/home/antonkov/masterWork/tests/samePrefixMarkedMtx2304/depth3/node1/test4_2.mtx 1.8 1189.37 0.00229384 0.0364286 
/home/antonkov/masterWork/tests/samePrefixMarkedMtx2304/depth3/node1/test4_2.mtx 1.9 2176.75 0.000996423 0.0154545 
/home/antonkov/masterWork/tests/samePrefixMarkedMtx2304/depth3/node1/test4_2.mtx 2 5145.83 0.000290668 0.005 
/home/antonkov/masterWork/tests/samePrefixMarkedMtx2304/depth3/node1/test4_2.mtx 2.1 0 -1 -1 
/home/antonkov/masterWork/tests/samePrefixMarkedMtx2304/depth3/node1/test4_2.mtx 2.2 0 -1 -1 
/home/antonkov/masterWork/tests/samePrefixMarkedMtx2304/depth3/node1/test4_2.mtx 2.3 0 -1 -1 
/home/antonkov/masterWork/tests/samePrefixMarkedMtx2304/depth3/node1/test4_2.mtx 2.4 0 -1 -1 
/home/antonkov/masterWork/tests/samePrefixMarkedMtx2304/depth3/node1/test4_2.mtx 2.5 0 -1 -1 
/home/antonkov/masterWork/tests/samePrefixMarkedMtx2304/depth3/node1/test4_2.mtx 2.6 0 -1 -1 
/home/antonkov/masterWork/tests/samePrefixMarkedMtx2304/depth3/node1/test4_2.mtx 2.7 0 -1 -1 
/home/antonkov/masterWork/tests/samePrefixMarkedMtx2304/depth3/node1/test4_2.mtx 2.8 0 -1 -1 
/home/antonkov/masterWork/tests/samePrefixMarkedMtx2304/depth3/node1/test4_2.mtx 2.9 0 -1 -1 
/home/antonkov/masterWork/tests/samePrefixMarkedMtx2304/depth3/node1/test4_2.mtx 3 0 -1 -1 
/home/antonkov/masterWork/tests/samePrefixMarkedMtx2304/depth3/node1/test4_2.mtx 3.1 0 -1 -1 
/home/antonkov/masterWork/tests/samePrefixMarkedMtx2304/depth3/node1/test4_2.mtx 3.2 0 -1 -1 
/home/antonkov/masterWork/tests/samePrefixMarkedMtx2304/depth3/node1/test4_2.mtx 3.3 0 -1 -1 
/home/antonkov/masterWork/tests/samePrefixMarkedMtx2304/depth3/node1/test4_2.mtx 3.4 0 -1 -1 
/home/antonkov/masterWork/tests/samePrefixMarkedMtx2304/depth3/node1/test4_2.mtx 3.5 0 -1 -1 
/home/antonkov/masterWork/tests/samePrefixMarkedMtx2304/depth3/node1/test4_3.mtx 1 442.759 0.0919444 0.98 
/home/antonkov/masterWork/tests/samePrefixMarkedMtx2304/depth3/node1/test4_3.mtx 1.1 435.391 0.0799957 0.91 
/home/antonkov/masterWork/tests/samePrefixMarkedMtx2304/depth3/node1/test4_3.mtx 1.2 434.41 0.0668533 0.81 
/home/antonkov/masterWork/tests/samePrefixMarkedMtx2304/depth3/node1/test4_3.mtx 1.3 414.869 0.0534809 0.71 
/home/antonkov/masterWork/tests/samePrefixMarkedMtx2304/depth3/node1/test4_3.mtx 1.4 515.15 0.0361697 0.475 
/home/antonkov/masterWork/tests/samePrefixMarkedMtx2304/depth3/node1/test4_3.mtx 1.5 473.646 0.0203342 0.265 
/home/antonkov/masterWork/tests/samePrefixMarkedMtx2304/depth3/node1/test4_3.mtx 1.6 656.204 0.0121354 0.175 
/home/antonkov/masterWork/tests/samePrefixMarkedMtx2304/depth3/node1/test4_3.mtx 1.7 740.435 0.00537326 0.085 
/home/antonkov/masterWork/tests/samePrefixMarkedMtx2304/depth3/node1/test4_3.mtx 1.8 1312.08 0.00240625 0.0353333 
/home/antonkov/masterWork/tests/samePrefixMarkedMtx2304/depth3/node1/test4_3.mtx 1.9 3009.7 0.000701924 0.0108511 
/home/antonkov/masterWork/tests/samePrefixMarkedMtx2304/depth3/node1/test4_3.mtx 2 5524.2 0.000282691 0.00481132 
/home/antonkov/masterWork/tests/samePrefixMarkedMtx2304/depth3/node1/test4_3.mtx 2.1 0 -1 -1 
/home/antonkov/masterWork/tests/samePrefixMarkedMtx2304/depth3/node1/test4_3.mtx 2.2 0 -1 -1 
/home/antonkov/masterWork/tests/samePrefixMarkedMtx2304/depth3/node1/test4_3.mtx 2.3 0 -1 -1 
/home/antonkov/masterWork/tests/samePrefixMarkedMtx2304/depth3/node1/test4_3.mtx 2.4 0 -1 -1 
/home/antonkov/masterWork/tests/samePrefixMarkedMtx2304/depth3/node1/test4_3.mtx 2.5 0 -1 -1 
/home/antonkov/masterWork/tests/samePrefixMarkedMtx2304/depth3/node1/test4_3.mtx 2.6 0 -1 -1 
/home/antonkov/masterWork/tests/samePrefixMarkedMtx2304/depth3/node1/test4_3.mtx 2.7 0 -1 -1 
/home/antonkov/masterWork/tests/samePrefixMarkedMtx2304/depth3/node1/test4_3.mtx 2.8 0 -1 -1 
/home/antonkov/masterWork/tests/samePrefixMarkedMtx2304/depth3/node1/test4_3.mtx 2.9 0 -1 -1 
/home/antonkov/masterWork/tests/samePrefixMarkedMtx2304/depth3/node1/test4_3.mtx 3 0 -1 -1 
/home/antonkov/masterWork/tests/samePrefixMarkedMtx2304/depth3/node1/test4_3.mtx 3.1 0 -1 -1 
/home/antonkov/masterWork/tests/samePrefixMarkedMtx2304/depth3/node1/test4_3.mtx 3.2 0 -1 -1 
/home/antonkov/masterWork/tests/samePrefixMarkedMtx2304/depth3/node1/test4_3.mtx 3.3 0 -1 -1 
/home/antonkov/masterWork/tests/samePrefixMarkedMtx2304/depth3/node1/test4_3.mtx 3.4 0 -1 -1 
/home/antonkov/masterWork/tests/samePrefixMarkedMtx2304/depth3/node1/test4_3.mtx 3.5 0 -1 -1 
/home/antonkov/masterWork/tests/samePrefixMarkedMtx2304/depth3/node1/test4_4.mtx 1 426.836 0.089822 0.96 
/home/antonkov/masterWork/tests/samePrefixMarkedMtx2304/depth3/node1/test4_4.mtx 1.1 420.03 0.0778733 0.87 
/home/antonkov/masterWork/tests/samePrefixMarkedMtx2304/depth3/node1/test4_4.mtx 1.2 416.602 0.0636328 0.76 
/home/antonkov/masterWork/tests/samePrefixMarkedMtx2304/depth3/node1/test4_4.mtx 1.3 393.461 0.0487457 0.62 
/home/antonkov/masterWork/tests/samePrefixMarkedMtx2304/depth3/node1/test4_4.mtx 1.4 509.643 0.0373438 0.47 
/home/antonkov/masterWork/tests/samePrefixMarkedMtx2304/depth3/node1/test4_4.mtx 1.5 481.567 0.025855 0.34 
/home/antonkov/masterWork/tests/samePrefixMarkedMtx2304/depth3/node1/test4_4.mtx 1.6 541.017 0.0122208 0.166667 
/home/antonkov/masterWork/tests/samePrefixMarkedMtx2304/depth3/node1/test4_4.mtx 1.7 738.456 0.00646918 0.0933333 
/home/antonkov/masterWork/tests/samePrefixMarkedMtx2304/depth3/node1/test4_4.mtx 1.8 1089.76 0.00276403 0.0433333 
/home/antonkov/masterWork/tests/samePrefixMarkedMtx2304/depth3/node1/test4_4.mtx 1.9 2289.32 0.00084712 0.0147059 
/home/antonkov/masterWork/tests/samePrefixMarkedMtx2304/depth3/node1/test4_4.mtx 2 6188.3 0.000270775 0.00428571 
/home/antonkov/masterWork/tests/samePrefixMarkedMtx2304/depth3/node1/test4_4.mtx 2.1 0 -1 -1 
/home/antonkov/masterWork/tests/samePrefixMarkedMtx2304/depth3/node1/test4_4.mtx 2.2 0 -1 -1 
/home/antonkov/masterWork/tests/samePrefixMarkedMtx2304/depth3/node1/test4_4.mtx 2.3 0 -1 -1 
/home/antonkov/masterWork/tests/samePrefixMarkedMtx2304/depth3/node1/test4_4.mtx 2.4 0 -1 -1 
/home/antonkov/masterWork/tests/samePrefixMarkedMtx2304/depth3/node1/test4_4.mtx 2.5 0 -1 -1 
/home/antonkov/masterWork/tests/samePrefixMarkedMtx2304/depth3/node1/test4_4.mtx 2.6 0 -1 -1 
/home/antonkov/masterWork/tests/samePrefixMarkedMtx2304/depth3/node1/test4_4.mtx 2.7 0 -1 -1 
/home/antonkov/masterWork/tests/samePrefixMarkedMtx2304/depth3/node1/test4_4.mtx 2.8 0 -1 -1 
/home/antonkov/masterWork/tests/samePrefixMarkedMtx2304/depth3/node1/test4_4.mtx 2.9 0 -1 -1 
/home/antonkov/masterWork/tests/samePrefixMarkedMtx2304/depth3/node1/test4_4.mtx 3 0 -1 -1 
/home/antonkov/masterWork/tests/samePrefixMarkedMtx2304/depth3/node1/test4_4.mtx 3.1 0 -1 -1 
/home/antonkov/masterWork/tests/samePrefixMarkedMtx2304/depth3/node1/test4_4.mtx 3.2 0 -1 -1 
/home/antonkov/masterWork/tests/samePrefixMarkedMtx2304/depth3/node1/test4_4.mtx 3.3 0 -1 -1 
/home/antonkov/masterWork/tests/samePrefixMarkedMtx2304/depth3/node1/test4_4.mtx 3.4 0 -1 -1 
/home/antonkov/masterWork/tests/samePrefixMarkedMtx2304/depth3/node1/test4_4.mtx 3.5 0 -1 -1 
