Results
Filename SNR Time(ms) BER FER
/home/antonkov/masterWork/tests/samePrefixMarkedMtx2304/depth3/node4/test0_0.mtx 1 444.245 0.0827474 0.91 
/home/antonkov/masterWork/tests/samePrefixMarkedMtx2304/depth3/node4/test0_0.mtx 1.1 417.955 0.0747656 0.86 
/home/antonkov/masterWork/tests/samePrefixMarkedMtx2304/depth3/node4/test0_0.mtx 1.2 399.555 0.0644184 0.78 
/home/antonkov/masterWork/tests/samePrefixMarkedMtx2304/depth3/node4/test0_0.mtx 1.3 379.135 0.0474262 0.62 
/home/antonkov/masterWork/tests/samePrefixMarkedMtx2304/depth3/node4/test0_0.mtx 1.4 481.754 0.0282856 0.39 
/home/antonkov/masterWork/tests/samePrefixMarkedMtx2304/depth3/node4/test0_0.mtx 1.5 544.484 0.0152575 0.216667 
/home/antonkov/masterWork/tests/samePrefixMarkedMtx2304/depth3/node4/test0_0.mtx 1.6 655.605 0.0075625 0.108 
/home/antonkov/masterWork/tests/samePrefixMarkedMtx2304/depth3/node4/test0_0.mtx 1.7 847.816 0.00362172 0.0566667 
/home/antonkov/masterWork/tests/samePrefixMarkedMtx2304/depth3/node4/test0_0.mtx 1.8 1836.48 0.00134307 0.0207407 
/home/antonkov/masterWork/tests/samePrefixMarkedMtx2304/depth3/node4/test0_0.mtx 1.9 2784.87 0.000560564 0.00961538 
/home/antonkov/masterWork/tests/samePrefixMarkedMtx2304/depth3/node4/test0_0.mtx 2 0 -1 -1 
/home/antonkov/masterWork/tests/samePrefixMarkedMtx2304/depth3/node4/test0_0.mtx 2.1 0 -1 -1 
/home/antonkov/masterWork/tests/samePrefixMarkedMtx2304/depth3/node4/test0_0.mtx 2.2 0 -1 -1 
/home/antonkov/masterWork/tests/samePrefixMarkedMtx2304/depth3/node4/test0_0.mtx 2.3 0 -1 -1 
/home/antonkov/masterWork/tests/samePrefixMarkedMtx2304/depth3/node4/test0_0.mtx 2.4 0 -1 -1 
/home/antonkov/masterWork/tests/samePrefixMarkedMtx2304/depth3/node4/test0_0.mtx 2.5 0 -1 -1 
/home/antonkov/masterWork/tests/samePrefixMarkedMtx2304/depth3/node4/test0_0.mtx 2.6 0 -1 -1 
/home/antonkov/masterWork/tests/samePrefixMarkedMtx2304/depth3/node4/test0_0.mtx 2.7 0 -1 -1 
/home/antonkov/masterWork/tests/samePrefixMarkedMtx2304/depth3/node4/test0_0.mtx 2.8 0 -1 -1 
/home/antonkov/masterWork/tests/samePrefixMarkedMtx2304/depth3/node4/test0_0.mtx 2.9 0 -1 -1 
/home/antonkov/masterWork/tests/samePrefixMarkedMtx2304/depth3/node4/test0_0.mtx 3 0 -1 -1 
/home/antonkov/masterWork/tests/samePrefixMarkedMtx2304/depth3/node4/test0_0.mtx 3.1 0 -1 -1 
/home/antonkov/masterWork/tests/samePrefixMarkedMtx2304/depth3/node4/test0_0.mtx 3.2 0 -1 -1 
/home/antonkov/masterWork/tests/samePrefixMarkedMtx2304/depth3/node4/test0_0.mtx 3.3 0 -1 -1 
/home/antonkov/masterWork/tests/samePrefixMarkedMtx2304/depth3/node4/test0_0.mtx 3.4 0 -1 -1 
/home/antonkov/masterWork/tests/samePrefixMarkedMtx2304/depth3/node4/test0_0.mtx 3.5 0 -1 -1 
/home/antonkov/masterWork/tests/samePrefixMarkedMtx2304/depth3/node4/test0_1.mtx 1 408.676 0.0803863 0.91 
/home/antonkov/masterWork/tests/samePrefixMarkedMtx2304/depth3/node4/test0_1.mtx 1.1 401.834 0.0679557 0.83 
/home/antonkov/masterWork/tests/samePrefixMarkedMtx2304/depth3/node4/test0_1.mtx 1.2 389.284 0.0534505 0.66 
/home/antonkov/masterWork/tests/samePrefixMarkedMtx2304/depth3/node4/test0_1.mtx 1.3 383.032 0.0401693 0.53 
/home/antonkov/masterWork/tests/samePrefixMarkedMtx2304/depth3/node4/test0_1.mtx 1.4 472.426 0.0279622 0.37 
/home/antonkov/masterWork/tests/samePrefixMarkedMtx2304/depth3/node4/test0_1.mtx 1.5 536.76 0.0170877 0.243333 
/home/antonkov/masterWork/tests/samePrefixMarkedMtx2304/depth3/node4/test0_1.mtx 1.6 559.917 0.00849826 0.13 
/home/antonkov/masterWork/tests/samePrefixMarkedMtx2304/depth3/node4/test0_1.mtx 1.7 866.943 0.00367911 0.0577778 
/home/antonkov/masterWork/tests/samePrefixMarkedMtx2304/depth3/node4/test0_1.mtx 1.8 1422.01 0.0015957 0.0255 
/home/antonkov/masterWork/tests/samePrefixMarkedMtx2304/depth3/node4/test0_1.mtx 1.9 2954.04 0.000554752 0.00925926 
/home/antonkov/masterWork/tests/samePrefixMarkedMtx2304/depth3/node4/test0_1.mtx 2 0 -1 -1 
/home/antonkov/masterWork/tests/samePrefixMarkedMtx2304/depth3/node4/test0_1.mtx 2.1 0 -1 -1 
/home/antonkov/masterWork/tests/samePrefixMarkedMtx2304/depth3/node4/test0_1.mtx 2.2 0 -1 -1 
/home/antonkov/masterWork/tests/samePrefixMarkedMtx2304/depth3/node4/test0_1.mtx 2.3 0 -1 -1 
/home/antonkov/masterWork/tests/samePrefixMarkedMtx2304/depth3/node4/test0_1.mtx 2.4 0 -1 -1 
/home/antonkov/masterWork/tests/samePrefixMarkedMtx2304/depth3/node4/test0_1.mtx 2.5 0 -1 -1 
/home/antonkov/masterWork/tests/samePrefixMarkedMtx2304/depth3/node4/test0_1.mtx 2.6 0 -1 -1 
/home/antonkov/masterWork/tests/samePrefixMarkedMtx2304/depth3/node4/test0_1.mtx 2.7 0 -1 -1 
/home/antonkov/masterWork/tests/samePrefixMarkedMtx2304/depth3/node4/test0_1.mtx 2.8 0 -1 -1 
/home/antonkov/masterWork/tests/samePrefixMarkedMtx2304/depth3/node4/test0_1.mtx 2.9 0 -1 -1 
/home/antonkov/masterWork/tests/samePrefixMarkedMtx2304/depth3/node4/test0_1.mtx 3 0 -1 -1 
/home/antonkov/masterWork/tests/samePrefixMarkedMtx2304/depth3/node4/test0_1.mtx 3.1 0 -1 -1 
/home/antonkov/masterWork/tests/samePrefixMarkedMtx2304/depth3/node4/test0_1.mtx 3.2 0 -1 -1 
/home/antonkov/masterWork/tests/samePrefixMarkedMtx2304/depth3/node4/test0_1.mtx 3.3 0 -1 -1 
/home/antonkov/masterWork/tests/samePrefixMarkedMtx2304/depth3/node4/test0_1.mtx 3.4 0 -1 -1 
/home/antonkov/masterWork/tests/samePrefixMarkedMtx2304/depth3/node4/test0_1.mtx 3.5 0 -1 -1 
/home/antonkov/masterWork/tests/samePrefixMarkedMtx2304/depth3/node4/test0_2.mtx 1 417.95 0.0779123 0.89 
/home/antonkov/masterWork/tests/samePrefixMarkedMtx2304/depth3/node4/test0_2.mtx 1.1 403.725 0.0652431 0.8 
/home/antonkov/masterWork/tests/samePrefixMarkedMtx2304/depth3/node4/test0_2.mtx 1.2 390.299 0.0484896 0.63 
/home/antonkov/masterWork/tests/samePrefixMarkedMtx2304/depth3/node4/test0_2.mtx 1.3 502.104 0.0391016 0.53 
/home/antonkov/masterWork/tests/samePrefixMarkedMtx2304/depth3/node4/test0_2.mtx 1.4 457.829 0.025319 0.345 
/home/antonkov/masterWork/tests/samePrefixMarkedMtx2304/depth3/node4/test0_2.mtx 1.5 539.847 0.0148119 0.22 
/home/antonkov/masterWork/tests/samePrefixMarkedMtx2304/depth3/node4/test0_2.mtx 1.6 653.321 0.00755295 0.112 
/home/antonkov/masterWork/tests/samePrefixMarkedMtx2304/depth3/node4/test0_2.mtx 1.7 927.146 0.00333116 0.051 
/home/antonkov/masterWork/tests/samePrefixMarkedMtx2304/depth3/node4/test0_2.mtx 1.8 1433.15 0.00155299 0.0247619 
/home/antonkov/masterWork/tests/samePrefixMarkedMtx2304/depth3/node4/test0_2.mtx 1.9 2766.74 0.000633681 0.01 
/home/antonkov/masterWork/tests/samePrefixMarkedMtx2304/depth3/node4/test0_2.mtx 2 5773.85 0.000212907 0.00384615 
/home/antonkov/masterWork/tests/samePrefixMarkedMtx2304/depth3/node4/test0_2.mtx 2.1 0 -1 -1 
/home/antonkov/masterWork/tests/samePrefixMarkedMtx2304/depth3/node4/test0_2.mtx 2.2 0 -1 -1 
/home/antonkov/masterWork/tests/samePrefixMarkedMtx2304/depth3/node4/test0_2.mtx 2.3 0 -1 -1 
/home/antonkov/masterWork/tests/samePrefixMarkedMtx2304/depth3/node4/test0_2.mtx 2.4 0 -1 -1 
/home/antonkov/masterWork/tests/samePrefixMarkedMtx2304/depth3/node4/test0_2.mtx 2.5 0 -1 -1 
/home/antonkov/masterWork/tests/samePrefixMarkedMtx2304/depth3/node4/test0_2.mtx 2.6 0 -1 -1 
/home/antonkov/masterWork/tests/samePrefixMarkedMtx2304/depth3/node4/test0_2.mtx 2.7 0 -1 -1 
/home/antonkov/masterWork/tests/samePrefixMarkedMtx2304/depth3/node4/test0_2.mtx 2.8 0 -1 -1 
/home/antonkov/masterWork/tests/samePrefixMarkedMtx2304/depth3/node4/test0_2.mtx 2.9 0 -1 -1 
/home/antonkov/masterWork/tests/samePrefixMarkedMtx2304/depth3/node4/test0_2.mtx 3 0 -1 -1 
/home/antonkov/masterWork/tests/samePrefixMarkedMtx2304/depth3/node4/test0_2.mtx 3.1 0 -1 -1 
/home/antonkov/masterWork/tests/samePrefixMarkedMtx2304/depth3/node4/test0_2.mtx 3.2 0 -1 -1 
/home/antonkov/masterWork/tests/samePrefixMarkedMtx2304/depth3/node4/test0_2.mtx 3.3 0 -1 -1 
/home/antonkov/masterWork/tests/samePrefixMarkedMtx2304/depth3/node4/test0_2.mtx 3.4 0 -1 -1 
/home/antonkov/masterWork/tests/samePrefixMarkedMtx2304/depth3/node4/test0_2.mtx 3.5 0 -1 -1 
/home/antonkov/masterWork/tests/samePrefixMarkedMtx2304/depth3/node4/test0_3.mtx 1 404.545 0.0756858 0.87 
/home/antonkov/masterWork/tests/samePrefixMarkedMtx2304/depth3/node4/test0_3.mtx 1.1 407.845 0.0632335 0.76 
/home/antonkov/masterWork/tests/samePrefixMarkedMtx2304/depth3/node4/test0_3.mtx 1.2 382.404 0.0511458 0.66 
/home/antonkov/masterWork/tests/samePrefixMarkedMtx2304/depth3/node4/test0_3.mtx 1.3 502.156 0.0395161 0.525 
/home/antonkov/masterWork/tests/samePrefixMarkedMtx2304/depth3/node4/test0_3.mtx 1.4 464.483 0.025753 0.36 
/home/antonkov/masterWork/tests/samePrefixMarkedMtx2304/depth3/node4/test0_3.mtx 1.5 518.777 0.0118417 0.173333 
/home/antonkov/masterWork/tests/samePrefixMarkedMtx2304/depth3/node4/test0_3.mtx 1.6 640.76 0.00694531 0.1 
/home/antonkov/masterWork/tests/samePrefixMarkedMtx2304/depth3/node4/test0_3.mtx 1.7 874.019 0.00363474 0.0577778 
/home/antonkov/masterWork/tests/samePrefixMarkedMtx2304/depth3/node4/test0_3.mtx 1.8 1311.66 0.00187428 0.0305556 
/home/antonkov/masterWork/tests/samePrefixMarkedMtx2304/depth3/node4/test0_3.mtx 1.9 3510.89 0.000454822 0.00746269 
/home/antonkov/masterWork/tests/samePrefixMarkedMtx2304/depth3/node4/test0_3.mtx 2 0 -1 -1 
/home/antonkov/masterWork/tests/samePrefixMarkedMtx2304/depth3/node4/test0_3.mtx 2.1 0 -1 -1 
/home/antonkov/masterWork/tests/samePrefixMarkedMtx2304/depth3/node4/test0_3.mtx 2.2 0 -1 -1 
/home/antonkov/masterWork/tests/samePrefixMarkedMtx2304/depth3/node4/test0_3.mtx 2.3 0 -1 -1 
/home/antonkov/masterWork/tests/samePrefixMarkedMtx2304/depth3/node4/test0_3.mtx 2.4 0 -1 -1 
/home/antonkov/masterWork/tests/samePrefixMarkedMtx2304/depth3/node4/test0_3.mtx 2.5 0 -1 -1 
/home/antonkov/masterWork/tests/samePrefixMarkedMtx2304/depth3/node4/test0_3.mtx 2.6 0 -1 -1 
/home/antonkov/masterWork/tests/samePrefixMarkedMtx2304/depth3/node4/test0_3.mtx 2.7 0 -1 -1 
/home/antonkov/masterWork/tests/samePrefixMarkedMtx2304/depth3/node4/test0_3.mtx 2.8 0 -1 -1 
/home/antonkov/masterWork/tests/samePrefixMarkedMtx2304/depth3/node4/test0_3.mtx 2.9 0 -1 -1 
/home/antonkov/masterWork/tests/samePrefixMarkedMtx2304/depth3/node4/test0_3.mtx 3 0 -1 -1 
/home/antonkov/masterWork/tests/samePrefixMarkedMtx2304/depth3/node4/test0_3.mtx 3.1 0 -1 -1 
/home/antonkov/masterWork/tests/samePrefixMarkedMtx2304/depth3/node4/test0_3.mtx 3.2 0 -1 -1 
/home/antonkov/masterWork/tests/samePrefixMarkedMtx2304/depth3/node4/test0_3.mtx 3.3 0 -1 -1 
/home/antonkov/masterWork/tests/samePrefixMarkedMtx2304/depth3/node4/test0_3.mtx 3.4 0 -1 -1 
/home/antonkov/masterWork/tests/samePrefixMarkedMtx2304/depth3/node4/test0_3.mtx 3.5 0 -1 -1 
/home/antonkov/masterWork/tests/samePrefixMarkedMtx2304/depth3/node4/test0_4.mtx 1 405.012 0.0776346 0.87 
/home/antonkov/masterWork/tests/samePrefixMarkedMtx2304/depth3/node4/test0_4.mtx 1.1 399.799 0.0661762 0.79 
/home/antonkov/masterWork/tests/samePrefixMarkedMtx2304/depth3/node4/test0_4.mtx 1.2 388.015 0.0540104 0.68 
/home/antonkov/masterWork/tests/samePrefixMarkedMtx2304/depth3/node4/test0_4.mtx 1.3 381.065 0.0394444 0.52 
/home/antonkov/masterWork/tests/samePrefixMarkedMtx2304/depth3/node4/test0_4.mtx 1.4 486.813 0.0271072 0.38 
/home/antonkov/masterWork/tests/samePrefixMarkedMtx2304/depth3/node4/test0_4.mtx 1.5 533.508 0.016998 0.25 
/home/antonkov/masterWork/tests/samePrefixMarkedMtx2304/depth3/node4/test0_4.mtx 1.6 577.128 0.0096799 0.1425 
/home/antonkov/masterWork/tests/samePrefixMarkedMtx2304/depth3/node4/test0_4.mtx 1.7 808.505 0.00435221 0.06875 
/home/antonkov/masterWork/tests/samePrefixMarkedMtx2304/depth3/node4/test0_4.mtx 1.8 1661.78 0.00120382 0.0204 
/home/antonkov/masterWork/tests/samePrefixMarkedMtx2304/depth3/node4/test0_4.mtx 1.9 2866.77 0.000574169 0.00961538 
/home/antonkov/masterWork/tests/samePrefixMarkedMtx2304/depth3/node4/test0_4.mtx 2 0 -1 -1 
/home/antonkov/masterWork/tests/samePrefixMarkedMtx2304/depth3/node4/test0_4.mtx 2.1 0 -1 -1 
/home/antonkov/masterWork/tests/samePrefixMarkedMtx2304/depth3/node4/test0_4.mtx 2.2 0 -1 -1 
/home/antonkov/masterWork/tests/samePrefixMarkedMtx2304/depth3/node4/test0_4.mtx 2.3 0 -1 -1 
/home/antonkov/masterWork/tests/samePrefixMarkedMtx2304/depth3/node4/test0_4.mtx 2.4 0 -1 -1 
/home/antonkov/masterWork/tests/samePrefixMarkedMtx2304/depth3/node4/test0_4.mtx 2.5 0 -1 -1 
/home/antonkov/masterWork/tests/samePrefixMarkedMtx2304/depth3/node4/test0_4.mtx 2.6 0 -1 -1 
/home/antonkov/masterWork/tests/samePrefixMarkedMtx2304/depth3/node4/test0_4.mtx 2.7 0 -1 -1 
/home/antonkov/masterWork/tests/samePrefixMarkedMtx2304/depth3/node4/test0_4.mtx 2.8 0 -1 -1 
/home/antonkov/masterWork/tests/samePrefixMarkedMtx2304/depth3/node4/test0_4.mtx 2.9 0 -1 -1 
/home/antonkov/masterWork/tests/samePrefixMarkedMtx2304/depth3/node4/test0_4.mtx 3 0 -1 -1 
/home/antonkov/masterWork/tests/samePrefixMarkedMtx2304/depth3/node4/test0_4.mtx 3.1 0 -1 -1 
/home/antonkov/masterWork/tests/samePrefixMarkedMtx2304/depth3/node4/test0_4.mtx 3.2 0 -1 -1 
/home/antonkov/masterWork/tests/samePrefixMarkedMtx2304/depth3/node4/test0_4.mtx 3.3 0 -1 -1 
/home/antonkov/masterWork/tests/samePrefixMarkedMtx2304/depth3/node4/test0_4.mtx 3.4 0 -1 -1 
/home/antonkov/masterWork/tests/samePrefixMarkedMtx2304/depth3/node4/test0_4.mtx 3.5 0 -1 -1 
/home/antonkov/masterWork/tests/samePrefixMarkedMtx2304/depth3/node4/test1_0.mtx 1 425.696 0.0743012 0.84 
/home/antonkov/masterWork/tests/samePrefixMarkedMtx2304/depth3/node4/test1_0.mtx 1.1 424.478 0.0614063 0.75 
/home/antonkov/masterWork/tests/samePrefixMarkedMtx2304/depth3/node4/test1_0.mtx 1.2 409.055 0.0500911 0.64 
/home/antonkov/masterWork/tests/samePrefixMarkedMtx2304/depth3/node4/test1_0.mtx 1.3 396.813 0.0362977 0.51 
/home/antonkov/masterWork/tests/samePrefixMarkedMtx2304/depth3/node4/test1_0.mtx 1.4 501.476 0.0250933 0.355 
/home/antonkov/masterWork/tests/samePrefixMarkedMtx2304/depth3/node4/test1_0.mtx 1.5 563.183 0.0139207 0.203333 
/home/antonkov/masterWork/tests/samePrefixMarkedMtx2304/depth3/node4/test1_0.mtx 1.6 727.386 0.0060395 0.09 
/home/antonkov/masterWork/tests/samePrefixMarkedMtx2304/depth3/node4/test1_0.mtx 1.7 1070.65 0.00301902 0.0458333 
/home/antonkov/masterWork/tests/samePrefixMarkedMtx2304/depth3/node4/test1_0.mtx 1.8 1637.2 0.00111146 0.02 
/home/antonkov/masterWork/tests/samePrefixMarkedMtx2304/depth3/node4/test1_0.mtx 1.9 3911.96 0.000411819 0.00649351 
/home/antonkov/masterWork/tests/samePrefixMarkedMtx2304/depth3/node4/test1_0.mtx 2 0 -1 -1 
/home/antonkov/masterWork/tests/samePrefixMarkedMtx2304/depth3/node4/test1_0.mtx 2.1 0 -1 -1 
/home/antonkov/masterWork/tests/samePrefixMarkedMtx2304/depth3/node4/test1_0.mtx 2.2 0 -1 -1 
/home/antonkov/masterWork/tests/samePrefixMarkedMtx2304/depth3/node4/test1_0.mtx 2.3 0 -1 -1 
/home/antonkov/masterWork/tests/samePrefixMarkedMtx2304/depth3/node4/test1_0.mtx 2.4 0 -1 -1 
/home/antonkov/masterWork/tests/samePrefixMarkedMtx2304/depth3/node4/test1_0.mtx 2.5 0 -1 -1 
/home/antonkov/masterWork/tests/samePrefixMarkedMtx2304/depth3/node4/test1_0.mtx 2.6 0 -1 -1 
/home/antonkov/masterWork/tests/samePrefixMarkedMtx2304/depth3/node4/test1_0.mtx 2.7 0 -1 -1 
/home/antonkov/masterWork/tests/samePrefixMarkedMtx2304/depth3/node4/test1_0.mtx 2.8 0 -1 -1 
/home/antonkov/masterWork/tests/samePrefixMarkedMtx2304/depth3/node4/test1_0.mtx 2.9 0 -1 -1 
/home/antonkov/masterWork/tests/samePrefixMarkedMtx2304/depth3/node4/test1_0.mtx 3 0 -1 -1 
/home/antonkov/masterWork/tests/samePrefixMarkedMtx2304/depth3/node4/test1_0.mtx 3.1 0 -1 -1 
/home/antonkov/masterWork/tests/samePrefixMarkedMtx2304/depth3/node4/test1_0.mtx 3.2 0 -1 -1 
/home/antonkov/masterWork/tests/samePrefixMarkedMtx2304/depth3/node4/test1_0.mtx 3.3 0 -1 -1 
/home/antonkov/masterWork/tests/samePrefixMarkedMtx2304/depth3/node4/test1_0.mtx 3.4 0 -1 -1 
/home/antonkov/masterWork/tests/samePrefixMarkedMtx2304/depth3/node4/test1_0.mtx 3.5 0 -1 -1 
/home/antonkov/masterWork/tests/samePrefixMarkedMtx2304/depth3/node4/test1_1.mtx 1 425.962 0.0777865 0.9 
/home/antonkov/masterWork/tests/samePrefixMarkedMtx2304/depth3/node4/test1_1.mtx 1.1 432.054 0.0616189 0.76 
/home/antonkov/masterWork/tests/samePrefixMarkedMtx2304/depth3/node4/test1_1.mtx 1.2 404.351 0.0440755 0.58 
/home/antonkov/masterWork/tests/samePrefixMarkedMtx2304/depth3/node4/test1_1.mtx 1.3 509.095 0.0305859 0.44 
/home/antonkov/masterWork/tests/samePrefixMarkedMtx2304/depth3/node4/test1_1.mtx 1.4 476.986 0.0171636 0.25 
/home/antonkov/masterWork/tests/samePrefixMarkedMtx2304/depth3/node4/test1_1.mtx 1.5 623.295 0.0104427 0.155 
/home/antonkov/masterWork/tests/samePrefixMarkedMtx2304/depth3/node4/test1_1.mtx 1.6 773.776 0.00460503 0.0714286 
/home/antonkov/masterWork/tests/samePrefixMarkedMtx2304/depth3/node4/test1_1.mtx 1.7 1203.71 0.00232523 0.036 
/home/antonkov/masterWork/tests/samePrefixMarkedMtx2304/depth3/node4/test1_1.mtx 1.8 2409.83 0.000787371 0.0133333 
/home/antonkov/masterWork/tests/samePrefixMarkedMtx2304/depth3/node4/test1_1.mtx 1.9 5342.47 0.000270557 0.00454545 
/home/antonkov/masterWork/tests/samePrefixMarkedMtx2304/depth3/node4/test1_1.mtx 2 0 -1 -1 
/home/antonkov/masterWork/tests/samePrefixMarkedMtx2304/depth3/node4/test1_1.mtx 2.1 0 -1 -1 
/home/antonkov/masterWork/tests/samePrefixMarkedMtx2304/depth3/node4/test1_1.mtx 2.2 0 -1 -1 
/home/antonkov/masterWork/tests/samePrefixMarkedMtx2304/depth3/node4/test1_1.mtx 2.3 0 -1 -1 
/home/antonkov/masterWork/tests/samePrefixMarkedMtx2304/depth3/node4/test1_1.mtx 2.4 0 -1 -1 
/home/antonkov/masterWork/tests/samePrefixMarkedMtx2304/depth3/node4/test1_1.mtx 2.5 0 -1 -1 
/home/antonkov/masterWork/tests/samePrefixMarkedMtx2304/depth3/node4/test1_1.mtx 2.6 0 -1 -1 
/home/antonkov/masterWork/tests/samePrefixMarkedMtx2304/depth3/node4/test1_1.mtx 2.7 0 -1 -1 
/home/antonkov/masterWork/tests/samePrefixMarkedMtx2304/depth3/node4/test1_1.mtx 2.8 0 -1 -1 
/home/antonkov/masterWork/tests/samePrefixMarkedMtx2304/depth3/node4/test1_1.mtx 2.9 0 -1 -1 
/home/antonkov/masterWork/tests/samePrefixMarkedMtx2304/depth3/node4/test1_1.mtx 3 0 -1 -1 
/home/antonkov/masterWork/tests/samePrefixMarkedMtx2304/depth3/node4/test1_1.mtx 3.1 0 -1 -1 
/home/antonkov/masterWork/tests/samePrefixMarkedMtx2304/depth3/node4/test1_1.mtx 3.2 0 -1 -1 
/home/antonkov/masterWork/tests/samePrefixMarkedMtx2304/depth3/node4/test1_1.mtx 3.3 0 -1 -1 
/home/antonkov/masterWork/tests/samePrefixMarkedMtx2304/depth3/node4/test1_1.mtx 3.4 0 -1 -1 
/home/antonkov/masterWork/tests/samePrefixMarkedMtx2304/depth3/node4/test1_1.mtx 3.5 0 -1 -1 
/home/antonkov/masterWork/tests/samePrefixMarkedMtx2304/depth3/node4/test1_2.mtx 1 431.454 0.0764323 0.88 
/home/antonkov/masterWork/tests/samePrefixMarkedMtx2304/depth3/node4/test1_2.mtx 1.1 424.408 0.0616146 0.75 
/home/antonkov/masterWork/tests/samePrefixMarkedMtx2304/depth3/node4/test1_2.mtx 1.2 399.349 0.0467101 0.55 
/home/antonkov/masterWork/tests/samePrefixMarkedMtx2304/depth3/node4/test1_2.mtx 1.3 530.073 0.0369683 0.47 
/home/antonkov/masterWork/tests/samePrefixMarkedMtx2304/depth3/node4/test1_2.mtx 1.4 484.485 0.0246484 0.335 
/home/antonkov/masterWork/tests/samePrefixMarkedMtx2304/depth3/node4/test1_2.mtx 1.5 545.612 0.0137963 0.19 
/home/antonkov/masterWork/tests/samePrefixMarkedMtx2304/depth3/node4/test1_2.mtx 1.6 711.903 0.00571759 0.0866667 
/home/antonkov/masterWork/tests/samePrefixMarkedMtx2304/depth3/node4/test1_2.mtx 1.7 1111.7 0.0027484 0.0407692 
/home/antonkov/masterWork/tests/samePrefixMarkedMtx2304/depth3/node4/test1_2.mtx 1.8 1921.21 0.00114913 0.017931 
/home/antonkov/masterWork/tests/samePrefixMarkedMtx2304/depth3/node4/test1_2.mtx 1.9 4785.3 0.000325968 0.00525773 
/home/antonkov/masterWork/tests/samePrefixMarkedMtx2304/depth3/node4/test1_2.mtx 2 0 -1 -1 
/home/antonkov/masterWork/tests/samePrefixMarkedMtx2304/depth3/node4/test1_2.mtx 2.1 0 -1 -1 
/home/antonkov/masterWork/tests/samePrefixMarkedMtx2304/depth3/node4/test1_2.mtx 2.2 0 -1 -1 
/home/antonkov/masterWork/tests/samePrefixMarkedMtx2304/depth3/node4/test1_2.mtx 2.3 0 -1 -1 
/home/antonkov/masterWork/tests/samePrefixMarkedMtx2304/depth3/node4/test1_2.mtx 2.4 0 -1 -1 
/home/antonkov/masterWork/tests/samePrefixMarkedMtx2304/depth3/node4/test1_2.mtx 2.5 0 -1 -1 
/home/antonkov/masterWork/tests/samePrefixMarkedMtx2304/depth3/node4/test1_2.mtx 2.6 0 -1 -1 
/home/antonkov/masterWork/tests/samePrefixMarkedMtx2304/depth3/node4/test1_2.mtx 2.7 0 -1 -1 
/home/antonkov/masterWork/tests/samePrefixMarkedMtx2304/depth3/node4/test1_2.mtx 2.8 0 -1 -1 
/home/antonkov/masterWork/tests/samePrefixMarkedMtx2304/depth3/node4/test1_2.mtx 2.9 0 -1 -1 
/home/antonkov/masterWork/tests/samePrefixMarkedMtx2304/depth3/node4/test1_2.mtx 3 0 -1 -1 
/home/antonkov/masterWork/tests/samePrefixMarkedMtx2304/depth3/node4/test1_2.mtx 3.1 0 -1 -1 
/home/antonkov/masterWork/tests/samePrefixMarkedMtx2304/depth3/node4/test1_2.mtx 3.2 0 -1 -1 
/home/antonkov/masterWork/tests/samePrefixMarkedMtx2304/depth3/node4/test1_2.mtx 3.3 0 -1 -1 
/home/antonkov/masterWork/tests/samePrefixMarkedMtx2304/depth3/node4/test1_2.mtx 3.4 0 -1 -1 
/home/antonkov/masterWork/tests/samePrefixMarkedMtx2304/depth3/node4/test1_2.mtx 3.5 0 -1 -1 
/home/antonkov/masterWork/tests/samePrefixMarkedMtx2304/depth3/node4/test1_3.mtx 1 424.724 0.0723785 0.86 
/home/antonkov/masterWork/tests/samePrefixMarkedMtx2304/depth3/node4/test1_3.mtx 1.1 422.049 0.0567231 0.7 
/home/antonkov/masterWork/tests/samePrefixMarkedMtx2304/depth3/node4/test1_3.mtx 1.2 402.362 0.0422179 0.55 
/home/antonkov/masterWork/tests/samePrefixMarkedMtx2304/depth3/node4/test1_3.mtx 1.3 505.731 0.0324262 0.445 
/home/antonkov/masterWork/tests/samePrefixMarkedMtx2304/depth3/node4/test1_3.mtx 1.4 480.703 0.0194314 0.285 
/home/antonkov/masterWork/tests/samePrefixMarkedMtx2304/depth3/node4/test1_3.mtx 1.5 548.23 0.0139482 0.19 
/home/antonkov/masterWork/tests/samePrefixMarkedMtx2304/depth3/node4/test1_3.mtx 1.6 643.363 0.00736979 0.112 
/home/antonkov/masterWork/tests/samePrefixMarkedMtx2304/depth3/node4/test1_3.mtx 1.7 1027.15 0.00290437 0.0433333 
/home/antonkov/masterWork/tests/samePrefixMarkedMtx2304/depth3/node4/test1_3.mtx 1.8 1881.78 0.000977012 0.0172414 
/home/antonkov/masterWork/tests/samePrefixMarkedMtx2304/depth3/node4/test1_3.mtx 1.9 4689.01 0.000290891 0.00531915 
/home/antonkov/masterWork/tests/samePrefixMarkedMtx2304/depth3/node4/test1_3.mtx 2 0 -1 -1 
/home/antonkov/masterWork/tests/samePrefixMarkedMtx2304/depth3/node4/test1_3.mtx 2.1 0 -1 -1 
/home/antonkov/masterWork/tests/samePrefixMarkedMtx2304/depth3/node4/test1_3.mtx 2.2 0 -1 -1 
/home/antonkov/masterWork/tests/samePrefixMarkedMtx2304/depth3/node4/test1_3.mtx 2.3 0 -1 -1 
/home/antonkov/masterWork/tests/samePrefixMarkedMtx2304/depth3/node4/test1_3.mtx 2.4 0 -1 -1 
/home/antonkov/masterWork/tests/samePrefixMarkedMtx2304/depth3/node4/test1_3.mtx 2.5 0 -1 -1 
/home/antonkov/masterWork/tests/samePrefixMarkedMtx2304/depth3/node4/test1_3.mtx 2.6 0 -1 -1 
/home/antonkov/masterWork/tests/samePrefixMarkedMtx2304/depth3/node4/test1_3.mtx 2.7 0 -1 -1 
/home/antonkov/masterWork/tests/samePrefixMarkedMtx2304/depth3/node4/test1_3.mtx 2.8 0 -1 -1 
/home/antonkov/masterWork/tests/samePrefixMarkedMtx2304/depth3/node4/test1_3.mtx 2.9 0 -1 -1 
/home/antonkov/masterWork/tests/samePrefixMarkedMtx2304/depth3/node4/test1_3.mtx 3 0 -1 -1 
/home/antonkov/masterWork/tests/samePrefixMarkedMtx2304/depth3/node4/test1_3.mtx 3.1 0 -1 -1 
/home/antonkov/masterWork/tests/samePrefixMarkedMtx2304/depth3/node4/test1_3.mtx 3.2 0 -1 -1 
/home/antonkov/masterWork/tests/samePrefixMarkedMtx2304/depth3/node4/test1_3.mtx 3.3 0 -1 -1 
/home/antonkov/masterWork/tests/samePrefixMarkedMtx2304/depth3/node4/test1_3.mtx 3.4 0 -1 -1 
/home/antonkov/masterWork/tests/samePrefixMarkedMtx2304/depth3/node4/test1_3.mtx 3.5 0 -1 -1 
/home/antonkov/masterWork/tests/samePrefixMarkedMtx2304/depth3/node4/test1_4.mtx 1 425.433 0.0791884 0.9 
/home/antonkov/masterWork/tests/samePrefixMarkedMtx2304/depth3/node4/test1_4.mtx 1.1 432.773 0.067079 0.82 
/home/antonkov/masterWork/tests/samePrefixMarkedMtx2304/depth3/node4/test1_4.mtx 1.2 409.802 0.0510764 0.65 
/home/antonkov/masterWork/tests/samePrefixMarkedMtx2304/depth3/node4/test1_4.mtx 1.3 520.596 0.0370247 0.49 
/home/antonkov/masterWork/tests/samePrefixMarkedMtx2304/depth3/node4/test1_4.mtx 1.4 491.388 0.0222157 0.295 
/home/antonkov/masterWork/tests/samePrefixMarkedMtx2304/depth3/node4/test1_4.mtx 1.5 549.282 0.0148003 0.2 
/home/antonkov/masterWork/tests/samePrefixMarkedMtx2304/depth3/node4/test1_4.mtx 1.6 729.278 0.00565032 0.085 
/home/antonkov/masterWork/tests/samePrefixMarkedMtx2304/depth3/node4/test1_4.mtx 1.7 1053.99 0.00283782 0.0433333 
/home/antonkov/masterWork/tests/samePrefixMarkedMtx2304/depth3/node4/test1_4.mtx 1.8 2049.11 0.000963813 0.015625 
/home/antonkov/masterWork/tests/samePrefixMarkedMtx2304/depth3/node4/test1_4.mtx 1.9 4728.72 0.000317251 0.00526316 
/home/antonkov/masterWork/tests/samePrefixMarkedMtx2304/depth3/node4/test1_4.mtx 2 0 -1 -1 
/home/antonkov/masterWork/tests/samePrefixMarkedMtx2304/depth3/node4/test1_4.mtx 2.1 0 -1 -1 
/home/antonkov/masterWork/tests/samePrefixMarkedMtx2304/depth3/node4/test1_4.mtx 2.2 0 -1 -1 
/home/antonkov/masterWork/tests/samePrefixMarkedMtx2304/depth3/node4/test1_4.mtx 2.3 0 -1 -1 
/home/antonkov/masterWork/tests/samePrefixMarkedMtx2304/depth3/node4/test1_4.mtx 2.4 0 -1 -1 
/home/antonkov/masterWork/tests/samePrefixMarkedMtx2304/depth3/node4/test1_4.mtx 2.5 0 -1 -1 
/home/antonkov/masterWork/tests/samePrefixMarkedMtx2304/depth3/node4/test1_4.mtx 2.6 0 -1 -1 
/home/antonkov/masterWork/tests/samePrefixMarkedMtx2304/depth3/node4/test1_4.mtx 2.7 0 -1 -1 
/home/antonkov/masterWork/tests/samePrefixMarkedMtx2304/depth3/node4/test1_4.mtx 2.8 0 -1 -1 
/home/antonkov/masterWork/tests/samePrefixMarkedMtx2304/depth3/node4/test1_4.mtx 2.9 0 -1 -1 
/home/antonkov/masterWork/tests/samePrefixMarkedMtx2304/depth3/node4/test1_4.mtx 3 0 -1 -1 
/home/antonkov/masterWork/tests/samePrefixMarkedMtx2304/depth3/node4/test1_4.mtx 3.1 0 -1 -1 
/home/antonkov/masterWork/tests/samePrefixMarkedMtx2304/depth3/node4/test1_4.mtx 3.2 0 -1 -1 
/home/antonkov/masterWork/tests/samePrefixMarkedMtx2304/depth3/node4/test1_4.mtx 3.3 0 -1 -1 
/home/antonkov/masterWork/tests/samePrefixMarkedMtx2304/depth3/node4/test1_4.mtx 3.4 0 -1 -1 
/home/antonkov/masterWork/tests/samePrefixMarkedMtx2304/depth3/node4/test1_4.mtx 3.5 0 -1 -1 
/home/antonkov/masterWork/tests/samePrefixMarkedMtx2304/depth3/node4/test2_0.mtx 1 459.799 0.075178 0.87 
/home/antonkov/masterWork/tests/samePrefixMarkedMtx2304/depth3/node4/test2_0.mtx 1.1 456.79 0.0628906 0.77 
/home/antonkov/masterWork/tests/samePrefixMarkedMtx2304/depth3/node4/test2_0.mtx 1.2 432.806 0.0498524 0.63 
/home/antonkov/masterWork/tests/samePrefixMarkedMtx2304/depth3/node4/test2_0.mtx 1.3 544.095 0.0411762 0.53 
/home/antonkov/masterWork/tests/samePrefixMarkedMtx2304/depth3/node4/test2_0.mtx 1.4 515.769 0.0278993 0.375 
/home/antonkov/masterWork/tests/samePrefixMarkedMtx2304/depth3/node4/test2_0.mtx 1.5 505.543 0.0164844 0.255 
/home/antonkov/masterWork/tests/samePrefixMarkedMtx2304/depth3/node4/test2_0.mtx 1.6 687.162 0.00677951 0.102 
/home/antonkov/masterWork/tests/samePrefixMarkedMtx2304/depth3/node4/test2_0.mtx 1.7 966.573 0.00333203 0.053 
/home/antonkov/masterWork/tests/samePrefixMarkedMtx2304/depth3/node4/test2_0.mtx 1.8 1898.29 0.00102291 0.0178571 
/home/antonkov/masterWork/tests/samePrefixMarkedMtx2304/depth3/node4/test2_0.mtx 1.9 4688.94 0.000357668 0.0056044 
/home/antonkov/masterWork/tests/samePrefixMarkedMtx2304/depth3/node4/test2_0.mtx 2 0 -1 -1 
/home/antonkov/masterWork/tests/samePrefixMarkedMtx2304/depth3/node4/test2_0.mtx 2.1 0 -1 -1 
/home/antonkov/masterWork/tests/samePrefixMarkedMtx2304/depth3/node4/test2_0.mtx 2.2 0 -1 -1 
/home/antonkov/masterWork/tests/samePrefixMarkedMtx2304/depth3/node4/test2_0.mtx 2.3 0 -1 -1 
/home/antonkov/masterWork/tests/samePrefixMarkedMtx2304/depth3/node4/test2_0.mtx 2.4 0 -1 -1 
/home/antonkov/masterWork/tests/samePrefixMarkedMtx2304/depth3/node4/test2_0.mtx 2.5 0 -1 -1 
/home/antonkov/masterWork/tests/samePrefixMarkedMtx2304/depth3/node4/test2_0.mtx 2.6 0 -1 -1 
/home/antonkov/masterWork/tests/samePrefixMarkedMtx2304/depth3/node4/test2_0.mtx 2.7 0 -1 -1 
/home/antonkov/masterWork/tests/samePrefixMarkedMtx2304/depth3/node4/test2_0.mtx 2.8 0 -1 -1 
/home/antonkov/masterWork/tests/samePrefixMarkedMtx2304/depth3/node4/test2_0.mtx 2.9 0 -1 -1 
/home/antonkov/masterWork/tests/samePrefixMarkedMtx2304/depth3/node4/test2_0.mtx 3 0 -1 -1 
/home/antonkov/masterWork/tests/samePrefixMarkedMtx2304/depth3/node4/test2_0.mtx 3.1 0 -1 -1 
/home/antonkov/masterWork/tests/samePrefixMarkedMtx2304/depth3/node4/test2_0.mtx 3.2 0 -1 -1 
/home/antonkov/masterWork/tests/samePrefixMarkedMtx2304/depth3/node4/test2_0.mtx 3.3 0 -1 -1 
/home/antonkov/masterWork/tests/samePrefixMarkedMtx2304/depth3/node4/test2_0.mtx 3.4 0 -1 -1 
/home/antonkov/masterWork/tests/samePrefixMarkedMtx2304/depth3/node4/test2_0.mtx 3.5 0 -1 -1 
/home/antonkov/masterWork/tests/samePrefixMarkedMtx2304/depth3/node4/test2_1.mtx 1 458.563 0.0767231 0.92 
/home/antonkov/masterWork/tests/samePrefixMarkedMtx2304/depth3/node4/test2_1.mtx 1.1 448.21 0.0646094 0.8 
/home/antonkov/masterWork/tests/samePrefixMarkedMtx2304/depth3/node4/test2_1.mtx 1.2 435.905 0.0494227 0.63 
/home/antonkov/masterWork/tests/samePrefixMarkedMtx2304/depth3/node4/test2_1.mtx 1.3 555.475 0.0375043 0.515 
/home/antonkov/masterWork/tests/samePrefixMarkedMtx2304/depth3/node4/test2_1.mtx 1.4 518.915 0.0227626 0.32 
/home/antonkov/masterWork/tests/samePrefixMarkedMtx2304/depth3/node4/test2_1.mtx 1.5 591.12 0.0144141 0.213333 
/home/antonkov/masterWork/tests/samePrefixMarkedMtx2304/depth3/node4/test2_1.mtx 1.6 785.126 0.00633681 0.0933333 
/home/antonkov/masterWork/tests/samePrefixMarkedMtx2304/depth3/node4/test2_1.mtx 1.7 950.276 0.00357075 0.055 
/home/antonkov/masterWork/tests/samePrefixMarkedMtx2304/depth3/node4/test2_1.mtx 1.8 1494.84 0.00131862 0.0238095 
/home/antonkov/masterWork/tests/samePrefixMarkedMtx2304/depth3/node4/test2_1.mtx 1.9 4113.34 0.000384448 0.00641026 
/home/antonkov/masterWork/tests/samePrefixMarkedMtx2304/depth3/node4/test2_1.mtx 2 0 -1 -1 
/home/antonkov/masterWork/tests/samePrefixMarkedMtx2304/depth3/node4/test2_1.mtx 2.1 0 -1 -1 
/home/antonkov/masterWork/tests/samePrefixMarkedMtx2304/depth3/node4/test2_1.mtx 2.2 0 -1 -1 
/home/antonkov/masterWork/tests/samePrefixMarkedMtx2304/depth3/node4/test2_1.mtx 2.3 0 -1 -1 
/home/antonkov/masterWork/tests/samePrefixMarkedMtx2304/depth3/node4/test2_1.mtx 2.4 0 -1 -1 
/home/antonkov/masterWork/tests/samePrefixMarkedMtx2304/depth3/node4/test2_1.mtx 2.5 0 -1 -1 
/home/antonkov/masterWork/tests/samePrefixMarkedMtx2304/depth3/node4/test2_1.mtx 2.6 0 -1 -1 
/home/antonkov/masterWork/tests/samePrefixMarkedMtx2304/depth3/node4/test2_1.mtx 2.7 0 -1 -1 
/home/antonkov/masterWork/tests/samePrefixMarkedMtx2304/depth3/node4/test2_1.mtx 2.8 0 -1 -1 
/home/antonkov/masterWork/tests/samePrefixMarkedMtx2304/depth3/node4/test2_1.mtx 2.9 0 -1 -1 
/home/antonkov/masterWork/tests/samePrefixMarkedMtx2304/depth3/node4/test2_1.mtx 3 0 -1 -1 
/home/antonkov/masterWork/tests/samePrefixMarkedMtx2304/depth3/node4/test2_1.mtx 3.1 0 -1 -1 
/home/antonkov/masterWork/tests/samePrefixMarkedMtx2304/depth3/node4/test2_1.mtx 3.2 0 -1 -1 
/home/antonkov/masterWork/tests/samePrefixMarkedMtx2304/depth3/node4/test2_1.mtx 3.3 0 -1 -1 
/home/antonkov/masterWork/tests/samePrefixMarkedMtx2304/depth3/node4/test2_1.mtx 3.4 0 -1 -1 
/home/antonkov/masterWork/tests/samePrefixMarkedMtx2304/depth3/node4/test2_1.mtx 3.5 0 -1 -1 
/home/antonkov/masterWork/tests/samePrefixMarkedMtx2304/depth3/node4/test2_2.mtx 1 454.657 0.0793142 0.93 
/home/antonkov/masterWork/tests/samePrefixMarkedMtx2304/depth3/node4/test2_2.mtx 1.1 456.981 0.0619792 0.76 
/home/antonkov/masterWork/tests/samePrefixMarkedMtx2304/depth3/node4/test2_2.mtx 1.2 429.378 0.047322 0.6 
/home/antonkov/masterWork/tests/samePrefixMarkedMtx2304/depth3/node4/test2_2.mtx 1.3 539.545 0.0334961 0.445 
/home/antonkov/masterWork/tests/samePrefixMarkedMtx2304/depth3/node4/test2_2.mtx 1.4 506.942 0.0230903 0.335 
/home/antonkov/masterWork/tests/samePrefixMarkedMtx2304/depth3/node4/test2_2.mtx 1.5 566.026 0.0144864 0.21 
/home/antonkov/masterWork/tests/samePrefixMarkedMtx2304/depth3/node4/test2_2.mtx 1.6 687.39 0.00704514 0.106 
/home/antonkov/masterWork/tests/samePrefixMarkedMtx2304/depth3/node4/test2_2.mtx 1.7 963.77 0.00370399 0.057 
/home/antonkov/masterWork/tests/samePrefixMarkedMtx2304/depth3/node4/test2_2.mtx 1.8 1515.06 0.00152509 0.0242857 
/home/antonkov/masterWork/tests/samePrefixMarkedMtx2304/depth3/node4/test2_2.mtx 1.9 3065.71 0.000534328 0.00909091 
/home/antonkov/masterWork/tests/samePrefixMarkedMtx2304/depth3/node4/test2_2.mtx 2 0 -1 -1 
/home/antonkov/masterWork/tests/samePrefixMarkedMtx2304/depth3/node4/test2_2.mtx 2.1 0 -1 -1 
/home/antonkov/masterWork/tests/samePrefixMarkedMtx2304/depth3/node4/test2_2.mtx 2.2 0 -1 -1 
/home/antonkov/masterWork/tests/samePrefixMarkedMtx2304/depth3/node4/test2_2.mtx 2.3 0 -1 -1 
/home/antonkov/masterWork/tests/samePrefixMarkedMtx2304/depth3/node4/test2_2.mtx 2.4 0 -1 -1 
/home/antonkov/masterWork/tests/samePrefixMarkedMtx2304/depth3/node4/test2_2.mtx 2.5 0 -1 -1 
/home/antonkov/masterWork/tests/samePrefixMarkedMtx2304/depth3/node4/test2_2.mtx 2.6 0 -1 -1 
/home/antonkov/masterWork/tests/samePrefixMarkedMtx2304/depth3/node4/test2_2.mtx 2.7 0 -1 -1 
/home/antonkov/masterWork/tests/samePrefixMarkedMtx2304/depth3/node4/test2_2.mtx 2.8 0 -1 -1 
/home/antonkov/masterWork/tests/samePrefixMarkedMtx2304/depth3/node4/test2_2.mtx 2.9 0 -1 -1 
/home/antonkov/masterWork/tests/samePrefixMarkedMtx2304/depth3/node4/test2_2.mtx 3 0 -1 -1 
/home/antonkov/masterWork/tests/samePrefixMarkedMtx2304/depth3/node4/test2_2.mtx 3.1 0 -1 -1 
/home/antonkov/masterWork/tests/samePrefixMarkedMtx2304/depth3/node4/test2_2.mtx 3.2 0 -1 -1 
/home/antonkov/masterWork/tests/samePrefixMarkedMtx2304/depth3/node4/test2_2.mtx 3.3 0 -1 -1 
/home/antonkov/masterWork/tests/samePrefixMarkedMtx2304/depth3/node4/test2_2.mtx 3.4 0 -1 -1 
/home/antonkov/masterWork/tests/samePrefixMarkedMtx2304/depth3/node4/test2_2.mtx 3.5 0 -1 -1 
/home/antonkov/masterWork/tests/samePrefixMarkedMtx2304/depth3/node4/test2_3.mtx 1 455.643 0.0824653 0.93 
/home/antonkov/masterWork/tests/samePrefixMarkedMtx2304/depth3/node4/test2_3.mtx 1.1 446.368 0.0680556 0.81 
/home/antonkov/masterWork/tests/samePrefixMarkedMtx2304/depth3/node4/test2_3.mtx 1.2 436.768 0.0543273 0.68 
/home/antonkov/masterWork/tests/samePrefixMarkedMtx2304/depth3/node4/test2_3.mtx 1.3 419.34 0.039974 0.54 
/home/antonkov/masterWork/tests/samePrefixMarkedMtx2304/depth3/node4/test2_3.mtx 1.4 523.16 0.0256554 0.37 
/home/antonkov/masterWork/tests/samePrefixMarkedMtx2304/depth3/node4/test2_3.mtx 1.5 574.12 0.0150304 0.216667 
/home/antonkov/masterWork/tests/samePrefixMarkedMtx2304/depth3/node4/test2_3.mtx 1.6 696.339 0.00864583 0.126 
/home/antonkov/masterWork/tests/samePrefixMarkedMtx2304/depth3/node4/test2_3.mtx 1.7 837.844 0.00450901 0.06875 
/home/antonkov/masterWork/tests/samePrefixMarkedMtx2304/depth3/node4/test2_3.mtx 1.8 1665.03 0.00128961 0.0208333 
/home/antonkov/masterWork/tests/samePrefixMarkedMtx2304/depth3/node4/test2_3.mtx 1.9 4111.96 0.0003403 0.00632911 
/home/antonkov/masterWork/tests/samePrefixMarkedMtx2304/depth3/node4/test2_3.mtx 2 0 -1 -1 
/home/antonkov/masterWork/tests/samePrefixMarkedMtx2304/depth3/node4/test2_3.mtx 2.1 0 -1 -1 
/home/antonkov/masterWork/tests/samePrefixMarkedMtx2304/depth3/node4/test2_3.mtx 2.2 0 -1 -1 
/home/antonkov/masterWork/tests/samePrefixMarkedMtx2304/depth3/node4/test2_3.mtx 2.3 0 -1 -1 
/home/antonkov/masterWork/tests/samePrefixMarkedMtx2304/depth3/node4/test2_3.mtx 2.4 0 -1 -1 
/home/antonkov/masterWork/tests/samePrefixMarkedMtx2304/depth3/node4/test2_3.mtx 2.5 0 -1 -1 
/home/antonkov/masterWork/tests/samePrefixMarkedMtx2304/depth3/node4/test2_3.mtx 2.6 0 -1 -1 
/home/antonkov/masterWork/tests/samePrefixMarkedMtx2304/depth3/node4/test2_3.mtx 2.7 0 -1 -1 
/home/antonkov/masterWork/tests/samePrefixMarkedMtx2304/depth3/node4/test2_3.mtx 2.8 0 -1 -1 
/home/antonkov/masterWork/tests/samePrefixMarkedMtx2304/depth3/node4/test2_3.mtx 2.9 0 -1 -1 
/home/antonkov/masterWork/tests/samePrefixMarkedMtx2304/depth3/node4/test2_3.mtx 3 0 -1 -1 
/home/antonkov/masterWork/tests/samePrefixMarkedMtx2304/depth3/node4/test2_3.mtx 3.1 0 -1 -1 
/home/antonkov/masterWork/tests/samePrefixMarkedMtx2304/depth3/node4/test2_3.mtx 3.2 0 -1 -1 
/home/antonkov/masterWork/tests/samePrefixMarkedMtx2304/depth3/node4/test2_3.mtx 3.3 0 -1 -1 
/home/antonkov/masterWork/tests/samePrefixMarkedMtx2304/depth3/node4/test2_3.mtx 3.4 0 -1 -1 
/home/antonkov/masterWork/tests/samePrefixMarkedMtx2304/depth3/node4/test2_3.mtx 3.5 0 -1 -1 
/home/antonkov/masterWork/tests/samePrefixMarkedMtx2304/depth3/node4/test2_4.mtx 1 449.634 0.0769878 0.88 
/home/antonkov/masterWork/tests/samePrefixMarkedMtx2304/depth3/node4/test2_4.mtx 1.1 447.82 0.0647439 0.78 
/home/antonkov/masterWork/tests/samePrefixMarkedMtx2304/depth3/node4/test2_4.mtx 1.2 420.727 0.0492665 0.63 
/home/antonkov/masterWork/tests/samePrefixMarkedMtx2304/depth3/node4/test2_4.mtx 1.3 548.314 0.0386437 0.51 
/home/antonkov/masterWork/tests/samePrefixMarkedMtx2304/depth3/node4/test2_4.mtx 1.4 523.225 0.0246115 0.34 
/home/antonkov/masterWork/tests/samePrefixMarkedMtx2304/depth3/node4/test2_4.mtx 1.5 590.641 0.0151852 0.22 
/home/antonkov/masterWork/tests/samePrefixMarkedMtx2304/depth3/node4/test2_4.mtx 1.6 625.496 0.00845486 0.1275 
/home/antonkov/masterWork/tests/samePrefixMarkedMtx2304/depth3/node4/test2_4.mtx 1.7 1001.55 0.003352 0.054 
/home/antonkov/masterWork/tests/samePrefixMarkedMtx2304/depth3/node4/test2_4.mtx 1.8 1612.59 0.00130425 0.0227273 
/home/antonkov/masterWork/tests/samePrefixMarkedMtx2304/depth3/node4/test2_4.mtx 1.9 3415.89 0.00047225 0.0083871 
/home/antonkov/masterWork/tests/samePrefixMarkedMtx2304/depth3/node4/test2_4.mtx 2 0 -1 -1 
/home/antonkov/masterWork/tests/samePrefixMarkedMtx2304/depth3/node4/test2_4.mtx 2.1 0 -1 -1 
/home/antonkov/masterWork/tests/samePrefixMarkedMtx2304/depth3/node4/test2_4.mtx 2.2 0 -1 -1 
/home/antonkov/masterWork/tests/samePrefixMarkedMtx2304/depth3/node4/test2_4.mtx 2.3 0 -1 -1 
/home/antonkov/masterWork/tests/samePrefixMarkedMtx2304/depth3/node4/test2_4.mtx 2.4 0 -1 -1 
/home/antonkov/masterWork/tests/samePrefixMarkedMtx2304/depth3/node4/test2_4.mtx 2.5 0 -1 -1 
/home/antonkov/masterWork/tests/samePrefixMarkedMtx2304/depth3/node4/test2_4.mtx 2.6 0 -1 -1 
/home/antonkov/masterWork/tests/samePrefixMarkedMtx2304/depth3/node4/test2_4.mtx 2.7 0 -1 -1 
/home/antonkov/masterWork/tests/samePrefixMarkedMtx2304/depth3/node4/test2_4.mtx 2.8 0 -1 -1 
/home/antonkov/masterWork/tests/samePrefixMarkedMtx2304/depth3/node4/test2_4.mtx 2.9 0 -1 -1 
/home/antonkov/masterWork/tests/samePrefixMarkedMtx2304/depth3/node4/test2_4.mtx 3 0 -1 -1 
/home/antonkov/masterWork/tests/samePrefixMarkedMtx2304/depth3/node4/test2_4.mtx 3.1 0 -1 -1 
/home/antonkov/masterWork/tests/samePrefixMarkedMtx2304/depth3/node4/test2_4.mtx 3.2 0 -1 -1 
/home/antonkov/masterWork/tests/samePrefixMarkedMtx2304/depth3/node4/test2_4.mtx 3.3 0 -1 -1 
/home/antonkov/masterWork/tests/samePrefixMarkedMtx2304/depth3/node4/test2_4.mtx 3.4 0 -1 -1 
/home/antonkov/masterWork/tests/samePrefixMarkedMtx2304/depth3/node4/test2_4.mtx 3.5 0 -1 -1 
/home/antonkov/masterWork/tests/samePrefixMarkedMtx2304/depth3/node4/test3_0.mtx 1 426.234 0.0754687 0.86 
/home/antonkov/masterWork/tests/samePrefixMarkedMtx2304/depth3/node4/test3_0.mtx 1.1 423.462 0.0619531 0.75 
/home/antonkov/masterWork/tests/samePrefixMarkedMtx2304/depth3/node4/test3_0.mtx 1.2 399.482 0.0468924 0.6 
/home/antonkov/masterWork/tests/samePrefixMarkedMtx2304/depth3/node4/test3_0.mtx 1.3 515.725 0.0368859 0.48 
/home/antonkov/masterWork/tests/samePrefixMarkedMtx2304/depth3/node4/test3_0.mtx 1.4 478.176 0.0234961 0.33 
/home/antonkov/masterWork/tests/samePrefixMarkedMtx2304/depth3/node4/test3_0.mtx 1.5 530.575 0.0120848 0.173333 
/home/antonkov/masterWork/tests/samePrefixMarkedMtx2304/depth3/node4/test3_0.mtx 1.6 792.431 0.00580481 0.0857143 
/home/antonkov/masterWork/tests/samePrefixMarkedMtx2304/depth3/node4/test3_0.mtx 1.7 1137.42 0.00244575 0.0364286 
/home/antonkov/masterWork/tests/samePrefixMarkedMtx2304/depth3/node4/test3_0.mtx 1.8 2311.6 0.000802284 0.0128205 
/home/antonkov/masterWork/tests/samePrefixMarkedMtx2304/depth3/node4/test3_0.mtx 1.9 5254.33 0.000297407 0.0045045 
/home/antonkov/masterWork/tests/samePrefixMarkedMtx2304/depth3/node4/test3_0.mtx 2 0 -1 -1 
/home/antonkov/masterWork/tests/samePrefixMarkedMtx2304/depth3/node4/test3_0.mtx 2.1 0 -1 -1 
/home/antonkov/masterWork/tests/samePrefixMarkedMtx2304/depth3/node4/test3_0.mtx 2.2 0 -1 -1 
/home/antonkov/masterWork/tests/samePrefixMarkedMtx2304/depth3/node4/test3_0.mtx 2.3 0 -1 -1 
/home/antonkov/masterWork/tests/samePrefixMarkedMtx2304/depth3/node4/test3_0.mtx 2.4 0 -1 -1 
/home/antonkov/masterWork/tests/samePrefixMarkedMtx2304/depth3/node4/test3_0.mtx 2.5 0 -1 -1 
/home/antonkov/masterWork/tests/samePrefixMarkedMtx2304/depth3/node4/test3_0.mtx 2.6 0 -1 -1 
/home/antonkov/masterWork/tests/samePrefixMarkedMtx2304/depth3/node4/test3_0.mtx 2.7 0 -1 -1 
/home/antonkov/masterWork/tests/samePrefixMarkedMtx2304/depth3/node4/test3_0.mtx 2.8 0 -1 -1 
/home/antonkov/masterWork/tests/samePrefixMarkedMtx2304/depth3/node4/test3_0.mtx 2.9 0 -1 -1 
/home/antonkov/masterWork/tests/samePrefixMarkedMtx2304/depth3/node4/test3_0.mtx 3 0 -1 -1 
/home/antonkov/masterWork/tests/samePrefixMarkedMtx2304/depth3/node4/test3_0.mtx 3.1 0 -1 -1 
/home/antonkov/masterWork/tests/samePrefixMarkedMtx2304/depth3/node4/test3_0.mtx 3.2 0 -1 -1 
/home/antonkov/masterWork/tests/samePrefixMarkedMtx2304/depth3/node4/test3_0.mtx 3.3 0 -1 -1 
/home/antonkov/masterWork/tests/samePrefixMarkedMtx2304/depth3/node4/test3_0.mtx 3.4 0 -1 -1 
/home/antonkov/masterWork/tests/samePrefixMarkedMtx2304/depth3/node4/test3_0.mtx 3.5 0 -1 -1 
/home/antonkov/masterWork/tests/samePrefixMarkedMtx2304/depth3/node4/test3_1.mtx 1 426.96 0.0745833 0.86 
/home/antonkov/masterWork/tests/samePrefixMarkedMtx2304/depth3/node4/test3_1.mtx 1.1 428.8 0.0564714 0.69 
/home/antonkov/masterWork/tests/samePrefixMarkedMtx2304/depth3/node4/test3_1.mtx 1.2 397.765 0.0419314 0.56 
/home/antonkov/masterWork/tests/samePrefixMarkedMtx2304/depth3/node4/test3_1.mtx 1.3 507.438 0.033201 0.445 
/home/antonkov/masterWork/tests/samePrefixMarkedMtx2304/depth3/node4/test3_1.mtx 1.4 472.377 0.0211198 0.295 
/home/antonkov/masterWork/tests/samePrefixMarkedMtx2304/depth3/node4/test3_1.mtx 1.5 545.677 0.0118475 0.17 
/home/antonkov/masterWork/tests/samePrefixMarkedMtx2304/depth3/node4/test3_1.mtx 1.6 722.267 0.00627894 0.095 
/home/antonkov/masterWork/tests/samePrefixMarkedMtx2304/depth3/node4/test3_1.mtx 1.7 1440.76 0.00177929 0.0268421 
/home/antonkov/masterWork/tests/samePrefixMarkedMtx2304/depth3/node4/test3_1.mtx 1.8 2690.69 0.000636794 0.0108696 
/home/antonkov/masterWork/tests/samePrefixMarkedMtx2304/depth3/node4/test3_1.mtx 1.9 4929.32 0.000291862 0.00490196 
/home/antonkov/masterWork/tests/samePrefixMarkedMtx2304/depth3/node4/test3_1.mtx 2 0 -1 -1 
/home/antonkov/masterWork/tests/samePrefixMarkedMtx2304/depth3/node4/test3_1.mtx 2.1 0 -1 -1 
/home/antonkov/masterWork/tests/samePrefixMarkedMtx2304/depth3/node4/test3_1.mtx 2.2 0 -1 -1 
/home/antonkov/masterWork/tests/samePrefixMarkedMtx2304/depth3/node4/test3_1.mtx 2.3 0 -1 -1 
/home/antonkov/masterWork/tests/samePrefixMarkedMtx2304/depth3/node4/test3_1.mtx 2.4 0 -1 -1 
/home/antonkov/masterWork/tests/samePrefixMarkedMtx2304/depth3/node4/test3_1.mtx 2.5 0 -1 -1 
/home/antonkov/masterWork/tests/samePrefixMarkedMtx2304/depth3/node4/test3_1.mtx 2.6 0 -1 -1 
/home/antonkov/masterWork/tests/samePrefixMarkedMtx2304/depth3/node4/test3_1.mtx 2.7 0 -1 -1 
/home/antonkov/masterWork/tests/samePrefixMarkedMtx2304/depth3/node4/test3_1.mtx 2.8 0 -1 -1 
/home/antonkov/masterWork/tests/samePrefixMarkedMtx2304/depth3/node4/test3_1.mtx 2.9 0 -1 -1 
/home/antonkov/masterWork/tests/samePrefixMarkedMtx2304/depth3/node4/test3_1.mtx 3 0 -1 -1 
/home/antonkov/masterWork/tests/samePrefixMarkedMtx2304/depth3/node4/test3_1.mtx 3.1 0 -1 -1 
/home/antonkov/masterWork/tests/samePrefixMarkedMtx2304/depth3/node4/test3_1.mtx 3.2 0 -1 -1 
/home/antonkov/masterWork/tests/samePrefixMarkedMtx2304/depth3/node4/test3_1.mtx 3.3 0 -1 -1 
/home/antonkov/masterWork/tests/samePrefixMarkedMtx2304/depth3/node4/test3_1.mtx 3.4 0 -1 -1 
/home/antonkov/masterWork/tests/samePrefixMarkedMtx2304/depth3/node4/test3_1.mtx 3.5 0 -1 -1 
/home/antonkov/masterWork/tests/samePrefixMarkedMtx2304/depth3/node4/test3_2.mtx 1 430.868 0.0756944 0.86 
/home/antonkov/masterWork/tests/samePrefixMarkedMtx2304/depth3/node4/test3_2.mtx 1.1 418.484 0.0618793 0.72 
/home/antonkov/masterWork/tests/samePrefixMarkedMtx2304/depth3/node4/test3_2.mtx 1.2 398.771 0.0458507 0.57 
/home/antonkov/masterWork/tests/samePrefixMarkedMtx2304/depth3/node4/test3_2.mtx 1.3 505.622 0.0326671 0.435 
/home/antonkov/masterWork/tests/samePrefixMarkedMtx2304/depth3/node4/test3_2.mtx 1.4 470.918 0.0199349 0.275 
/home/antonkov/masterWork/tests/samePrefixMarkedMtx2304/depth3/node4/test3_2.mtx 1.5 527.002 0.0114091 0.166667 
/home/antonkov/masterWork/tests/samePrefixMarkedMtx2304/depth3/node4/test3_2.mtx 1.6 779.027 0.00522011 0.0785714 
/home/antonkov/masterWork/tests/samePrefixMarkedMtx2304/depth3/node4/test3_2.mtx 1.7 1156.28 0.00231833 0.0371429 
/home/antonkov/masterWork/tests/samePrefixMarkedMtx2304/depth3/node4/test3_2.mtx 1.8 2214.02 0.000773293 0.0138889 
/home/antonkov/masterWork/tests/samePrefixMarkedMtx2304/depth3/node4/test3_2.mtx 1.9 5736.98 0.000239547 0.00425 
/home/antonkov/masterWork/tests/samePrefixMarkedMtx2304/depth3/node4/test3_2.mtx 2 0 -1 -1 
/home/antonkov/masterWork/tests/samePrefixMarkedMtx2304/depth3/node4/test3_2.mtx 2.1 0 -1 -1 
/home/antonkov/masterWork/tests/samePrefixMarkedMtx2304/depth3/node4/test3_2.mtx 2.2 0 -1 -1 
/home/antonkov/masterWork/tests/samePrefixMarkedMtx2304/depth3/node4/test3_2.mtx 2.3 0 -1 -1 
/home/antonkov/masterWork/tests/samePrefixMarkedMtx2304/depth3/node4/test3_2.mtx 2.4 0 -1 -1 
/home/antonkov/masterWork/tests/samePrefixMarkedMtx2304/depth3/node4/test3_2.mtx 2.5 0 -1 -1 
/home/antonkov/masterWork/tests/samePrefixMarkedMtx2304/depth3/node4/test3_2.mtx 2.6 0 -1 -1 
/home/antonkov/masterWork/tests/samePrefixMarkedMtx2304/depth3/node4/test3_2.mtx 2.7 0 -1 -1 
/home/antonkov/masterWork/tests/samePrefixMarkedMtx2304/depth3/node4/test3_2.mtx 2.8 0 -1 -1 
/home/antonkov/masterWork/tests/samePrefixMarkedMtx2304/depth3/node4/test3_2.mtx 2.9 0 -1 -1 
/home/antonkov/masterWork/tests/samePrefixMarkedMtx2304/depth3/node4/test3_2.mtx 3 0 -1 -1 
/home/antonkov/masterWork/tests/samePrefixMarkedMtx2304/depth3/node4/test3_2.mtx 3.1 0 -1 -1 
/home/antonkov/masterWork/tests/samePrefixMarkedMtx2304/depth3/node4/test3_2.mtx 3.2 0 -1 -1 
/home/antonkov/masterWork/tests/samePrefixMarkedMtx2304/depth3/node4/test3_2.mtx 3.3 0 -1 -1 
/home/antonkov/masterWork/tests/samePrefixMarkedMtx2304/depth3/node4/test3_2.mtx 3.4 0 -1 -1 
/home/antonkov/masterWork/tests/samePrefixMarkedMtx2304/depth3/node4/test3_2.mtx 3.5 0 -1 -1 
/home/antonkov/masterWork/tests/samePrefixMarkedMtx2304/depth3/node4/test3_3.mtx 1 431.533 0.0791102 0.9 
/home/antonkov/masterWork/tests/samePrefixMarkedMtx2304/depth3/node4/test3_3.mtx 1.1 428.414 0.0629384 0.76 
/home/antonkov/masterWork/tests/samePrefixMarkedMtx2304/depth3/node4/test3_3.mtx 1.2 411.159 0.0479557 0.6 
/home/antonkov/masterWork/tests/samePrefixMarkedMtx2304/depth3/node4/test3_3.mtx 1.3 525.562 0.0343229 0.45 
/home/antonkov/masterWork/tests/samePrefixMarkedMtx2304/depth3/node4/test3_3.mtx 1.4 493.4 0.0204926 0.28 
/home/antonkov/masterWork/tests/samePrefixMarkedMtx2304/depth3/node4/test3_3.mtx 1.5 617.525 0.00969944 0.14 
/home/antonkov/masterWork/tests/samePrefixMarkedMtx2304/depth3/node4/test3_3.mtx 1.6 779.556 0.00498574 0.0728571 
/home/antonkov/masterWork/tests/samePrefixMarkedMtx2304/depth3/node4/test3_3.mtx 1.7 1177.91 0.00252883 0.0371429 
/home/antonkov/masterWork/tests/samePrefixMarkedMtx2304/depth3/node4/test3_3.mtx 1.8 2104.22 0.00090048 0.0147059 
/home/antonkov/masterWork/tests/samePrefixMarkedMtx2304/depth3/node4/test3_3.mtx 1.9 4822.95 0.000330387 0.00505051 
/home/antonkov/masterWork/tests/samePrefixMarkedMtx2304/depth3/node4/test3_3.mtx 2 0 -1 -1 
/home/antonkov/masterWork/tests/samePrefixMarkedMtx2304/depth3/node4/test3_3.mtx 2.1 0 -1 -1 
/home/antonkov/masterWork/tests/samePrefixMarkedMtx2304/depth3/node4/test3_3.mtx 2.2 0 -1 -1 
/home/antonkov/masterWork/tests/samePrefixMarkedMtx2304/depth3/node4/test3_3.mtx 2.3 0 -1 -1 
/home/antonkov/masterWork/tests/samePrefixMarkedMtx2304/depth3/node4/test3_3.mtx 2.4 0 -1 -1 
/home/antonkov/masterWork/tests/samePrefixMarkedMtx2304/depth3/node4/test3_3.mtx 2.5 0 -1 -1 
/home/antonkov/masterWork/tests/samePrefixMarkedMtx2304/depth3/node4/test3_3.mtx 2.6 0 -1 -1 
/home/antonkov/masterWork/tests/samePrefixMarkedMtx2304/depth3/node4/test3_3.mtx 2.7 0 -1 -1 
/home/antonkov/masterWork/tests/samePrefixMarkedMtx2304/depth3/node4/test3_3.mtx 2.8 0 -1 -1 
/home/antonkov/masterWork/tests/samePrefixMarkedMtx2304/depth3/node4/test3_3.mtx 2.9 0 -1 -1 
/home/antonkov/masterWork/tests/samePrefixMarkedMtx2304/depth3/node4/test3_3.mtx 3 0 -1 -1 
/home/antonkov/masterWork/tests/samePrefixMarkedMtx2304/depth3/node4/test3_3.mtx 3.1 0 -1 -1 
/home/antonkov/masterWork/tests/samePrefixMarkedMtx2304/depth3/node4/test3_3.mtx 3.2 0 -1 -1 
/home/antonkov/masterWork/tests/samePrefixMarkedMtx2304/depth3/node4/test3_3.mtx 3.3 0 -1 -1 
/home/antonkov/masterWork/tests/samePrefixMarkedMtx2304/depth3/node4/test3_3.mtx 3.4 0 -1 -1 
/home/antonkov/masterWork/tests/samePrefixMarkedMtx2304/depth3/node4/test3_3.mtx 3.5 0 -1 -1 
/home/antonkov/masterWork/tests/samePrefixMarkedMtx2304/depth3/node4/test3_4.mtx 1 427.249 0.0733073 0.83 
/home/antonkov/masterWork/tests/samePrefixMarkedMtx2304/depth3/node4/test3_4.mtx 1.1 429.929 0.0598264 0.74 
/home/antonkov/masterWork/tests/samePrefixMarkedMtx2304/depth3/node4/test3_4.mtx 1.2 402.323 0.0431944 0.58 
/home/antonkov/masterWork/tests/samePrefixMarkedMtx2304/depth3/node4/test3_4.mtx 1.3 510.177 0.0329687 0.445 
/home/antonkov/masterWork/tests/samePrefixMarkedMtx2304/depth3/node4/test3_4.mtx 1.4 468.954 0.0195312 0.26 
/home/antonkov/masterWork/tests/samePrefixMarkedMtx2304/depth3/node4/test3_4.mtx 1.5 610.699 0.0111187 0.1575 
/home/antonkov/masterWork/tests/samePrefixMarkedMtx2304/depth3/node4/test3_4.mtx 1.6 783.133 0.00596292 0.0885714 
/home/antonkov/masterWork/tests/samePrefixMarkedMtx2304/depth3/node4/test3_4.mtx 1.7 1150.67 0.00233042 0.0364286 
/home/antonkov/masterWork/tests/samePrefixMarkedMtx2304/depth3/node4/test3_4.mtx 1.8 2330.03 0.000785145 0.0128205 
/home/antonkov/masterWork/tests/samePrefixMarkedMtx2304/depth3/node4/test3_4.mtx 1.9 5297.95 0.000250064 0.00458716 
/home/antonkov/masterWork/tests/samePrefixMarkedMtx2304/depth3/node4/test3_4.mtx 2 0 -1 -1 
/home/antonkov/masterWork/tests/samePrefixMarkedMtx2304/depth3/node4/test3_4.mtx 2.1 0 -1 -1 
/home/antonkov/masterWork/tests/samePrefixMarkedMtx2304/depth3/node4/test3_4.mtx 2.2 0 -1 -1 
/home/antonkov/masterWork/tests/samePrefixMarkedMtx2304/depth3/node4/test3_4.mtx 2.3 0 -1 -1 
/home/antonkov/masterWork/tests/samePrefixMarkedMtx2304/depth3/node4/test3_4.mtx 2.4 0 -1 -1 
/home/antonkov/masterWork/tests/samePrefixMarkedMtx2304/depth3/node4/test3_4.mtx 2.5 0 -1 -1 
/home/antonkov/masterWork/tests/samePrefixMarkedMtx2304/depth3/node4/test3_4.mtx 2.6 0 -1 -1 
/home/antonkov/masterWork/tests/samePrefixMarkedMtx2304/depth3/node4/test3_4.mtx 2.7 0 -1 -1 
/home/antonkov/masterWork/tests/samePrefixMarkedMtx2304/depth3/node4/test3_4.mtx 2.8 0 -1 -1 
/home/antonkov/masterWork/tests/samePrefixMarkedMtx2304/depth3/node4/test3_4.mtx 2.9 0 -1 -1 
/home/antonkov/masterWork/tests/samePrefixMarkedMtx2304/depth3/node4/test3_4.mtx 3 0 -1 -1 
/home/antonkov/masterWork/tests/samePrefixMarkedMtx2304/depth3/node4/test3_4.mtx 3.1 0 -1 -1 
/home/antonkov/masterWork/tests/samePrefixMarkedMtx2304/depth3/node4/test3_4.mtx 3.2 0 -1 -1 
/home/antonkov/masterWork/tests/samePrefixMarkedMtx2304/depth3/node4/test3_4.mtx 3.3 0 -1 -1 
/home/antonkov/masterWork/tests/samePrefixMarkedMtx2304/depth3/node4/test3_4.mtx 3.4 0 -1 -1 
/home/antonkov/masterWork/tests/samePrefixMarkedMtx2304/depth3/node4/test3_4.mtx 3.5 0 -1 -1 
