Results
Filename SNR Time(ms) BER FER
/home/antonkov/masterWork/tests/samePrefixMarkedMtx2304/depth3/node6/test0_0.mtx 1 443.886 0.0747222 0.87 
/home/antonkov/masterWork/tests/samePrefixMarkedMtx2304/depth3/node6/test0_0.mtx 1.1 417.162 0.0602214 0.77 
/home/antonkov/masterWork/tests/samePrefixMarkedMtx2304/depth3/node6/test0_0.mtx 1.2 386.51 0.0457205 0.59 
/home/antonkov/masterWork/tests/samePrefixMarkedMtx2304/depth3/node6/test0_0.mtx 1.3 497.944 0.034247 0.47 
/home/antonkov/masterWork/tests/samePrefixMarkedMtx2304/depth3/node6/test0_0.mtx 1.4 464.799 0.0221354 0.295 
/home/antonkov/masterWork/tests/samePrefixMarkedMtx2304/depth3/node6/test0_0.mtx 1.5 527.896 0.013329 0.18 
/home/antonkov/masterWork/tests/samePrefixMarkedMtx2304/depth3/node6/test0_0.mtx 1.6 647.22 0.00759635 0.108 
/home/antonkov/masterWork/tests/samePrefixMarkedMtx2304/depth3/node6/test0_0.mtx 1.7 916.338 0.00326693 0.052 
/home/antonkov/masterWork/tests/samePrefixMarkedMtx2304/depth3/node6/test0_0.mtx 1.8 1413.53 0.00166536 0.0265 
/home/antonkov/masterWork/tests/samePrefixMarkedMtx2304/depth3/node6/test0_0.mtx 1.9 3929.14 0.000370537 0.00641026 
/home/antonkov/masterWork/tests/samePrefixMarkedMtx2304/depth3/node6/test0_0.mtx 2 0 -1 -1 
/home/antonkov/masterWork/tests/samePrefixMarkedMtx2304/depth3/node6/test0_0.mtx 2.1 0 -1 -1 
/home/antonkov/masterWork/tests/samePrefixMarkedMtx2304/depth3/node6/test0_0.mtx 2.2 0 -1 -1 
/home/antonkov/masterWork/tests/samePrefixMarkedMtx2304/depth3/node6/test0_0.mtx 2.3 0 -1 -1 
/home/antonkov/masterWork/tests/samePrefixMarkedMtx2304/depth3/node6/test0_0.mtx 2.4 0 -1 -1 
/home/antonkov/masterWork/tests/samePrefixMarkedMtx2304/depth3/node6/test0_0.mtx 2.5 0 -1 -1 
/home/antonkov/masterWork/tests/samePrefixMarkedMtx2304/depth3/node6/test0_0.mtx 2.6 0 -1 -1 
/home/antonkov/masterWork/tests/samePrefixMarkedMtx2304/depth3/node6/test0_0.mtx 2.7 0 -1 -1 
/home/antonkov/masterWork/tests/samePrefixMarkedMtx2304/depth3/node6/test0_0.mtx 2.8 0 -1 -1 
/home/antonkov/masterWork/tests/samePrefixMarkedMtx2304/depth3/node6/test0_0.mtx 2.9 0 -1 -1 
/home/antonkov/masterWork/tests/samePrefixMarkedMtx2304/depth3/node6/test0_0.mtx 3 0 -1 -1 
/home/antonkov/masterWork/tests/samePrefixMarkedMtx2304/depth3/node6/test0_0.mtx 3.1 0 -1 -1 
/home/antonkov/masterWork/tests/samePrefixMarkedMtx2304/depth3/node6/test0_0.mtx 3.2 0 -1 -1 
/home/antonkov/masterWork/tests/samePrefixMarkedMtx2304/depth3/node6/test0_0.mtx 3.3 0 -1 -1 
/home/antonkov/masterWork/tests/samePrefixMarkedMtx2304/depth3/node6/test0_0.mtx 3.4 0 -1 -1 
/home/antonkov/masterWork/tests/samePrefixMarkedMtx2304/depth3/node6/test0_0.mtx 3.5 0 -1 -1 
/home/antonkov/masterWork/tests/samePrefixMarkedMtx2304/depth3/node6/test0_1.mtx 1 418.024 0.0801823 0.88 
/home/antonkov/masterWork/tests/samePrefixMarkedMtx2304/depth3/node6/test0_1.mtx 1.1 411.894 0.0698264 0.82 
/home/antonkov/masterWork/tests/samePrefixMarkedMtx2304/depth3/node6/test0_1.mtx 1.2 404.07 0.0545009 0.67 
/home/antonkov/masterWork/tests/samePrefixMarkedMtx2304/depth3/node6/test0_1.mtx 1.3 383.748 0.0418663 0.55 
/home/antonkov/masterWork/tests/samePrefixMarkedMtx2304/depth3/node6/test0_1.mtx 1.4 487.31 0.0292166 0.395 
/home/antonkov/masterWork/tests/samePrefixMarkedMtx2304/depth3/node6/test0_1.mtx 1.5 455.878 0.0181098 0.265 
/home/antonkov/masterWork/tests/samePrefixMarkedMtx2304/depth3/node6/test0_1.mtx 1.6 674.583 0.00634896 0.1 
/home/antonkov/masterWork/tests/samePrefixMarkedMtx2304/depth3/node6/test0_1.mtx 1.7 1173.1 0.00239676 0.0392857 
/home/antonkov/masterWork/tests/samePrefixMarkedMtx2304/depth3/node6/test0_1.mtx 1.8 1905.77 0.000960099 0.0175862 
/home/antonkov/masterWork/tests/samePrefixMarkedMtx2304/depth3/node6/test0_1.mtx 1.9 4311.37 0.000369835 0.00617284 
/home/antonkov/masterWork/tests/samePrefixMarkedMtx2304/depth3/node6/test0_1.mtx 2 0 -1 -1 
/home/antonkov/masterWork/tests/samePrefixMarkedMtx2304/depth3/node6/test0_1.mtx 2.1 0 -1 -1 
/home/antonkov/masterWork/tests/samePrefixMarkedMtx2304/depth3/node6/test0_1.mtx 2.2 0 -1 -1 
/home/antonkov/masterWork/tests/samePrefixMarkedMtx2304/depth3/node6/test0_1.mtx 2.3 0 -1 -1 
/home/antonkov/masterWork/tests/samePrefixMarkedMtx2304/depth3/node6/test0_1.mtx 2.4 0 -1 -1 
/home/antonkov/masterWork/tests/samePrefixMarkedMtx2304/depth3/node6/test0_1.mtx 2.5 0 -1 -1 
/home/antonkov/masterWork/tests/samePrefixMarkedMtx2304/depth3/node6/test0_1.mtx 2.6 0 -1 -1 
/home/antonkov/masterWork/tests/samePrefixMarkedMtx2304/depth3/node6/test0_1.mtx 2.7 0 -1 -1 
/home/antonkov/masterWork/tests/samePrefixMarkedMtx2304/depth3/node6/test0_1.mtx 2.8 0 -1 -1 
/home/antonkov/masterWork/tests/samePrefixMarkedMtx2304/depth3/node6/test0_1.mtx 2.9 0 -1 -1 
/home/antonkov/masterWork/tests/samePrefixMarkedMtx2304/depth3/node6/test0_1.mtx 3 0 -1 -1 
/home/antonkov/masterWork/tests/samePrefixMarkedMtx2304/depth3/node6/test0_1.mtx 3.1 0 -1 -1 
/home/antonkov/masterWork/tests/samePrefixMarkedMtx2304/depth3/node6/test0_1.mtx 3.2 0 -1 -1 
/home/antonkov/masterWork/tests/samePrefixMarkedMtx2304/depth3/node6/test0_1.mtx 3.3 0 -1 -1 
/home/antonkov/masterWork/tests/samePrefixMarkedMtx2304/depth3/node6/test0_1.mtx 3.4 0 -1 -1 
/home/antonkov/masterWork/tests/samePrefixMarkedMtx2304/depth3/node6/test0_1.mtx 3.5 0 -1 -1 
/home/antonkov/masterWork/tests/samePrefixMarkedMtx2304/depth3/node6/test0_2.mtx 1 422.62 0.0813194 0.91 
/home/antonkov/masterWork/tests/samePrefixMarkedMtx2304/depth3/node6/test0_2.mtx 1.1 419.246 0.0707465 0.85 
/home/antonkov/masterWork/tests/samePrefixMarkedMtx2304/depth3/node6/test0_2.mtx 1.2 409.921 0.0551866 0.7 
/home/antonkov/masterWork/tests/samePrefixMarkedMtx2304/depth3/node6/test0_2.mtx 1.3 390.15 0.0381814 0.54 
/home/antonkov/masterWork/tests/samePrefixMarkedMtx2304/depth3/node6/test0_2.mtx 1.4 476.314 0.0231141 0.345 
/home/antonkov/masterWork/tests/samePrefixMarkedMtx2304/depth3/node6/test0_2.mtx 1.5 529.505 0.0128183 0.193333 
/home/antonkov/masterWork/tests/samePrefixMarkedMtx2304/depth3/node6/test0_2.mtx 1.6 644.551 0.00632118 0.102 
/home/antonkov/masterWork/tests/samePrefixMarkedMtx2304/depth3/node6/test0_2.mtx 1.7 909.488 0.00341536 0.05 
/home/antonkov/masterWork/tests/samePrefixMarkedMtx2304/depth3/node6/test0_2.mtx 1.8 1959.63 0.000946041 0.016129 
/home/antonkov/masterWork/tests/samePrefixMarkedMtx2304/depth3/node6/test0_2.mtx 1.9 3447.14 0.000443097 0.00746269 
/home/antonkov/masterWork/tests/samePrefixMarkedMtx2304/depth3/node6/test0_2.mtx 2 0 -1 -1 
/home/antonkov/masterWork/tests/samePrefixMarkedMtx2304/depth3/node6/test0_2.mtx 2.1 0 -1 -1 
/home/antonkov/masterWork/tests/samePrefixMarkedMtx2304/depth3/node6/test0_2.mtx 2.2 0 -1 -1 
/home/antonkov/masterWork/tests/samePrefixMarkedMtx2304/depth3/node6/test0_2.mtx 2.3 0 -1 -1 
/home/antonkov/masterWork/tests/samePrefixMarkedMtx2304/depth3/node6/test0_2.mtx 2.4 0 -1 -1 
/home/antonkov/masterWork/tests/samePrefixMarkedMtx2304/depth3/node6/test0_2.mtx 2.5 0 -1 -1 
/home/antonkov/masterWork/tests/samePrefixMarkedMtx2304/depth3/node6/test0_2.mtx 2.6 0 -1 -1 
/home/antonkov/masterWork/tests/samePrefixMarkedMtx2304/depth3/node6/test0_2.mtx 2.7 0 -1 -1 
/home/antonkov/masterWork/tests/samePrefixMarkedMtx2304/depth3/node6/test0_2.mtx 2.8 0 -1 -1 
/home/antonkov/masterWork/tests/samePrefixMarkedMtx2304/depth3/node6/test0_2.mtx 2.9 0 -1 -1 
/home/antonkov/masterWork/tests/samePrefixMarkedMtx2304/depth3/node6/test0_2.mtx 3 0 -1 -1 
/home/antonkov/masterWork/tests/samePrefixMarkedMtx2304/depth3/node6/test0_2.mtx 3.1 0 -1 -1 
/home/antonkov/masterWork/tests/samePrefixMarkedMtx2304/depth3/node6/test0_2.mtx 3.2 0 -1 -1 
/home/antonkov/masterWork/tests/samePrefixMarkedMtx2304/depth3/node6/test0_2.mtx 3.3 0 -1 -1 
/home/antonkov/masterWork/tests/samePrefixMarkedMtx2304/depth3/node6/test0_2.mtx 3.4 0 -1 -1 
/home/antonkov/masterWork/tests/samePrefixMarkedMtx2304/depth3/node6/test0_2.mtx 3.5 0 -1 -1 
/home/antonkov/masterWork/tests/samePrefixMarkedMtx2304/depth3/node6/test0_3.mtx 1 412.07 0.0792882 0.9 
/home/antonkov/masterWork/tests/samePrefixMarkedMtx2304/depth3/node6/test0_3.mtx 1.1 403.139 0.0656554 0.79 
/home/antonkov/masterWork/tests/samePrefixMarkedMtx2304/depth3/node6/test0_3.mtx 1.2 391.525 0.0522005 0.66 
/home/antonkov/masterWork/tests/samePrefixMarkedMtx2304/depth3/node6/test0_3.mtx 1.3 377.542 0.0376432 0.52 
/home/antonkov/masterWork/tests/samePrefixMarkedMtx2304/depth3/node6/test0_3.mtx 1.4 471.7 0.0214106 0.295 
/home/antonkov/masterWork/tests/samePrefixMarkedMtx2304/depth3/node6/test0_3.mtx 1.5 518.406 0.0115625 0.166667 
/home/antonkov/masterWork/tests/samePrefixMarkedMtx2304/depth3/node6/test0_3.mtx 1.6 708.727 0.00584057 0.09 
/home/antonkov/masterWork/tests/samePrefixMarkedMtx2304/depth3/node6/test0_3.mtx 1.7 1104.44 0.00250701 0.0392308 
/home/antonkov/masterWork/tests/samePrefixMarkedMtx2304/depth3/node6/test0_3.mtx 1.8 2119.98 0.00101076 0.0163636 
/home/antonkov/masterWork/tests/samePrefixMarkedMtx2304/depth3/node6/test0_3.mtx 1.9 3434.77 0.000428716 0.00746269 
/home/antonkov/masterWork/tests/samePrefixMarkedMtx2304/depth3/node6/test0_3.mtx 2 0 -1 -1 
/home/antonkov/masterWork/tests/samePrefixMarkedMtx2304/depth3/node6/test0_3.mtx 2.1 0 -1 -1 
/home/antonkov/masterWork/tests/samePrefixMarkedMtx2304/depth3/node6/test0_3.mtx 2.2 0 -1 -1 
/home/antonkov/masterWork/tests/samePrefixMarkedMtx2304/depth3/node6/test0_3.mtx 2.3 0 -1 -1 
/home/antonkov/masterWork/tests/samePrefixMarkedMtx2304/depth3/node6/test0_3.mtx 2.4 0 -1 -1 
/home/antonkov/masterWork/tests/samePrefixMarkedMtx2304/depth3/node6/test0_3.mtx 2.5 0 -1 -1 
/home/antonkov/masterWork/tests/samePrefixMarkedMtx2304/depth3/node6/test0_3.mtx 2.6 0 -1 -1 
/home/antonkov/masterWork/tests/samePrefixMarkedMtx2304/depth3/node6/test0_3.mtx 2.7 0 -1 -1 
/home/antonkov/masterWork/tests/samePrefixMarkedMtx2304/depth3/node6/test0_3.mtx 2.8 0 -1 -1 
/home/antonkov/masterWork/tests/samePrefixMarkedMtx2304/depth3/node6/test0_3.mtx 2.9 0 -1 -1 
/home/antonkov/masterWork/tests/samePrefixMarkedMtx2304/depth3/node6/test0_3.mtx 3 0 -1 -1 
/home/antonkov/masterWork/tests/samePrefixMarkedMtx2304/depth3/node6/test0_3.mtx 3.1 0 -1 -1 
/home/antonkov/masterWork/tests/samePrefixMarkedMtx2304/depth3/node6/test0_3.mtx 3.2 0 -1 -1 
/home/antonkov/masterWork/tests/samePrefixMarkedMtx2304/depth3/node6/test0_3.mtx 3.3 0 -1 -1 
/home/antonkov/masterWork/tests/samePrefixMarkedMtx2304/depth3/node6/test0_3.mtx 3.4 0 -1 -1 
/home/antonkov/masterWork/tests/samePrefixMarkedMtx2304/depth3/node6/test0_3.mtx 3.5 0 -1 -1 
/home/antonkov/masterWork/tests/samePrefixMarkedMtx2304/depth3/node6/test0_4.mtx 1 412.37 0.0755816 0.87 
/home/antonkov/masterWork/tests/samePrefixMarkedMtx2304/depth3/node6/test0_4.mtx 1.1 400.422 0.0612109 0.75 
/home/antonkov/masterWork/tests/samePrefixMarkedMtx2304/depth3/node6/test0_4.mtx 1.2 385.468 0.0427561 0.56 
/home/antonkov/masterWork/tests/samePrefixMarkedMtx2304/depth3/node6/test0_4.mtx 1.3 503.365 0.0349935 0.48 
/home/antonkov/masterWork/tests/samePrefixMarkedMtx2304/depth3/node6/test0_4.mtx 1.4 458.24 0.0199609 0.285 
/home/antonkov/masterWork/tests/samePrefixMarkedMtx2304/depth3/node6/test0_4.mtx 1.5 517.029 0.0133984 0.186667 
/home/antonkov/masterWork/tests/samePrefixMarkedMtx2304/depth3/node6/test0_4.mtx 1.6 649.702 0.00694618 0.104 
/home/antonkov/masterWork/tests/samePrefixMarkedMtx2304/depth3/node6/test0_4.mtx 1.7 992.913 0.0030666 0.0481818 
/home/antonkov/masterWork/tests/samePrefixMarkedMtx2304/depth3/node6/test0_4.mtx 1.8 1777.86 0.00111159 0.0185185 
/home/antonkov/masterWork/tests/samePrefixMarkedMtx2304/depth3/node6/test0_4.mtx 1.9 4272.71 0.000340163 0.0060241 
/home/antonkov/masterWork/tests/samePrefixMarkedMtx2304/depth3/node6/test0_4.mtx 2 0 -1 -1 
/home/antonkov/masterWork/tests/samePrefixMarkedMtx2304/depth3/node6/test0_4.mtx 2.1 0 -1 -1 
/home/antonkov/masterWork/tests/samePrefixMarkedMtx2304/depth3/node6/test0_4.mtx 2.2 0 -1 -1 
/home/antonkov/masterWork/tests/samePrefixMarkedMtx2304/depth3/node6/test0_4.mtx 2.3 0 -1 -1 
/home/antonkov/masterWork/tests/samePrefixMarkedMtx2304/depth3/node6/test0_4.mtx 2.4 0 -1 -1 
/home/antonkov/masterWork/tests/samePrefixMarkedMtx2304/depth3/node6/test0_4.mtx 2.5 0 -1 -1 
/home/antonkov/masterWork/tests/samePrefixMarkedMtx2304/depth3/node6/test0_4.mtx 2.6 0 -1 -1 
/home/antonkov/masterWork/tests/samePrefixMarkedMtx2304/depth3/node6/test0_4.mtx 2.7 0 -1 -1 
/home/antonkov/masterWork/tests/samePrefixMarkedMtx2304/depth3/node6/test0_4.mtx 2.8 0 -1 -1 
/home/antonkov/masterWork/tests/samePrefixMarkedMtx2304/depth3/node6/test0_4.mtx 2.9 0 -1 -1 
/home/antonkov/masterWork/tests/samePrefixMarkedMtx2304/depth3/node6/test0_4.mtx 3 0 -1 -1 
/home/antonkov/masterWork/tests/samePrefixMarkedMtx2304/depth3/node6/test0_4.mtx 3.1 0 -1 -1 
/home/antonkov/masterWork/tests/samePrefixMarkedMtx2304/depth3/node6/test0_4.mtx 3.2 0 -1 -1 
/home/antonkov/masterWork/tests/samePrefixMarkedMtx2304/depth3/node6/test0_4.mtx 3.3 0 -1 -1 
/home/antonkov/masterWork/tests/samePrefixMarkedMtx2304/depth3/node6/test0_4.mtx 3.4 0 -1 -1 
/home/antonkov/masterWork/tests/samePrefixMarkedMtx2304/depth3/node6/test0_4.mtx 3.5 0 -1 -1 
/home/antonkov/masterWork/tests/samePrefixMarkedMtx2304/depth3/node6/test1_0.mtx 1 439.632 0.0762543 0.87 
/home/antonkov/masterWork/tests/samePrefixMarkedMtx2304/depth3/node6/test1_0.mtx 1.1 432.37 0.062908 0.75 
/home/antonkov/masterWork/tests/samePrefixMarkedMtx2304/depth3/node6/test1_0.mtx 1.2 417.566 0.0483724 0.63 
/home/antonkov/masterWork/tests/samePrefixMarkedMtx2304/depth3/node6/test1_0.mtx 1.3 527.366 0.0366536 0.495 
/home/antonkov/masterWork/tests/samePrefixMarkedMtx2304/depth3/node6/test1_0.mtx 1.4 502.288 0.0236871 0.325 
/home/antonkov/masterWork/tests/samePrefixMarkedMtx2304/depth3/node6/test1_0.mtx 1.5 546.574 0.0140987 0.19 
/home/antonkov/masterWork/tests/samePrefixMarkedMtx2304/depth3/node6/test1_0.mtx 1.6 713.008 0.00587746 0.0833333 
/home/antonkov/masterWork/tests/samePrefixMarkedMtx2304/depth3/node6/test1_0.mtx 1.7 1222.23 0.00243808 0.0333333 
/home/antonkov/masterWork/tests/samePrefixMarkedMtx2304/depth3/node6/test1_0.mtx 1.8 2053.49 0.000922638 0.0154545 
/home/antonkov/masterWork/tests/samePrefixMarkedMtx2304/depth3/node6/test1_0.mtx 1.9 4632.6 0.000296155 0.00531915 
/home/antonkov/masterWork/tests/samePrefixMarkedMtx2304/depth3/node6/test1_0.mtx 2 0 -1 -1 
/home/antonkov/masterWork/tests/samePrefixMarkedMtx2304/depth3/node6/test1_0.mtx 2.1 0 -1 -1 
/home/antonkov/masterWork/tests/samePrefixMarkedMtx2304/depth3/node6/test1_0.mtx 2.2 0 -1 -1 
/home/antonkov/masterWork/tests/samePrefixMarkedMtx2304/depth3/node6/test1_0.mtx 2.3 0 -1 -1 
/home/antonkov/masterWork/tests/samePrefixMarkedMtx2304/depth3/node6/test1_0.mtx 2.4 0 -1 -1 
/home/antonkov/masterWork/tests/samePrefixMarkedMtx2304/depth3/node6/test1_0.mtx 2.5 0 -1 -1 
/home/antonkov/masterWork/tests/samePrefixMarkedMtx2304/depth3/node6/test1_0.mtx 2.6 0 -1 -1 
/home/antonkov/masterWork/tests/samePrefixMarkedMtx2304/depth3/node6/test1_0.mtx 2.7 0 -1 -1 
/home/antonkov/masterWork/tests/samePrefixMarkedMtx2304/depth3/node6/test1_0.mtx 2.8 0 -1 -1 
/home/antonkov/masterWork/tests/samePrefixMarkedMtx2304/depth3/node6/test1_0.mtx 2.9 0 -1 -1 
/home/antonkov/masterWork/tests/samePrefixMarkedMtx2304/depth3/node6/test1_0.mtx 3 0 -1 -1 
/home/antonkov/masterWork/tests/samePrefixMarkedMtx2304/depth3/node6/test1_0.mtx 3.1 0 -1 -1 
/home/antonkov/masterWork/tests/samePrefixMarkedMtx2304/depth3/node6/test1_0.mtx 3.2 0 -1 -1 
/home/antonkov/masterWork/tests/samePrefixMarkedMtx2304/depth3/node6/test1_0.mtx 3.3 0 -1 -1 
/home/antonkov/masterWork/tests/samePrefixMarkedMtx2304/depth3/node6/test1_0.mtx 3.4 0 -1 -1 
/home/antonkov/masterWork/tests/samePrefixMarkedMtx2304/depth3/node6/test1_0.mtx 3.5 0 -1 -1 
/home/antonkov/masterWork/tests/samePrefixMarkedMtx2304/depth3/node6/test1_1.mtx 1 437.513 0.0794705 0.88 
/home/antonkov/masterWork/tests/samePrefixMarkedMtx2304/depth3/node6/test1_1.mtx 1.1 436.983 0.0709245 0.84 
/home/antonkov/masterWork/tests/samePrefixMarkedMtx2304/depth3/node6/test1_1.mtx 1.2 420.372 0.0541536 0.71 
/home/antonkov/masterWork/tests/samePrefixMarkedMtx2304/depth3/node6/test1_1.mtx 1.3 524.737 0.0342535 0.455 
/home/antonkov/masterWork/tests/samePrefixMarkedMtx2304/depth3/node6/test1_1.mtx 1.4 480.866 0.0214388 0.3 
/home/antonkov/masterWork/tests/samePrefixMarkedMtx2304/depth3/node6/test1_1.mtx 1.5 623.683 0.00955838 0.1375 
/home/antonkov/masterWork/tests/samePrefixMarkedMtx2304/depth3/node6/test1_1.mtx 1.6 711.627 0.00540365 0.0833333 
/home/antonkov/masterWork/tests/samePrefixMarkedMtx2304/depth3/node6/test1_1.mtx 1.7 1193.42 0.00229725 0.0364286 
/home/antonkov/masterWork/tests/samePrefixMarkedMtx2304/depth3/node6/test1_1.mtx 1.8 2492.44 0.000812283 0.0125 
/home/antonkov/masterWork/tests/samePrefixMarkedMtx2304/depth3/node6/test1_1.mtx 1.9 4856.37 0.000328634 0.00505051 
/home/antonkov/masterWork/tests/samePrefixMarkedMtx2304/depth3/node6/test1_1.mtx 2 0 -1 -1 
/home/antonkov/masterWork/tests/samePrefixMarkedMtx2304/depth3/node6/test1_1.mtx 2.1 0 -1 -1 
/home/antonkov/masterWork/tests/samePrefixMarkedMtx2304/depth3/node6/test1_1.mtx 2.2 0 -1 -1 
/home/antonkov/masterWork/tests/samePrefixMarkedMtx2304/depth3/node6/test1_1.mtx 2.3 0 -1 -1 
/home/antonkov/masterWork/tests/samePrefixMarkedMtx2304/depth3/node6/test1_1.mtx 2.4 0 -1 -1 
/home/antonkov/masterWork/tests/samePrefixMarkedMtx2304/depth3/node6/test1_1.mtx 2.5 0 -1 -1 
/home/antonkov/masterWork/tests/samePrefixMarkedMtx2304/depth3/node6/test1_1.mtx 2.6 0 -1 -1 
/home/antonkov/masterWork/tests/samePrefixMarkedMtx2304/depth3/node6/test1_1.mtx 2.7 0 -1 -1 
/home/antonkov/masterWork/tests/samePrefixMarkedMtx2304/depth3/node6/test1_1.mtx 2.8 0 -1 -1 
/home/antonkov/masterWork/tests/samePrefixMarkedMtx2304/depth3/node6/test1_1.mtx 2.9 0 -1 -1 
/home/antonkov/masterWork/tests/samePrefixMarkedMtx2304/depth3/node6/test1_1.mtx 3 0 -1 -1 
/home/antonkov/masterWork/tests/samePrefixMarkedMtx2304/depth3/node6/test1_1.mtx 3.1 0 -1 -1 
/home/antonkov/masterWork/tests/samePrefixMarkedMtx2304/depth3/node6/test1_1.mtx 3.2 0 -1 -1 
/home/antonkov/masterWork/tests/samePrefixMarkedMtx2304/depth3/node6/test1_1.mtx 3.3 0 -1 -1 
/home/antonkov/masterWork/tests/samePrefixMarkedMtx2304/depth3/node6/test1_1.mtx 3.4 0 -1 -1 
/home/antonkov/masterWork/tests/samePrefixMarkedMtx2304/depth3/node6/test1_1.mtx 3.5 0 -1 -1 
/home/antonkov/masterWork/tests/samePrefixMarkedMtx2304/depth3/node6/test1_2.mtx 1 438.681 0.0796441 0.92 
/home/antonkov/masterWork/tests/samePrefixMarkedMtx2304/depth3/node6/test1_2.mtx 1.1 437.826 0.0677127 0.83 
/home/antonkov/masterWork/tests/samePrefixMarkedMtx2304/depth3/node6/test1_2.mtx 1.2 420.393 0.0513889 0.66 
/home/antonkov/masterWork/tests/samePrefixMarkedMtx2304/depth3/node6/test1_2.mtx 1.3 519.441 0.0320486 0.425 
/home/antonkov/masterWork/tests/samePrefixMarkedMtx2304/depth3/node6/test1_2.mtx 1.4 477.482 0.0197222 0.275 
/home/antonkov/masterWork/tests/samePrefixMarkedMtx2304/depth3/node6/test1_2.mtx 1.5 540.871 0.0118316 0.176667 
/home/antonkov/masterWork/tests/samePrefixMarkedMtx2304/depth3/node6/test1_2.mtx 1.6 732.716 0.00552734 0.0833333 
/home/antonkov/masterWork/tests/samePrefixMarkedMtx2304/depth3/node6/test1_2.mtx 1.7 1268.57 0.00203179 0.031875 
/home/antonkov/masterWork/tests/samePrefixMarkedMtx2304/depth3/node6/test1_2.mtx 1.8 1946.08 0.00110005 0.016129 
/home/antonkov/masterWork/tests/samePrefixMarkedMtx2304/depth3/node6/test1_2.mtx 1.9 4448.84 0.000360293 0.00586207 
/home/antonkov/masterWork/tests/samePrefixMarkedMtx2304/depth3/node6/test1_2.mtx 2 0 -1 -1 
/home/antonkov/masterWork/tests/samePrefixMarkedMtx2304/depth3/node6/test1_2.mtx 2.1 0 -1 -1 
/home/antonkov/masterWork/tests/samePrefixMarkedMtx2304/depth3/node6/test1_2.mtx 2.2 0 -1 -1 
/home/antonkov/masterWork/tests/samePrefixMarkedMtx2304/depth3/node6/test1_2.mtx 2.3 0 -1 -1 
/home/antonkov/masterWork/tests/samePrefixMarkedMtx2304/depth3/node6/test1_2.mtx 2.4 0 -1 -1 
/home/antonkov/masterWork/tests/samePrefixMarkedMtx2304/depth3/node6/test1_2.mtx 2.5 0 -1 -1 
/home/antonkov/masterWork/tests/samePrefixMarkedMtx2304/depth3/node6/test1_2.mtx 2.6 0 -1 -1 
/home/antonkov/masterWork/tests/samePrefixMarkedMtx2304/depth3/node6/test1_2.mtx 2.7 0 -1 -1 
/home/antonkov/masterWork/tests/samePrefixMarkedMtx2304/depth3/node6/test1_2.mtx 2.8 0 -1 -1 
/home/antonkov/masterWork/tests/samePrefixMarkedMtx2304/depth3/node6/test1_2.mtx 2.9 0 -1 -1 
/home/antonkov/masterWork/tests/samePrefixMarkedMtx2304/depth3/node6/test1_2.mtx 3 0 -1 -1 
/home/antonkov/masterWork/tests/samePrefixMarkedMtx2304/depth3/node6/test1_2.mtx 3.1 0 -1 -1 
/home/antonkov/masterWork/tests/samePrefixMarkedMtx2304/depth3/node6/test1_2.mtx 3.2 0 -1 -1 
/home/antonkov/masterWork/tests/samePrefixMarkedMtx2304/depth3/node6/test1_2.mtx 3.3 0 -1 -1 
/home/antonkov/masterWork/tests/samePrefixMarkedMtx2304/depth3/node6/test1_2.mtx 3.4 0 -1 -1 
/home/antonkov/masterWork/tests/samePrefixMarkedMtx2304/depth3/node6/test1_2.mtx 3.5 0 -1 -1 
/home/antonkov/masterWork/tests/samePrefixMarkedMtx2304/depth3/node6/test1_3.mtx 1 433.037 0.0737587 0.83 
/home/antonkov/masterWork/tests/samePrefixMarkedMtx2304/depth3/node6/test1_3.mtx 1.1 433.639 0.063125 0.75 
/home/antonkov/masterWork/tests/samePrefixMarkedMtx2304/depth3/node6/test1_3.mtx 1.2 409.518 0.0483247 0.61 
/home/antonkov/masterWork/tests/samePrefixMarkedMtx2304/depth3/node6/test1_3.mtx 1.3 519.534 0.0369162 0.475 
/home/antonkov/masterWork/tests/samePrefixMarkedMtx2304/depth3/node6/test1_3.mtx 1.4 496.862 0.0236589 0.325 
/home/antonkov/masterWork/tests/samePrefixMarkedMtx2304/depth3/node6/test1_3.mtx 1.5 562.271 0.0116927 0.176667 
/home/antonkov/masterWork/tests/samePrefixMarkedMtx2304/depth3/node6/test1_3.mtx 1.6 735.182 0.00636936 0.0883333 
/home/antonkov/masterWork/tests/samePrefixMarkedMtx2304/depth3/node6/test1_3.mtx 1.7 1111.58 0.00261786 0.04 
/home/antonkov/masterWork/tests/samePrefixMarkedMtx2304/depth3/node6/test1_3.mtx 1.8 2005.01 0.000938314 0.015625 
/home/antonkov/masterWork/tests/samePrefixMarkedMtx2304/depth3/node6/test1_3.mtx 1.9 3847.78 0.000435381 0.00649351 
/home/antonkov/masterWork/tests/samePrefixMarkedMtx2304/depth3/node6/test1_3.mtx 2 0 -1 -1 
/home/antonkov/masterWork/tests/samePrefixMarkedMtx2304/depth3/node6/test1_3.mtx 2.1 0 -1 -1 
/home/antonkov/masterWork/tests/samePrefixMarkedMtx2304/depth3/node6/test1_3.mtx 2.2 0 -1 -1 
/home/antonkov/masterWork/tests/samePrefixMarkedMtx2304/depth3/node6/test1_3.mtx 2.3 0 -1 -1 
/home/antonkov/masterWork/tests/samePrefixMarkedMtx2304/depth3/node6/test1_3.mtx 2.4 0 -1 -1 
/home/antonkov/masterWork/tests/samePrefixMarkedMtx2304/depth3/node6/test1_3.mtx 2.5 0 -1 -1 
/home/antonkov/masterWork/tests/samePrefixMarkedMtx2304/depth3/node6/test1_3.mtx 2.6 0 -1 -1 
/home/antonkov/masterWork/tests/samePrefixMarkedMtx2304/depth3/node6/test1_3.mtx 2.7 0 -1 -1 
/home/antonkov/masterWork/tests/samePrefixMarkedMtx2304/depth3/node6/test1_3.mtx 2.8 0 -1 -1 
/home/antonkov/masterWork/tests/samePrefixMarkedMtx2304/depth3/node6/test1_3.mtx 2.9 0 -1 -1 
/home/antonkov/masterWork/tests/samePrefixMarkedMtx2304/depth3/node6/test1_3.mtx 3 0 -1 -1 
/home/antonkov/masterWork/tests/samePrefixMarkedMtx2304/depth3/node6/test1_3.mtx 3.1 0 -1 -1 
/home/antonkov/masterWork/tests/samePrefixMarkedMtx2304/depth3/node6/test1_3.mtx 3.2 0 -1 -1 
/home/antonkov/masterWork/tests/samePrefixMarkedMtx2304/depth3/node6/test1_3.mtx 3.3 0 -1 -1 
/home/antonkov/masterWork/tests/samePrefixMarkedMtx2304/depth3/node6/test1_3.mtx 3.4 0 -1 -1 
/home/antonkov/masterWork/tests/samePrefixMarkedMtx2304/depth3/node6/test1_3.mtx 3.5 0 -1 -1 
/home/antonkov/masterWork/tests/samePrefixMarkedMtx2304/depth3/node6/test1_4.mtx 1 423.922 0.0772092 0.89 
/home/antonkov/masterWork/tests/samePrefixMarkedMtx2304/depth3/node6/test1_4.mtx 1.1 423.132 0.063355 0.78 
/home/antonkov/masterWork/tests/samePrefixMarkedMtx2304/depth3/node6/test1_4.mtx 1.2 404.323 0.0480165 0.64 
/home/antonkov/masterWork/tests/samePrefixMarkedMtx2304/depth3/node6/test1_4.mtx 1.3 508.849 0.0354167 0.465 
/home/antonkov/masterWork/tests/samePrefixMarkedMtx2304/depth3/node6/test1_4.mtx 1.4 484.257 0.0211437 0.3 
/home/antonkov/masterWork/tests/samePrefixMarkedMtx2304/depth3/node6/test1_4.mtx 1.5 561.69 0.011943 0.176667 
/home/antonkov/masterWork/tests/samePrefixMarkedMtx2304/depth3/node6/test1_4.mtx 1.6 728.079 0.00620732 0.0933333 
/home/antonkov/masterWork/tests/samePrefixMarkedMtx2304/depth3/node6/test1_4.mtx 1.7 1104.13 0.00251369 0.0392308 
/home/antonkov/masterWork/tests/samePrefixMarkedMtx2304/depth3/node6/test1_4.mtx 1.8 1942.18 0.0010026 0.0166667 
/home/antonkov/masterWork/tests/samePrefixMarkedMtx2304/depth3/node6/test1_4.mtx 1.9 4593.57 0.000305235 0.00554348 
/home/antonkov/masterWork/tests/samePrefixMarkedMtx2304/depth3/node6/test1_4.mtx 2 0 -1 -1 
/home/antonkov/masterWork/tests/samePrefixMarkedMtx2304/depth3/node6/test1_4.mtx 2.1 0 -1 -1 
/home/antonkov/masterWork/tests/samePrefixMarkedMtx2304/depth3/node6/test1_4.mtx 2.2 0 -1 -1 
/home/antonkov/masterWork/tests/samePrefixMarkedMtx2304/depth3/node6/test1_4.mtx 2.3 0 -1 -1 
/home/antonkov/masterWork/tests/samePrefixMarkedMtx2304/depth3/node6/test1_4.mtx 2.4 0 -1 -1 
/home/antonkov/masterWork/tests/samePrefixMarkedMtx2304/depth3/node6/test1_4.mtx 2.5 0 -1 -1 
/home/antonkov/masterWork/tests/samePrefixMarkedMtx2304/depth3/node6/test1_4.mtx 2.6 0 -1 -1 
/home/antonkov/masterWork/tests/samePrefixMarkedMtx2304/depth3/node6/test1_4.mtx 2.7 0 -1 -1 
/home/antonkov/masterWork/tests/samePrefixMarkedMtx2304/depth3/node6/test1_4.mtx 2.8 0 -1 -1 
/home/antonkov/masterWork/tests/samePrefixMarkedMtx2304/depth3/node6/test1_4.mtx 2.9 0 -1 -1 
/home/antonkov/masterWork/tests/samePrefixMarkedMtx2304/depth3/node6/test1_4.mtx 3 0 -1 -1 
/home/antonkov/masterWork/tests/samePrefixMarkedMtx2304/depth3/node6/test1_4.mtx 3.1 0 -1 -1 
/home/antonkov/masterWork/tests/samePrefixMarkedMtx2304/depth3/node6/test1_4.mtx 3.2 0 -1 -1 
/home/antonkov/masterWork/tests/samePrefixMarkedMtx2304/depth3/node6/test1_4.mtx 3.3 0 -1 -1 
/home/antonkov/masterWork/tests/samePrefixMarkedMtx2304/depth3/node6/test1_4.mtx 3.4 0 -1 -1 
/home/antonkov/masterWork/tests/samePrefixMarkedMtx2304/depth3/node6/test1_4.mtx 3.5 0 -1 -1 
/home/antonkov/masterWork/tests/samePrefixMarkedMtx2304/depth3/node6/test2_0.mtx 1 434.322 0.0779297 0.89 
/home/antonkov/masterWork/tests/samePrefixMarkedMtx2304/depth3/node6/test2_0.mtx 1.1 421.928 0.0642795 0.78 
/home/antonkov/masterWork/tests/samePrefixMarkedMtx2304/depth3/node6/test2_0.mtx 1.2 414.852 0.0518359 0.66 
/home/antonkov/masterWork/tests/samePrefixMarkedMtx2304/depth3/node6/test2_0.mtx 1.3 394.647 0.0398915 0.53 
/home/antonkov/masterWork/tests/samePrefixMarkedMtx2304/depth3/node6/test2_0.mtx 1.4 484.394 0.0236914 0.335 
/home/antonkov/masterWork/tests/samePrefixMarkedMtx2304/depth3/node6/test2_0.mtx 1.5 564.386 0.0145703 0.196667 
/home/antonkov/masterWork/tests/samePrefixMarkedMtx2304/depth3/node6/test2_0.mtx 1.6 657.918 0.00751042 0.108 
/home/antonkov/masterWork/tests/samePrefixMarkedMtx2304/depth3/node6/test2_0.mtx 1.7 946.43 0.00356988 0.055 
/home/antonkov/masterWork/tests/samePrefixMarkedMtx2304/depth3/node6/test2_0.mtx 1.8 1657.37 0.00132469 0.0216667 
/home/antonkov/masterWork/tests/samePrefixMarkedMtx2304/depth3/node6/test2_0.mtx 1.9 3552.59 0.000488154 0.00735294 
/home/antonkov/masterWork/tests/samePrefixMarkedMtx2304/depth3/node6/test2_0.mtx 2 0 -1 -1 
/home/antonkov/masterWork/tests/samePrefixMarkedMtx2304/depth3/node6/test2_0.mtx 2.1 0 -1 -1 
/home/antonkov/masterWork/tests/samePrefixMarkedMtx2304/depth3/node6/test2_0.mtx 2.2 0 -1 -1 
/home/antonkov/masterWork/tests/samePrefixMarkedMtx2304/depth3/node6/test2_0.mtx 2.3 0 -1 -1 
/home/antonkov/masterWork/tests/samePrefixMarkedMtx2304/depth3/node6/test2_0.mtx 2.4 0 -1 -1 
/home/antonkov/masterWork/tests/samePrefixMarkedMtx2304/depth3/node6/test2_0.mtx 2.5 0 -1 -1 
/home/antonkov/masterWork/tests/samePrefixMarkedMtx2304/depth3/node6/test2_0.mtx 2.6 0 -1 -1 
/home/antonkov/masterWork/tests/samePrefixMarkedMtx2304/depth3/node6/test2_0.mtx 2.7 0 -1 -1 
/home/antonkov/masterWork/tests/samePrefixMarkedMtx2304/depth3/node6/test2_0.mtx 2.8 0 -1 -1 
/home/antonkov/masterWork/tests/samePrefixMarkedMtx2304/depth3/node6/test2_0.mtx 2.9 0 -1 -1 
/home/antonkov/masterWork/tests/samePrefixMarkedMtx2304/depth3/node6/test2_0.mtx 3 0 -1 -1 
/home/antonkov/masterWork/tests/samePrefixMarkedMtx2304/depth3/node6/test2_0.mtx 3.1 0 -1 -1 
/home/antonkov/masterWork/tests/samePrefixMarkedMtx2304/depth3/node6/test2_0.mtx 3.2 0 -1 -1 
/home/antonkov/masterWork/tests/samePrefixMarkedMtx2304/depth3/node6/test2_0.mtx 3.3 0 -1 -1 
/home/antonkov/masterWork/tests/samePrefixMarkedMtx2304/depth3/node6/test2_0.mtx 3.4 0 -1 -1 
/home/antonkov/masterWork/tests/samePrefixMarkedMtx2304/depth3/node6/test2_0.mtx 3.5 0 -1 -1 
/home/antonkov/masterWork/tests/samePrefixMarkedMtx2304/depth3/node6/test2_1.mtx 1 432.331 0.0806033 0.93 
/home/antonkov/masterWork/tests/samePrefixMarkedMtx2304/depth3/node6/test2_1.mtx 1.1 430.889 0.0654036 0.8 
/home/antonkov/masterWork/tests/samePrefixMarkedMtx2304/depth3/node6/test2_1.mtx 1.2 405.954 0.0456858 0.59 
/home/antonkov/masterWork/tests/samePrefixMarkedMtx2304/depth3/node6/test2_1.mtx 1.3 520.89 0.0332856 0.44 
/home/antonkov/masterWork/tests/samePrefixMarkedMtx2304/depth3/node6/test2_1.mtx 1.4 488.944 0.0223806 0.295 
/home/antonkov/masterWork/tests/samePrefixMarkedMtx2304/depth3/node6/test2_1.mtx 1.5 552.308 0.0139554 0.2 
/home/antonkov/masterWork/tests/samePrefixMarkedMtx2304/depth3/node6/test2_1.mtx 1.6 665.254 0.00695399 0.104 
/home/antonkov/masterWork/tests/samePrefixMarkedMtx2304/depth3/node6/test2_1.mtx 1.7 1109.96 0.00270099 0.0392308 
/home/antonkov/masterWork/tests/samePrefixMarkedMtx2304/depth3/node6/test2_1.mtx 1.8 1688.88 0.00116136 0.0192308 
/home/antonkov/masterWork/tests/samePrefixMarkedMtx2304/depth3/node6/test2_1.mtx 1.9 4224.92 0.000403164 0.00641975 
/home/antonkov/masterWork/tests/samePrefixMarkedMtx2304/depth3/node6/test2_1.mtx 2 0 -1 -1 
/home/antonkov/masterWork/tests/samePrefixMarkedMtx2304/depth3/node6/test2_1.mtx 2.1 0 -1 -1 
/home/antonkov/masterWork/tests/samePrefixMarkedMtx2304/depth3/node6/test2_1.mtx 2.2 0 -1 -1 
/home/antonkov/masterWork/tests/samePrefixMarkedMtx2304/depth3/node6/test2_1.mtx 2.3 0 -1 -1 
/home/antonkov/masterWork/tests/samePrefixMarkedMtx2304/depth3/node6/test2_1.mtx 2.4 0 -1 -1 
/home/antonkov/masterWork/tests/samePrefixMarkedMtx2304/depth3/node6/test2_1.mtx 2.5 0 -1 -1 
/home/antonkov/masterWork/tests/samePrefixMarkedMtx2304/depth3/node6/test2_1.mtx 2.6 0 -1 -1 
/home/antonkov/masterWork/tests/samePrefixMarkedMtx2304/depth3/node6/test2_1.mtx 2.7 0 -1 -1 
/home/antonkov/masterWork/tests/samePrefixMarkedMtx2304/depth3/node6/test2_1.mtx 2.8 0 -1 -1 
/home/antonkov/masterWork/tests/samePrefixMarkedMtx2304/depth3/node6/test2_1.mtx 2.9 0 -1 -1 
/home/antonkov/masterWork/tests/samePrefixMarkedMtx2304/depth3/node6/test2_1.mtx 3 0 -1 -1 
/home/antonkov/masterWork/tests/samePrefixMarkedMtx2304/depth3/node6/test2_1.mtx 3.1 0 -1 -1 
/home/antonkov/masterWork/tests/samePrefixMarkedMtx2304/depth3/node6/test2_1.mtx 3.2 0 -1 -1 
/home/antonkov/masterWork/tests/samePrefixMarkedMtx2304/depth3/node6/test2_1.mtx 3.3 0 -1 -1 
/home/antonkov/masterWork/tests/samePrefixMarkedMtx2304/depth3/node6/test2_1.mtx 3.4 0 -1 -1 
/home/antonkov/masterWork/tests/samePrefixMarkedMtx2304/depth3/node6/test2_1.mtx 3.5 0 -1 -1 
/home/antonkov/masterWork/tests/samePrefixMarkedMtx2304/depth3/node6/test2_2.mtx 1 432.59 0.082487 0.95 
/home/antonkov/masterWork/tests/samePrefixMarkedMtx2304/depth3/node6/test2_2.mtx 1.1 426.01 0.0690278 0.86 
/home/antonkov/masterWork/tests/samePrefixMarkedMtx2304/depth3/node6/test2_2.mtx 1.2 427.579 0.0534722 0.68 
/home/antonkov/masterWork/tests/samePrefixMarkedMtx2304/depth3/node6/test2_2.mtx 1.3 401.806 0.0387413 0.54 
/home/antonkov/masterWork/tests/samePrefixMarkedMtx2304/depth3/node6/test2_2.mtx 1.4 486.057 0.0234679 0.345 
/home/antonkov/masterWork/tests/samePrefixMarkedMtx2304/depth3/node6/test2_2.mtx 1.5 540.179 0.0142144 0.206667 
/home/antonkov/masterWork/tests/samePrefixMarkedMtx2304/depth3/node6/test2_2.mtx 1.6 664.002 0.00763802 0.114 
/home/antonkov/masterWork/tests/samePrefixMarkedMtx2304/depth3/node6/test2_2.mtx 1.7 962.789 0.0036072 0.053 
/home/antonkov/masterWork/tests/samePrefixMarkedMtx2304/depth3/node6/test2_2.mtx 1.8 1468.69 0.00158377 0.0255 
/home/antonkov/masterWork/tests/samePrefixMarkedMtx2304/depth3/node6/test2_2.mtx 1.9 4783.05 0.000317251 0.00536842 
/home/antonkov/masterWork/tests/samePrefixMarkedMtx2304/depth3/node6/test2_2.mtx 2 0 -1 -1 
/home/antonkov/masterWork/tests/samePrefixMarkedMtx2304/depth3/node6/test2_2.mtx 2.1 0 -1 -1 
/home/antonkov/masterWork/tests/samePrefixMarkedMtx2304/depth3/node6/test2_2.mtx 2.2 0 -1 -1 
/home/antonkov/masterWork/tests/samePrefixMarkedMtx2304/depth3/node6/test2_2.mtx 2.3 0 -1 -1 
/home/antonkov/masterWork/tests/samePrefixMarkedMtx2304/depth3/node6/test2_2.mtx 2.4 0 -1 -1 
/home/antonkov/masterWork/tests/samePrefixMarkedMtx2304/depth3/node6/test2_2.mtx 2.5 0 -1 -1 
/home/antonkov/masterWork/tests/samePrefixMarkedMtx2304/depth3/node6/test2_2.mtx 2.6 0 -1 -1 
/home/antonkov/masterWork/tests/samePrefixMarkedMtx2304/depth3/node6/test2_2.mtx 2.7 0 -1 -1 
/home/antonkov/masterWork/tests/samePrefixMarkedMtx2304/depth3/node6/test2_2.mtx 2.8 0 -1 -1 
/home/antonkov/masterWork/tests/samePrefixMarkedMtx2304/depth3/node6/test2_2.mtx 2.9 0 -1 -1 
/home/antonkov/masterWork/tests/samePrefixMarkedMtx2304/depth3/node6/test2_2.mtx 3 0 -1 -1 
/home/antonkov/masterWork/tests/samePrefixMarkedMtx2304/depth3/node6/test2_2.mtx 3.1 0 -1 -1 
/home/antonkov/masterWork/tests/samePrefixMarkedMtx2304/depth3/node6/test2_2.mtx 3.2 0 -1 -1 
/home/antonkov/masterWork/tests/samePrefixMarkedMtx2304/depth3/node6/test2_2.mtx 3.3 0 -1 -1 
/home/antonkov/masterWork/tests/samePrefixMarkedMtx2304/depth3/node6/test2_2.mtx 3.4 0 -1 -1 
/home/antonkov/masterWork/tests/samePrefixMarkedMtx2304/depth3/node6/test2_2.mtx 3.5 0 -1 -1 
/home/antonkov/masterWork/tests/samePrefixMarkedMtx2304/depth3/node6/test2_3.mtx 1 442.543 0.0833594 0.95 
/home/antonkov/masterWork/tests/samePrefixMarkedMtx2304/depth3/node6/test2_3.mtx 1.1 435.826 0.0715148 0.89 
/home/antonkov/masterWork/tests/samePrefixMarkedMtx2304/depth3/node6/test2_3.mtx 1.2 432.509 0.0530425 0.7 
/home/antonkov/masterWork/tests/samePrefixMarkedMtx2304/depth3/node6/test2_3.mtx 1.3 532.753 0.0363325 0.495 
/home/antonkov/masterWork/tests/samePrefixMarkedMtx2304/depth3/node6/test2_3.mtx 1.4 489.431 0.0221658 0.32 
/home/antonkov/masterWork/tests/samePrefixMarkedMtx2304/depth3/node6/test2_3.mtx 1.5 539.244 0.0125998 0.18 
/home/antonkov/masterWork/tests/samePrefixMarkedMtx2304/depth3/node6/test2_3.mtx 1.6 741.289 0.00629847 0.095 
/home/antonkov/masterWork/tests/samePrefixMarkedMtx2304/depth3/node6/test2_3.mtx 1.7 1085.12 0.00299009 0.0441667 
/home/antonkov/masterWork/tests/samePrefixMarkedMtx2304/depth3/node6/test2_3.mtx 1.8 2047.68 0.0010138 0.0167742 
/home/antonkov/masterWork/tests/samePrefixMarkedMtx2304/depth3/node6/test2_3.mtx 1.9 3554.74 0.000478532 0.00746269 
/home/antonkov/masterWork/tests/samePrefixMarkedMtx2304/depth3/node6/test2_3.mtx 2 0 -1 -1 
/home/antonkov/masterWork/tests/samePrefixMarkedMtx2304/depth3/node6/test2_3.mtx 2.1 0 -1 -1 
/home/antonkov/masterWork/tests/samePrefixMarkedMtx2304/depth3/node6/test2_3.mtx 2.2 0 -1 -1 
/home/antonkov/masterWork/tests/samePrefixMarkedMtx2304/depth3/node6/test2_3.mtx 2.3 0 -1 -1 
/home/antonkov/masterWork/tests/samePrefixMarkedMtx2304/depth3/node6/test2_3.mtx 2.4 0 -1 -1 
/home/antonkov/masterWork/tests/samePrefixMarkedMtx2304/depth3/node6/test2_3.mtx 2.5 0 -1 -1 
/home/antonkov/masterWork/tests/samePrefixMarkedMtx2304/depth3/node6/test2_3.mtx 2.6 0 -1 -1 
/home/antonkov/masterWork/tests/samePrefixMarkedMtx2304/depth3/node6/test2_3.mtx 2.7 0 -1 -1 
/home/antonkov/masterWork/tests/samePrefixMarkedMtx2304/depth3/node6/test2_3.mtx 2.8 0 -1 -1 
/home/antonkov/masterWork/tests/samePrefixMarkedMtx2304/depth3/node6/test2_3.mtx 2.9 0 -1 -1 
/home/antonkov/masterWork/tests/samePrefixMarkedMtx2304/depth3/node6/test2_3.mtx 3 0 -1 -1 
/home/antonkov/masterWork/tests/samePrefixMarkedMtx2304/depth3/node6/test2_3.mtx 3.1 0 -1 -1 
/home/antonkov/masterWork/tests/samePrefixMarkedMtx2304/depth3/node6/test2_3.mtx 3.2 0 -1 -1 
/home/antonkov/masterWork/tests/samePrefixMarkedMtx2304/depth3/node6/test2_3.mtx 3.3 0 -1 -1 
/home/antonkov/masterWork/tests/samePrefixMarkedMtx2304/depth3/node6/test2_3.mtx 3.4 0 -1 -1 
/home/antonkov/masterWork/tests/samePrefixMarkedMtx2304/depth3/node6/test2_3.mtx 3.5 0 -1 -1 
/home/antonkov/masterWork/tests/samePrefixMarkedMtx2304/depth3/node6/test2_4.mtx 1 441.47 0.082487 0.93 
/home/antonkov/masterWork/tests/samePrefixMarkedMtx2304/depth3/node6/test2_4.mtx 1.1 435.188 0.0698003 0.82 
/home/antonkov/masterWork/tests/samePrefixMarkedMtx2304/depth3/node6/test2_4.mtx 1.2 429.213 0.0582509 0.74 
/home/antonkov/masterWork/tests/samePrefixMarkedMtx2304/depth3/node6/test2_4.mtx 1.3 412.456 0.0421007 0.59 
/home/antonkov/masterWork/tests/samePrefixMarkedMtx2304/depth3/node6/test2_4.mtx 1.4 519.526 0.0243576 0.365 
/home/antonkov/masterWork/tests/samePrefixMarkedMtx2304/depth3/node6/test2_4.mtx 1.5 569.049 0.0128487 0.183333 
/home/antonkov/masterWork/tests/samePrefixMarkedMtx2304/depth3/node6/test2_4.mtx 1.6 689.993 0.00655642 0.102 
/home/antonkov/masterWork/tests/samePrefixMarkedMtx2304/depth3/node6/test2_4.mtx 1.7 949.893 0.00373568 0.061 
/home/antonkov/masterWork/tests/samePrefixMarkedMtx2304/depth3/node6/test2_4.mtx 1.8 1834.55 0.00121689 0.0188889 
/home/antonkov/masterWork/tests/samePrefixMarkedMtx2304/depth3/node6/test2_4.mtx 1.9 3254.25 0.000505891 0.00819672 
/home/antonkov/masterWork/tests/samePrefixMarkedMtx2304/depth3/node6/test2_4.mtx 2 0 -1 -1 
/home/antonkov/masterWork/tests/samePrefixMarkedMtx2304/depth3/node6/test2_4.mtx 2.1 0 -1 -1 
/home/antonkov/masterWork/tests/samePrefixMarkedMtx2304/depth3/node6/test2_4.mtx 2.2 0 -1 -1 
/home/antonkov/masterWork/tests/samePrefixMarkedMtx2304/depth3/node6/test2_4.mtx 2.3 0 -1 -1 
/home/antonkov/masterWork/tests/samePrefixMarkedMtx2304/depth3/node6/test2_4.mtx 2.4 0 -1 -1 
/home/antonkov/masterWork/tests/samePrefixMarkedMtx2304/depth3/node6/test2_4.mtx 2.5 0 -1 -1 
/home/antonkov/masterWork/tests/samePrefixMarkedMtx2304/depth3/node6/test2_4.mtx 2.6 0 -1 -1 
/home/antonkov/masterWork/tests/samePrefixMarkedMtx2304/depth3/node6/test2_4.mtx 2.7 0 -1 -1 
/home/antonkov/masterWork/tests/samePrefixMarkedMtx2304/depth3/node6/test2_4.mtx 2.8 0 -1 -1 
/home/antonkov/masterWork/tests/samePrefixMarkedMtx2304/depth3/node6/test2_4.mtx 2.9 0 -1 -1 
/home/antonkov/masterWork/tests/samePrefixMarkedMtx2304/depth3/node6/test2_4.mtx 3 0 -1 -1 
/home/antonkov/masterWork/tests/samePrefixMarkedMtx2304/depth3/node6/test2_4.mtx 3.1 0 -1 -1 
/home/antonkov/masterWork/tests/samePrefixMarkedMtx2304/depth3/node6/test2_4.mtx 3.2 0 -1 -1 
/home/antonkov/masterWork/tests/samePrefixMarkedMtx2304/depth3/node6/test2_4.mtx 3.3 0 -1 -1 
/home/antonkov/masterWork/tests/samePrefixMarkedMtx2304/depth3/node6/test2_4.mtx 3.4 0 -1 -1 
/home/antonkov/masterWork/tests/samePrefixMarkedMtx2304/depth3/node6/test2_4.mtx 3.5 0 -1 -1 
/home/antonkov/masterWork/tests/samePrefixMarkedMtx2304/depth3/node6/test3_0.mtx 1 413.261 0.0813845 0.89 
/home/antonkov/masterWork/tests/samePrefixMarkedMtx2304/depth3/node6/test3_0.mtx 1.1 406.961 0.0714149 0.83 
/home/antonkov/masterWork/tests/samePrefixMarkedMtx2304/depth3/node6/test3_0.mtx 1.2 396.372 0.0597526 0.72 
/home/antonkov/masterWork/tests/samePrefixMarkedMtx2304/depth3/node6/test3_0.mtx 1.3 379.821 0.0437717 0.58 
/home/antonkov/masterWork/tests/samePrefixMarkedMtx2304/depth3/node6/test3_0.mtx 1.4 478.809 0.0291168 0.405 
/home/antonkov/masterWork/tests/samePrefixMarkedMtx2304/depth3/node6/test3_0.mtx 1.5 447.837 0.0155903 0.25 
/home/antonkov/masterWork/tests/samePrefixMarkedMtx2304/depth3/node6/test3_0.mtx 1.6 661.999 0.00799913 0.114 
/home/antonkov/masterWork/tests/samePrefixMarkedMtx2304/depth3/node6/test3_0.mtx 1.7 818.869 0.00399143 0.0625 
/home/antonkov/masterWork/tests/samePrefixMarkedMtx2304/depth3/node6/test3_0.mtx 1.8 1439.05 0.00147439 0.025 
/home/antonkov/masterWork/tests/samePrefixMarkedMtx2304/depth3/node6/test3_0.mtx 1.9 3309.74 0.000518912 0.00836066 
/home/antonkov/masterWork/tests/samePrefixMarkedMtx2304/depth3/node6/test3_0.mtx 2 0 -1 -1 
/home/antonkov/masterWork/tests/samePrefixMarkedMtx2304/depth3/node6/test3_0.mtx 2.1 0 -1 -1 
/home/antonkov/masterWork/tests/samePrefixMarkedMtx2304/depth3/node6/test3_0.mtx 2.2 0 -1 -1 
/home/antonkov/masterWork/tests/samePrefixMarkedMtx2304/depth3/node6/test3_0.mtx 2.3 0 -1 -1 
/home/antonkov/masterWork/tests/samePrefixMarkedMtx2304/depth3/node6/test3_0.mtx 2.4 0 -1 -1 
/home/antonkov/masterWork/tests/samePrefixMarkedMtx2304/depth3/node6/test3_0.mtx 2.5 0 -1 -1 
/home/antonkov/masterWork/tests/samePrefixMarkedMtx2304/depth3/node6/test3_0.mtx 2.6 0 -1 -1 
/home/antonkov/masterWork/tests/samePrefixMarkedMtx2304/depth3/node6/test3_0.mtx 2.7 0 -1 -1 
/home/antonkov/masterWork/tests/samePrefixMarkedMtx2304/depth3/node6/test3_0.mtx 2.8 0 -1 -1 
/home/antonkov/masterWork/tests/samePrefixMarkedMtx2304/depth3/node6/test3_0.mtx 2.9 0 -1 -1 
/home/antonkov/masterWork/tests/samePrefixMarkedMtx2304/depth3/node6/test3_0.mtx 3 0 -1 -1 
/home/antonkov/masterWork/tests/samePrefixMarkedMtx2304/depth3/node6/test3_0.mtx 3.1 0 -1 -1 
/home/antonkov/masterWork/tests/samePrefixMarkedMtx2304/depth3/node6/test3_0.mtx 3.2 0 -1 -1 
/home/antonkov/masterWork/tests/samePrefixMarkedMtx2304/depth3/node6/test3_0.mtx 3.3 0 -1 -1 
/home/antonkov/masterWork/tests/samePrefixMarkedMtx2304/depth3/node6/test3_0.mtx 3.4 0 -1 -1 
/home/antonkov/masterWork/tests/samePrefixMarkedMtx2304/depth3/node6/test3_0.mtx 3.5 0 -1 -1 
/home/antonkov/masterWork/tests/samePrefixMarkedMtx2304/depth3/node6/test3_1.mtx 1 396.376 0.0807161 0.9 
/home/antonkov/masterWork/tests/samePrefixMarkedMtx2304/depth3/node6/test3_1.mtx 1.1 394.304 0.0679818 0.81 
/home/antonkov/masterWork/tests/samePrefixMarkedMtx2304/depth3/node6/test3_1.mtx 1.2 371.688 0.0536806 0.66 
/home/antonkov/masterWork/tests/samePrefixMarkedMtx2304/depth3/node6/test3_1.mtx 1.3 358.673 0.0395312 0.53 
/home/antonkov/masterWork/tests/samePrefixMarkedMtx2304/depth3/node6/test3_1.mtx 1.4 465.077 0.0275977 0.375 
/home/antonkov/masterWork/tests/samePrefixMarkedMtx2304/depth3/node6/test3_1.mtx 1.5 531.913 0.0168446 0.243333 
/home/antonkov/masterWork/tests/samePrefixMarkedMtx2304/depth3/node6/test3_1.mtx 1.6 574.995 0.00808919 0.1275 
/home/antonkov/masterWork/tests/samePrefixMarkedMtx2304/depth3/node6/test3_1.mtx 1.7 859.528 0.00375289 0.06 
/home/antonkov/masterWork/tests/samePrefixMarkedMtx2304/depth3/node6/test3_1.mtx 1.8 1361.22 0.00159791 0.0263158 
/home/antonkov/masterWork/tests/samePrefixMarkedMtx2304/depth3/node6/test3_1.mtx 1.9 3775.21 0.000411613 0.00684932 
/home/antonkov/masterWork/tests/samePrefixMarkedMtx2304/depth3/node6/test3_1.mtx 2 0 -1 -1 
/home/antonkov/masterWork/tests/samePrefixMarkedMtx2304/depth3/node6/test3_1.mtx 2.1 0 -1 -1 
/home/antonkov/masterWork/tests/samePrefixMarkedMtx2304/depth3/node6/test3_1.mtx 2.2 0 -1 -1 
/home/antonkov/masterWork/tests/samePrefixMarkedMtx2304/depth3/node6/test3_1.mtx 2.3 0 -1 -1 
/home/antonkov/masterWork/tests/samePrefixMarkedMtx2304/depth3/node6/test3_1.mtx 2.4 0 -1 -1 
/home/antonkov/masterWork/tests/samePrefixMarkedMtx2304/depth3/node6/test3_1.mtx 2.5 0 -1 -1 
/home/antonkov/masterWork/tests/samePrefixMarkedMtx2304/depth3/node6/test3_1.mtx 2.6 0 -1 -1 
/home/antonkov/masterWork/tests/samePrefixMarkedMtx2304/depth3/node6/test3_1.mtx 2.7 0 -1 -1 
/home/antonkov/masterWork/tests/samePrefixMarkedMtx2304/depth3/node6/test3_1.mtx 2.8 0 -1 -1 
/home/antonkov/masterWork/tests/samePrefixMarkedMtx2304/depth3/node6/test3_1.mtx 2.9 0 -1 -1 
/home/antonkov/masterWork/tests/samePrefixMarkedMtx2304/depth3/node6/test3_1.mtx 3 0 -1 -1 
/home/antonkov/masterWork/tests/samePrefixMarkedMtx2304/depth3/node6/test3_1.mtx 3.1 0 -1 -1 
/home/antonkov/masterWork/tests/samePrefixMarkedMtx2304/depth3/node6/test3_1.mtx 3.2 0 -1 -1 
/home/antonkov/masterWork/tests/samePrefixMarkedMtx2304/depth3/node6/test3_1.mtx 3.3 0 -1 -1 
/home/antonkov/masterWork/tests/samePrefixMarkedMtx2304/depth3/node6/test3_1.mtx 3.4 0 -1 -1 
/home/antonkov/masterWork/tests/samePrefixMarkedMtx2304/depth3/node6/test3_1.mtx 3.5 0 -1 -1 
/home/antonkov/masterWork/tests/samePrefixMarkedMtx2304/depth3/node6/test3_2.mtx 1 426.683 0.0860547 0.95 
/home/antonkov/masterWork/tests/samePrefixMarkedMtx2304/depth3/node6/test3_2.mtx 1.1 427.391 0.0725391 0.86 
/home/antonkov/masterWork/tests/samePrefixMarkedMtx2304/depth3/node6/test3_2.mtx 1.2 416.891 0.0555425 0.71 
/home/antonkov/masterWork/tests/samePrefixMarkedMtx2304/depth3/node6/test3_2.mtx 1.3 398.31 0.0398177 0.52 
/home/antonkov/masterWork/tests/samePrefixMarkedMtx2304/depth3/node6/test3_2.mtx 1.4 495.924 0.0293251 0.395 
/home/antonkov/masterWork/tests/samePrefixMarkedMtx2304/depth3/node6/test3_2.mtx 1.5 550.301 0.0169965 0.236667 
/home/antonkov/masterWork/tests/samePrefixMarkedMtx2304/depth3/node6/test3_2.mtx 1.6 665.913 0.00727431 0.106 
/home/antonkov/masterWork/tests/samePrefixMarkedMtx2304/depth3/node6/test3_2.mtx 1.7 960.094 0.00322396 0.052 
/home/antonkov/masterWork/tests/samePrefixMarkedMtx2304/depth3/node6/test3_2.mtx 1.8 1714.12 0.00112847 0.0204 
/home/antonkov/masterWork/tests/samePrefixMarkedMtx2304/depth3/node6/test3_2.mtx 1.9 3943.7 0.000401273 0.00666667 
/home/antonkov/masterWork/tests/samePrefixMarkedMtx2304/depth3/node6/test3_2.mtx 2 0 -1 -1 
/home/antonkov/masterWork/tests/samePrefixMarkedMtx2304/depth3/node6/test3_2.mtx 2.1 0 -1 -1 
/home/antonkov/masterWork/tests/samePrefixMarkedMtx2304/depth3/node6/test3_2.mtx 2.2 0 -1 -1 
/home/antonkov/masterWork/tests/samePrefixMarkedMtx2304/depth3/node6/test3_2.mtx 2.3 0 -1 -1 
/home/antonkov/masterWork/tests/samePrefixMarkedMtx2304/depth3/node6/test3_2.mtx 2.4 0 -1 -1 
/home/antonkov/masterWork/tests/samePrefixMarkedMtx2304/depth3/node6/test3_2.mtx 2.5 0 -1 -1 
/home/antonkov/masterWork/tests/samePrefixMarkedMtx2304/depth3/node6/test3_2.mtx 2.6 0 -1 -1 
/home/antonkov/masterWork/tests/samePrefixMarkedMtx2304/depth3/node6/test3_2.mtx 2.7 0 -1 -1 
/home/antonkov/masterWork/tests/samePrefixMarkedMtx2304/depth3/node6/test3_2.mtx 2.8 0 -1 -1 
/home/antonkov/masterWork/tests/samePrefixMarkedMtx2304/depth3/node6/test3_2.mtx 2.9 0 -1 -1 
/home/antonkov/masterWork/tests/samePrefixMarkedMtx2304/depth3/node6/test3_2.mtx 3 0 -1 -1 
/home/antonkov/masterWork/tests/samePrefixMarkedMtx2304/depth3/node6/test3_2.mtx 3.1 0 -1 -1 
/home/antonkov/masterWork/tests/samePrefixMarkedMtx2304/depth3/node6/test3_2.mtx 3.2 0 -1 -1 
/home/antonkov/masterWork/tests/samePrefixMarkedMtx2304/depth3/node6/test3_2.mtx 3.3 0 -1 -1 
/home/antonkov/masterWork/tests/samePrefixMarkedMtx2304/depth3/node6/test3_2.mtx 3.4 0 -1 -1 
/home/antonkov/masterWork/tests/samePrefixMarkedMtx2304/depth3/node6/test3_2.mtx 3.5 0 -1 -1 
/home/antonkov/masterWork/tests/samePrefixMarkedMtx2304/depth3/node6/test3_3.mtx 1 413.679 0.0824436 0.93 
/home/antonkov/masterWork/tests/samePrefixMarkedMtx2304/depth3/node6/test3_3.mtx 1.1 410.328 0.0686415 0.82 
/home/antonkov/masterWork/tests/samePrefixMarkedMtx2304/depth3/node6/test3_3.mtx 1.2 403.06 0.0557595 0.7 
/home/antonkov/masterWork/tests/samePrefixMarkedMtx2304/depth3/node6/test3_3.mtx 1.3 507.02 0.0411133 0.52 
/home/antonkov/masterWork/tests/samePrefixMarkedMtx2304/depth3/node6/test3_3.mtx 1.4 474.441 0.0277713 0.375 
/home/antonkov/masterWork/tests/samePrefixMarkedMtx2304/depth3/node6/test3_3.mtx 1.5 447.944 0.0180447 0.25 
/home/antonkov/masterWork/tests/samePrefixMarkedMtx2304/depth3/node6/test3_3.mtx 1.6 577.673 0.00817925 0.125 
/home/antonkov/masterWork/tests/samePrefixMarkedMtx2304/depth3/node6/test3_3.mtx 1.7 1050.09 0.00283963 0.0441667 
/home/antonkov/masterWork/tests/samePrefixMarkedMtx2304/depth3/node6/test3_3.mtx 1.8 1468.6 0.00149306 0.0238095 
/home/antonkov/masterWork/tests/samePrefixMarkedMtx2304/depth3/node6/test3_3.mtx 1.9 3157.8 0.000495788 0.00819672 
/home/antonkov/masterWork/tests/samePrefixMarkedMtx2304/depth3/node6/test3_3.mtx 2 0 -1 -1 
/home/antonkov/masterWork/tests/samePrefixMarkedMtx2304/depth3/node6/test3_3.mtx 2.1 0 -1 -1 
/home/antonkov/masterWork/tests/samePrefixMarkedMtx2304/depth3/node6/test3_3.mtx 2.2 0 -1 -1 
/home/antonkov/masterWork/tests/samePrefixMarkedMtx2304/depth3/node6/test3_3.mtx 2.3 0 -1 -1 
/home/antonkov/masterWork/tests/samePrefixMarkedMtx2304/depth3/node6/test3_3.mtx 2.4 0 -1 -1 
/home/antonkov/masterWork/tests/samePrefixMarkedMtx2304/depth3/node6/test3_3.mtx 2.5 0 -1 -1 
/home/antonkov/masterWork/tests/samePrefixMarkedMtx2304/depth3/node6/test3_3.mtx 2.6 0 -1 -1 
/home/antonkov/masterWork/tests/samePrefixMarkedMtx2304/depth3/node6/test3_3.mtx 2.7 0 -1 -1 
/home/antonkov/masterWork/tests/samePrefixMarkedMtx2304/depth3/node6/test3_3.mtx 2.8 0 -1 -1 
/home/antonkov/masterWork/tests/samePrefixMarkedMtx2304/depth3/node6/test3_3.mtx 2.9 0 -1 -1 
/home/antonkov/masterWork/tests/samePrefixMarkedMtx2304/depth3/node6/test3_3.mtx 3 0 -1 -1 
/home/antonkov/masterWork/tests/samePrefixMarkedMtx2304/depth3/node6/test3_3.mtx 3.1 0 -1 -1 
/home/antonkov/masterWork/tests/samePrefixMarkedMtx2304/depth3/node6/test3_3.mtx 3.2 0 -1 -1 
/home/antonkov/masterWork/tests/samePrefixMarkedMtx2304/depth3/node6/test3_3.mtx 3.3 0 -1 -1 
/home/antonkov/masterWork/tests/samePrefixMarkedMtx2304/depth3/node6/test3_3.mtx 3.4 0 -1 -1 
/home/antonkov/masterWork/tests/samePrefixMarkedMtx2304/depth3/node6/test3_3.mtx 3.5 0 -1 -1 
/home/antonkov/masterWork/tests/samePrefixMarkedMtx2304/depth3/node6/test3_4.mtx 1 428.64 0.08125 0.91 
/home/antonkov/masterWork/tests/samePrefixMarkedMtx2304/depth3/node6/test3_4.mtx 1.1 429.786 0.0680946 0.78 
/home/antonkov/masterWork/tests/samePrefixMarkedMtx2304/depth3/node6/test3_4.mtx 1.2 404.263 0.0542188 0.67 
/home/antonkov/masterWork/tests/samePrefixMarkedMtx2304/depth3/node6/test3_4.mtx 1.3 394.286 0.0400217 0.54 
/home/antonkov/masterWork/tests/samePrefixMarkedMtx2304/depth3/node6/test3_4.mtx 1.4 488.937 0.0251063 0.35 
/home/antonkov/masterWork/tests/samePrefixMarkedMtx2304/depth3/node6/test3_4.mtx 1.5 557.473 0.0146962 0.203333 
/home/antonkov/masterWork/tests/samePrefixMarkedMtx2304/depth3/node6/test3_4.mtx 1.6 667.451 0.00667708 0.1 
/home/antonkov/masterWork/tests/samePrefixMarkedMtx2304/depth3/node6/test3_4.mtx 1.7 831.533 0.00417806 0.0625 
/home/antonkov/masterWork/tests/samePrefixMarkedMtx2304/depth3/node6/test3_4.mtx 1.8 1387.57 0.00166849 0.0263158 
/home/antonkov/masterWork/tests/samePrefixMarkedMtx2304/depth3/node6/test3_4.mtx 1.9 3045.19 0.000598726 0.00892857 
/home/antonkov/masterWork/tests/samePrefixMarkedMtx2304/depth3/node6/test3_4.mtx 2 0 -1 -1 
/home/antonkov/masterWork/tests/samePrefixMarkedMtx2304/depth3/node6/test3_4.mtx 2.1 0 -1 -1 
/home/antonkov/masterWork/tests/samePrefixMarkedMtx2304/depth3/node6/test3_4.mtx 2.2 0 -1 -1 
/home/antonkov/masterWork/tests/samePrefixMarkedMtx2304/depth3/node6/test3_4.mtx 2.3 0 -1 -1 
/home/antonkov/masterWork/tests/samePrefixMarkedMtx2304/depth3/node6/test3_4.mtx 2.4 0 -1 -1 
/home/antonkov/masterWork/tests/samePrefixMarkedMtx2304/depth3/node6/test3_4.mtx 2.5 0 -1 -1 
/home/antonkov/masterWork/tests/samePrefixMarkedMtx2304/depth3/node6/test3_4.mtx 2.6 0 -1 -1 
/home/antonkov/masterWork/tests/samePrefixMarkedMtx2304/depth3/node6/test3_4.mtx 2.7 0 -1 -1 
/home/antonkov/masterWork/tests/samePrefixMarkedMtx2304/depth3/node6/test3_4.mtx 2.8 0 -1 -1 
/home/antonkov/masterWork/tests/samePrefixMarkedMtx2304/depth3/node6/test3_4.mtx 2.9 0 -1 -1 
/home/antonkov/masterWork/tests/samePrefixMarkedMtx2304/depth3/node6/test3_4.mtx 3 0 -1 -1 
/home/antonkov/masterWork/tests/samePrefixMarkedMtx2304/depth3/node6/test3_4.mtx 3.1 0 -1 -1 
/home/antonkov/masterWork/tests/samePrefixMarkedMtx2304/depth3/node6/test3_4.mtx 3.2 0 -1 -1 
/home/antonkov/masterWork/tests/samePrefixMarkedMtx2304/depth3/node6/test3_4.mtx 3.3 0 -1 -1 
/home/antonkov/masterWork/tests/samePrefixMarkedMtx2304/depth3/node6/test3_4.mtx 3.4 0 -1 -1 
/home/antonkov/masterWork/tests/samePrefixMarkedMtx2304/depth3/node6/test3_4.mtx 3.5 0 -1 -1 
