Results
Filename SNR Time(ms) BER FER
/home/antonkov/masterWork/tests/samePrefixMarkedMtx/depth4/node2/test0_0.mtx 1 129.533 0.0791753 0.78 
/home/antonkov/masterWork/tests/samePrefixMarkedMtx/depth4/node2/test0_0.mtx 1.1 110.768 0.0713628 0.72 
/home/antonkov/masterWork/tests/samePrefixMarkedMtx/depth4/node2/test0_0.mtx 1.2 102.365 0.0592187 0.64 
/home/antonkov/masterWork/tests/samePrefixMarkedMtx/depth4/node2/test0_0.mtx 1.3 91.553 0.0493663 0.55 
/home/antonkov/masterWork/tests/samePrefixMarkedMtx/depth4/node2/test0_0.mtx 1.4 116.168 0.0395544 0.46 
/home/antonkov/masterWork/tests/samePrefixMarkedMtx/depth4/node2/test0_0.mtx 1.5 109.704 0.0324016 0.383333 
/home/antonkov/masterWork/tests/samePrefixMarkedMtx/depth4/node2/test0_0.mtx 1.6 128.627 0.023355 0.2775 
/home/antonkov/masterWork/tests/samePrefixMarkedMtx/depth4/node2/test0_0.mtx 1.7 135.914 0.0174757 0.214 
/home/antonkov/masterWork/tests/samePrefixMarkedMtx/depth4/node2/test0_0.mtx 1.8 149.797 0.014974 0.176667 
/home/antonkov/masterWork/tests/samePrefixMarkedMtx/depth4/node2/test0_0.mtx 1.9 175.994 0.0103103 0.12875 
/home/antonkov/masterWork/tests/samePrefixMarkedMtx/depth4/node2/test0_0.mtx 2 209.63 0.00724747 0.0909091 
/home/antonkov/masterWork/tests/samePrefixMarkedMtx/depth4/node2/test0_0.mtx 2.1 264.294 0.00486111 0.06375 
/home/antonkov/masterWork/tests/samePrefixMarkedMtx/depth4/node2/test0_0.mtx 2.2 360.648 0.00308955 0.0425 
/home/antonkov/masterWork/tests/samePrefixMarkedMtx/depth4/node2/test0_0.mtx 2.3 486.311 0.00199315 0.0277778 
/home/antonkov/masterWork/tests/samePrefixMarkedMtx/depth4/node2/test0_0.mtx 2.4 811.959 0.00100645 0.0142857 
/home/antonkov/masterWork/tests/samePrefixMarkedMtx/depth4/node2/test0_0.mtx 2.5 1236.58 0.00058488 0.00840336 
/home/antonkov/masterWork/tests/samePrefixMarkedMtx/depth4/node2/test0_0.mtx 2.6 1684.4 0.000376467 0.00534759 
/home/antonkov/masterWork/tests/samePrefixMarkedMtx/depth4/node2/test0_0.mtx 2.7 2758.29 0.000179332 0.00289398 
/home/antonkov/masterWork/tests/samePrefixMarkedMtx/depth4/node2/test0_0.mtx 2.8 3604.21 0.000118778 0.0019802 
/home/antonkov/masterWork/tests/samePrefixMarkedMtx/depth4/node2/test0_0.mtx 2.9 5542.22 6.75843e-05 0.00116359 
/home/antonkov/masterWork/tests/samePrefixMarkedMtx/depth4/node2/test0_0.mtx 3 8604.92 3.8345e-05 0.000677507 
/home/antonkov/masterWork/tests/samePrefixMarkedMtx/depth4/node2/test0_0.mtx 3.1 0 -1 -1 
/home/antonkov/masterWork/tests/samePrefixMarkedMtx/depth4/node2/test0_0.mtx 3.2 0 -1 -1 
/home/antonkov/masterWork/tests/samePrefixMarkedMtx/depth4/node2/test0_0.mtx 3.3 0 -1 -1 
/home/antonkov/masterWork/tests/samePrefixMarkedMtx/depth4/node2/test0_0.mtx 3.4 0 -1 -1 
/home/antonkov/masterWork/tests/samePrefixMarkedMtx/depth4/node2/test0_0.mtx 3.5 0 -1 -1 
/home/antonkov/masterWork/tests/samePrefixMarkedMtx/depth4/node2/test0_1.mtx 1 105.12 0.0742274 0.75 
/home/antonkov/masterWork/tests/samePrefixMarkedMtx/depth4/node2/test0_1.mtx 1.1 105.856 0.0664757 0.7 
/home/antonkov/masterWork/tests/samePrefixMarkedMtx/depth4/node2/test0_1.mtx 1.2 93.4898 0.0578646 0.615 
/home/antonkov/masterWork/tests/samePrefixMarkedMtx/depth4/node2/test0_1.mtx 1.3 88.5786 0.0466493 0.5 
/home/antonkov/masterWork/tests/samePrefixMarkedMtx/depth4/node2/test0_1.mtx 1.4 116.582 0.0395255 0.45 
/home/antonkov/masterWork/tests/samePrefixMarkedMtx/depth4/node2/test0_1.mtx 1.5 108.896 0.0315336 0.373333 
/home/antonkov/masterWork/tests/samePrefixMarkedMtx/depth4/node2/test0_1.mtx 1.6 120.849 0.0226128 0.275 
/home/antonkov/masterWork/tests/samePrefixMarkedMtx/depth4/node2/test0_1.mtx 1.7 129.92 0.0160868 0.202 
/home/antonkov/masterWork/tests/samePrefixMarkedMtx/depth4/node2/test0_1.mtx 1.8 156.219 0.0127455 0.154286 
/home/antonkov/masterWork/tests/samePrefixMarkedMtx/depth4/node2/test0_1.mtx 1.9 181.273 0.00971451 0.116667 
/home/antonkov/masterWork/tests/samePrefixMarkedMtx/depth4/node2/test0_1.mtx 2 229.829 0.006461 0.0823077 
/home/antonkov/masterWork/tests/samePrefixMarkedMtx/depth4/node2/test0_1.mtx 2.1 317.743 0.00378142 0.0495238 
/home/antonkov/masterWork/tests/samePrefixMarkedMtx/depth4/node2/test0_1.mtx 2.2 406.737 0.00257783 0.0351724 
/home/antonkov/masterWork/tests/samePrefixMarkedMtx/depth4/node2/test0_1.mtx 2.3 524.99 0.0017419 0.0240476 
/home/antonkov/masterWork/tests/samePrefixMarkedMtx/depth4/node2/test0_1.mtx 2.4 728.51 0.00112821 0.0155385 
/home/antonkov/masterWork/tests/samePrefixMarkedMtx/depth4/node2/test0_1.mtx 2.5 1053.2 0.000655093 0.00952381 
/home/antonkov/masterWork/tests/samePrefixMarkedMtx/depth4/node2/test0_1.mtx 2.6 1703.24 0.000351893 0.00507614 
/home/antonkov/masterWork/tests/samePrefixMarkedMtx/depth4/node2/test0_1.mtx 2.7 2736.08 0.000177198 0.00275482 
/home/antonkov/masterWork/tests/samePrefixMarkedMtx/depth4/node2/test0_1.mtx 2.8 4826.17 9.24196e-05 0.00137228 
/home/antonkov/masterWork/tests/samePrefixMarkedMtx/depth4/node2/test0_1.mtx 2.9 8603.04 4.50495e-05 0.000677507 
/home/antonkov/masterWork/tests/samePrefixMarkedMtx/depth4/node2/test0_1.mtx 3 0 -1 -1 
/home/antonkov/masterWork/tests/samePrefixMarkedMtx/depth4/node2/test0_1.mtx 3.1 0 -1 -1 
/home/antonkov/masterWork/tests/samePrefixMarkedMtx/depth4/node2/test0_1.mtx 3.2 0 -1 -1 
/home/antonkov/masterWork/tests/samePrefixMarkedMtx/depth4/node2/test0_1.mtx 3.3 0 -1 -1 
/home/antonkov/masterWork/tests/samePrefixMarkedMtx/depth4/node2/test0_1.mtx 3.4 0 -1 -1 
/home/antonkov/masterWork/tests/samePrefixMarkedMtx/depth4/node2/test0_1.mtx 3.5 0 -1 -1 
/home/antonkov/masterWork/tests/samePrefixMarkedMtx/depth4/node2/test0_2.mtx 1 110.47 0.0779514 0.8 
/home/antonkov/masterWork/tests/samePrefixMarkedMtx/depth4/node2/test0_2.mtx 1.1 108.131 0.0692708 0.735 
/home/antonkov/masterWork/tests/samePrefixMarkedMtx/depth4/node2/test0_2.mtx 1.2 105.436 0.0615104 0.7 
/home/antonkov/masterWork/tests/samePrefixMarkedMtx/depth4/node2/test0_2.mtx 1.3 90.2544 0.0502344 0.57 
/home/antonkov/masterWork/tests/samePrefixMarkedMtx/depth4/node2/test0_2.mtx 1.4 115.573 0.0394213 0.46 
/home/antonkov/masterWork/tests/samePrefixMarkedMtx/depth4/node2/test0_2.mtx 1.5 108.858 0.0290914 0.36 
/home/antonkov/masterWork/tests/samePrefixMarkedMtx/depth4/node2/test0_2.mtx 1.6 126.395 0.0232031 0.28 
/home/antonkov/masterWork/tests/samePrefixMarkedMtx/depth4/node2/test0_2.mtx 1.7 163.985 0.0181973 0.22 
/home/antonkov/masterWork/tests/samePrefixMarkedMtx/depth4/node2/test0_2.mtx 1.8 147.457 0.0143808 0.168333 
/home/antonkov/masterWork/tests/samePrefixMarkedMtx/depth4/node2/test0_2.mtx 1.9 194.259 0.0107272 0.131111 
/home/antonkov/masterWork/tests/samePrefixMarkedMtx/depth4/node2/test0_2.mtx 2 194.736 0.00788715 0.1 
/home/antonkov/masterWork/tests/samePrefixMarkedMtx/depth4/node2/test0_2.mtx 2.1 301.822 0.00428627 0.0583333 
/home/antonkov/masterWork/tests/samePrefixMarkedMtx/depth4/node2/test0_2.mtx 2.2 383.854 0.00277177 0.04 
/home/antonkov/masterWork/tests/samePrefixMarkedMtx/depth4/node2/test0_2.mtx 2.3 490.539 0.00186233 0.0278378 
/home/antonkov/masterWork/tests/samePrefixMarkedMtx/depth4/node2/test0_2.mtx 2.4 647.702 0.00127251 0.0187037 
/home/antonkov/masterWork/tests/samePrefixMarkedMtx/depth4/node2/test0_2.mtx 2.5 1064.71 0.000633428 0.00970874 
/home/antonkov/masterWork/tests/samePrefixMarkedMtx/depth4/node2/test0_2.mtx 2.6 1558.79 0.000339678 0.00595238 
/home/antonkov/masterWork/tests/samePrefixMarkedMtx/depth4/node2/test0_2.mtx 2.7 2407.28 0.000201354 0.00337838 
/home/antonkov/masterWork/tests/samePrefixMarkedMtx/depth4/node2/test0_2.mtx 2.8 3295.28 0.000131823 0.00218818 
/home/antonkov/masterWork/tests/samePrefixMarkedMtx/depth4/node2/test0_2.mtx 2.9 5483.4 5.96193e-05 0.00116686 
/home/antonkov/masterWork/tests/samePrefixMarkedMtx/depth4/node2/test0_2.mtx 3 11133 2.84893e-05 0.000513611 
/home/antonkov/masterWork/tests/samePrefixMarkedMtx/depth4/node2/test0_2.mtx 3.1 0 -1 -1 
/home/antonkov/masterWork/tests/samePrefixMarkedMtx/depth4/node2/test0_2.mtx 3.2 0 -1 -1 
/home/antonkov/masterWork/tests/samePrefixMarkedMtx/depth4/node2/test0_2.mtx 3.3 0 -1 -1 
/home/antonkov/masterWork/tests/samePrefixMarkedMtx/depth4/node2/test0_2.mtx 3.4 0 -1 -1 
/home/antonkov/masterWork/tests/samePrefixMarkedMtx/depth4/node2/test0_2.mtx 3.5 0 -1 -1 
/home/antonkov/masterWork/tests/samePrefixMarkedMtx/depth4/node2/test0_3.mtx 1 110.234 0.0778819 0.79 
/home/antonkov/masterWork/tests/samePrefixMarkedMtx/depth4/node2/test0_3.mtx 1.1 105.156 0.0681337 0.72 
/home/antonkov/masterWork/tests/samePrefixMarkedMtx/depth4/node2/test0_3.mtx 1.2 96.7444 0.0600087 0.67 
/home/antonkov/masterWork/tests/samePrefixMarkedMtx/depth4/node2/test0_3.mtx 1.3 90.1253 0.0500955 0.575 
/home/antonkov/masterWork/tests/samePrefixMarkedMtx/depth4/node2/test0_3.mtx 1.4 117.531 0.037963 0.443333 
/home/antonkov/masterWork/tests/samePrefixMarkedMtx/depth4/node2/test0_3.mtx 1.5 105.133 0.0288657 0.34 
/home/antonkov/masterWork/tests/samePrefixMarkedMtx/depth4/node2/test0_3.mtx 1.6 120.187 0.0230382 0.265 
/home/antonkov/masterWork/tests/samePrefixMarkedMtx/depth4/node2/test0_3.mtx 1.7 147.162 0.0162674 0.195 
/home/antonkov/masterWork/tests/samePrefixMarkedMtx/depth4/node2/test0_3.mtx 1.8 155.077 0.0125422 0.157143 
/home/antonkov/masterWork/tests/samePrefixMarkedMtx/depth4/node2/test0_3.mtx 1.9 199.987 0.00872222 0.109 
/home/antonkov/masterWork/tests/samePrefixMarkedMtx/depth4/node2/test0_3.mtx 2 228.048 0.00628472 0.0792308 
/home/antonkov/masterWork/tests/samePrefixMarkedMtx/depth4/node2/test0_3.mtx 2.1 313.632 0.0039375 0.0505 
/home/antonkov/masterWork/tests/samePrefixMarkedMtx/depth4/node2/test0_3.mtx 2.2 405.114 0.00272197 0.0360714 
/home/antonkov/masterWork/tests/samePrefixMarkedMtx/depth4/node2/test0_3.mtx 2.3 579.802 0.00154366 0.0214894 
/home/antonkov/masterWork/tests/samePrefixMarkedMtx/depth4/node2/test0_3.mtx 2.4 842.222 0.000962076 0.012987 
/home/antonkov/masterWork/tests/samePrefixMarkedMtx/depth4/node2/test0_3.mtx 2.5 1346.78 0.000505935 0.0070922 
/home/antonkov/masterWork/tests/samePrefixMarkedMtx/depth4/node2/test0_3.mtx 2.6 1978.84 0.000278286 0.0041841 
/home/antonkov/masterWork/tests/samePrefixMarkedMtx/depth4/node2/test0_3.mtx 2.7 3096.6 0.000155112 0.00234192 
/home/antonkov/masterWork/tests/samePrefixMarkedMtx/depth4/node2/test0_3.mtx 2.8 4974.21 8.11082e-05 0.00129199 
/home/antonkov/masterWork/tests/samePrefixMarkedMtx/depth4/node2/test0_3.mtx 2.9 7998.34 4.37056e-05 0.000726744 
/home/antonkov/masterWork/tests/samePrefixMarkedMtx/depth4/node2/test0_3.mtx 3 0 -1 -1 
/home/antonkov/masterWork/tests/samePrefixMarkedMtx/depth4/node2/test0_3.mtx 3.1 0 -1 -1 
/home/antonkov/masterWork/tests/samePrefixMarkedMtx/depth4/node2/test0_3.mtx 3.2 0 -1 -1 
/home/antonkov/masterWork/tests/samePrefixMarkedMtx/depth4/node2/test0_3.mtx 3.3 0 -1 -1 
/home/antonkov/masterWork/tests/samePrefixMarkedMtx/depth4/node2/test0_3.mtx 3.4 0 -1 -1 
/home/antonkov/masterWork/tests/samePrefixMarkedMtx/depth4/node2/test0_3.mtx 3.5 0 -1 -1 
/home/antonkov/masterWork/tests/samePrefixMarkedMtx/depth4/node2/test0_4.mtx 1 110.459 0.0743663 0.78 
/home/antonkov/masterWork/tests/samePrefixMarkedMtx/depth4/node2/test0_4.mtx 1.1 105.416 0.0646788 0.715 
/home/antonkov/masterWork/tests/samePrefixMarkedMtx/depth4/node2/test0_4.mtx 1.2 96.0936 0.0558507 0.615 
/home/antonkov/masterWork/tests/samePrefixMarkedMtx/depth4/node2/test0_4.mtx 1.3 89.2351 0.0461719 0.525 
/home/antonkov/masterWork/tests/samePrefixMarkedMtx/depth4/node2/test0_4.mtx 1.4 112.452 0.0359606 0.406667 
/home/antonkov/masterWork/tests/samePrefixMarkedMtx/depth4/node2/test0_4.mtx 1.5 131.102 0.0286719 0.3375 
/home/antonkov/masterWork/tests/samePrefixMarkedMtx/depth4/node2/test0_4.mtx 1.6 121.138 0.0234115 0.2775 
/home/antonkov/masterWork/tests/samePrefixMarkedMtx/depth4/node2/test0_4.mtx 1.7 131.323 0.0191493 0.218 
/home/antonkov/masterWork/tests/samePrefixMarkedMtx/depth4/node2/test0_4.mtx 1.8 149.103 0.0148872 0.181667 
/home/antonkov/masterWork/tests/samePrefixMarkedMtx/depth4/node2/test0_4.mtx 1.9 192.777 0.0100926 0.123333 
/home/antonkov/masterWork/tests/samePrefixMarkedMtx/depth4/node2/test0_4.mtx 2 203.261 0.00712753 0.0936364 
/home/antonkov/masterWork/tests/samePrefixMarkedMtx/depth4/node2/test0_4.mtx 2.1 297.712 0.00451678 0.0577778 
/home/antonkov/masterWork/tests/samePrefixMarkedMtx/depth4/node2/test0_4.mtx 2.2 385.006 0.00301616 0.0388462 
/home/antonkov/masterWork/tests/samePrefixMarkedMtx/depth4/node2/test0_4.mtx 2.3 548.93 0.00174984 0.0234884 
/home/antonkov/masterWork/tests/samePrefixMarkedMtx/depth4/node2/test0_4.mtx 2.4 793.375 0.00104335 0.0140278 
/home/antonkov/masterWork/tests/samePrefixMarkedMtx/depth4/node2/test0_4.mtx 2.5 1368.75 0.000460616 0.00699301 
/home/antonkov/masterWork/tests/samePrefixMarkedMtx/depth4/node2/test0_4.mtx 2.6 1996.92 0.000287539 0.00429185 
/home/antonkov/masterWork/tests/samePrefixMarkedMtx/depth4/node2/test0_4.mtx 2.7 2816.53 0.000183047 0.00271739 
/home/antonkov/masterWork/tests/samePrefixMarkedMtx/depth4/node2/test0_4.mtx 2.8 4222.68 0.000108235 0.00160514 
/home/antonkov/masterWork/tests/samePrefixMarkedMtx/depth4/node2/test0_4.mtx 2.9 6924.29 5.82946e-05 0.0008726 
/home/antonkov/masterWork/tests/samePrefixMarkedMtx/depth4/node2/test0_4.mtx 3 0 -1 -1 
/home/antonkov/masterWork/tests/samePrefixMarkedMtx/depth4/node2/test0_4.mtx 3.1 0 -1 -1 
/home/antonkov/masterWork/tests/samePrefixMarkedMtx/depth4/node2/test0_4.mtx 3.2 0 -1 -1 
/home/antonkov/masterWork/tests/samePrefixMarkedMtx/depth4/node2/test0_4.mtx 3.3 0 -1 -1 
/home/antonkov/masterWork/tests/samePrefixMarkedMtx/depth4/node2/test0_4.mtx 3.4 0 -1 -1 
/home/antonkov/masterWork/tests/samePrefixMarkedMtx/depth4/node2/test0_4.mtx 3.5 0 -1 -1 
/home/antonkov/masterWork/tests/samePrefixMarkedMtx/depth4/node2/test1_0.mtx 1 106.993 0.0781944 0.8 
/home/antonkov/masterWork/tests/samePrefixMarkedMtx/depth4/node2/test1_0.mtx 1.1 102.315 0.0669358 0.7 
/home/antonkov/masterWork/tests/samePrefixMarkedMtx/depth4/node2/test1_0.mtx 1.2 92.508 0.0602691 0.645 
/home/antonkov/masterWork/tests/samePrefixMarkedMtx/depth4/node2/test1_0.mtx 1.3 88.7884 0.0512674 0.575 
/home/antonkov/masterWork/tests/samePrefixMarkedMtx/depth4/node2/test1_0.mtx 1.4 117.08 0.0432523 0.483333 
/home/antonkov/masterWork/tests/samePrefixMarkedMtx/depth4/node2/test1_0.mtx 1.5 105.79 0.0340683 0.396667 
/home/antonkov/masterWork/tests/samePrefixMarkedMtx/depth4/node2/test1_0.mtx 1.6 124.661 0.0261458 0.3175 
/home/antonkov/masterWork/tests/samePrefixMarkedMtx/depth4/node2/test1_0.mtx 1.7 130.012 0.0181875 0.224 
/home/antonkov/masterWork/tests/samePrefixMarkedMtx/depth4/node2/test1_0.mtx 1.8 159.997 0.0130903 0.161429 
/home/antonkov/masterWork/tests/samePrefixMarkedMtx/depth4/node2/test1_0.mtx 1.9 181.749 0.0096277 0.115556 
/home/antonkov/masterWork/tests/samePrefixMarkedMtx/depth4/node2/test1_0.mtx 2 220.142 0.0070978 0.0908333 
/home/antonkov/masterWork/tests/samePrefixMarkedMtx/depth4/node2/test1_0.mtx 2.1 280.536 0.00483252 0.0635294 
/home/antonkov/masterWork/tests/samePrefixMarkedMtx/depth4/node2/test1_0.mtx 2.2 410.764 0.00276221 0.0368966 
/home/antonkov/masterWork/tests/samePrefixMarkedMtx/depth4/node2/test1_0.mtx 2.3 483.469 0.00202233 0.0272973 
/home/antonkov/masterWork/tests/samePrefixMarkedMtx/depth4/node2/test1_0.mtx 2.4 755.621 0.00106223 0.0155385 
/home/antonkov/masterWork/tests/samePrefixMarkedMtx/depth4/node2/test1_0.mtx 2.5 1203.34 0.000599105 0.00847458 
/home/antonkov/masterWork/tests/samePrefixMarkedMtx/depth4/node2/test1_0.mtx 2.6 1736.05 0.000343572 0.00517949 
/home/antonkov/masterWork/tests/samePrefixMarkedMtx/depth4/node2/test1_0.mtx 2.7 2684.58 0.00020296 0.00297619 
/home/antonkov/masterWork/tests/samePrefixMarkedMtx/depth4/node2/test1_0.mtx 2.8 3560.69 0.000119121 0.0019802 
/home/antonkov/masterWork/tests/samePrefixMarkedMtx/depth4/node2/test1_0.mtx 2.9 5265.8 7.04089e-05 0.00120773 
/home/antonkov/masterWork/tests/samePrefixMarkedMtx/depth4/node2/test1_0.mtx 3 9985.74 3.00893e-05 0.000571429 
/home/antonkov/masterWork/tests/samePrefixMarkedMtx/depth4/node2/test1_0.mtx 3.1 0 -1 -1 
/home/antonkov/masterWork/tests/samePrefixMarkedMtx/depth4/node2/test1_0.mtx 3.2 0 -1 -1 
/home/antonkov/masterWork/tests/samePrefixMarkedMtx/depth4/node2/test1_0.mtx 3.3 0 -1 -1 
/home/antonkov/masterWork/tests/samePrefixMarkedMtx/depth4/node2/test1_0.mtx 3.4 0 -1 -1 
/home/antonkov/masterWork/tests/samePrefixMarkedMtx/depth4/node2/test1_0.mtx 3.5 0 -1 -1 
/home/antonkov/masterWork/tests/samePrefixMarkedMtx/depth4/node2/test1_1.mtx 1 108.63 0.0809722 0.82 
/home/antonkov/masterWork/tests/samePrefixMarkedMtx/depth4/node2/test1_1.mtx 1.1 105.703 0.0698698 0.735 
/home/antonkov/masterWork/tests/samePrefixMarkedMtx/depth4/node2/test1_1.mtx 1.2 97.4166 0.059974 0.65 
/home/antonkov/masterWork/tests/samePrefixMarkedMtx/depth4/node2/test1_1.mtx 1.3 91.6491 0.05125 0.575 
/home/antonkov/masterWork/tests/samePrefixMarkedMtx/depth4/node2/test1_1.mtx 1.4 116.899 0.0390914 0.456667 
/home/antonkov/masterWork/tests/samePrefixMarkedMtx/depth4/node2/test1_1.mtx 1.5 104.599 0.0301678 0.353333 
/home/antonkov/masterWork/tests/samePrefixMarkedMtx/depth4/node2/test1_1.mtx 1.6 121.567 0.0228429 0.2825 
/home/antonkov/masterWork/tests/samePrefixMarkedMtx/depth4/node2/test1_1.mtx 1.7 132.358 0.0168958 0.204 
/home/antonkov/masterWork/tests/samePrefixMarkedMtx/depth4/node2/test1_1.mtx 1.8 163.205 0.0140774 0.171429 
/home/antonkov/masterWork/tests/samePrefixMarkedMtx/depth4/node2/test1_1.mtx 1.9 170.718 0.0101736 0.12875 
/home/antonkov/masterWork/tests/samePrefixMarkedMtx/depth4/node2/test1_1.mtx 2 209.818 0.00777304 0.1 
/home/antonkov/masterWork/tests/samePrefixMarkedMtx/depth4/node2/test1_1.mtx 2.1 286.35 0.00454555 0.0611765 
/home/antonkov/masterWork/tests/samePrefixMarkedMtx/depth4/node2/test1_1.mtx 2.2 398.401 0.00274177 0.037037 
/home/antonkov/masterWork/tests/samePrefixMarkedMtx/depth4/node2/test1_1.mtx 2.3 552.69 0.00167474 0.0237209 
/home/antonkov/masterWork/tests/samePrefixMarkedMtx/depth4/node2/test1_1.mtx 2.4 739.051 0.00112956 0.0157812 
/home/antonkov/masterWork/tests/samePrefixMarkedMtx/depth4/node2/test1_1.mtx 2.5 1022.49 0.000678662 0.010101 
/home/antonkov/masterWork/tests/samePrefixMarkedMtx/depth4/node2/test1_1.mtx 2.6 1393.28 0.00043912 0.00666667 
/home/antonkov/masterWork/tests/samePrefixMarkedMtx/depth4/node2/test1_1.mtx 2.7 2230.06 0.000244318 0.00363636 
/home/antonkov/masterWork/tests/samePrefixMarkedMtx/depth4/node2/test1_1.mtx 2.8 2982.09 0.000147047 0.00240964 
/home/antonkov/masterWork/tests/samePrefixMarkedMtx/depth4/node2/test1_1.mtx 2.9 5826.29 5.53467e-05 0.00107411 
/home/antonkov/masterWork/tests/samePrefixMarkedMtx/depth4/node2/test1_1.mtx 3 9038.97 3.30973e-05 0.000628141 
/home/antonkov/masterWork/tests/samePrefixMarkedMtx/depth4/node2/test1_1.mtx 3.1 0 -1 -1 
/home/antonkov/masterWork/tests/samePrefixMarkedMtx/depth4/node2/test1_1.mtx 3.2 0 -1 -1 
/home/antonkov/masterWork/tests/samePrefixMarkedMtx/depth4/node2/test1_1.mtx 3.3 0 -1 -1 
/home/antonkov/masterWork/tests/samePrefixMarkedMtx/depth4/node2/test1_1.mtx 3.4 0 -1 -1 
/home/antonkov/masterWork/tests/samePrefixMarkedMtx/depth4/node2/test1_1.mtx 3.5 0 -1 -1 
/home/antonkov/masterWork/tests/samePrefixMarkedMtx/depth4/node2/test1_2.mtx 1 103.368 0.077092 0.78 
/home/antonkov/masterWork/tests/samePrefixMarkedMtx/depth4/node2/test1_2.mtx 1.1 100.266 0.068941 0.735 
/home/antonkov/masterWork/tests/samePrefixMarkedMtx/depth4/node2/test1_2.mtx 1.2 96.1597 0.0595573 0.665 
/home/antonkov/masterWork/tests/samePrefixMarkedMtx/depth4/node2/test1_2.mtx 1.3 87.0088 0.0484983 0.54 
/home/antonkov/masterWork/tests/samePrefixMarkedMtx/depth4/node2/test1_2.mtx 1.4 110.946 0.0372917 0.436667 
/home/antonkov/masterWork/tests/samePrefixMarkedMtx/depth4/node2/test1_2.mtx 1.5 107.529 0.0275174 0.333333 
/home/antonkov/masterWork/tests/samePrefixMarkedMtx/depth4/node2/test1_2.mtx 1.6 120.291 0.0223047 0.2725 
/home/antonkov/masterWork/tests/samePrefixMarkedMtx/depth4/node2/test1_2.mtx 1.7 133.437 0.0171146 0.214 
/home/antonkov/masterWork/tests/samePrefixMarkedMtx/depth4/node2/test1_2.mtx 1.8 146.477 0.0141117 0.178333 
/home/antonkov/masterWork/tests/samePrefixMarkedMtx/depth4/node2/test1_2.mtx 1.9 173.22 0.00992621 0.13 
/home/antonkov/masterWork/tests/samePrefixMarkedMtx/depth4/node2/test1_2.mtx 2 228.939 0.00712963 0.0908333 
/home/antonkov/masterWork/tests/samePrefixMarkedMtx/depth4/node2/test1_2.mtx 2.1 300.778 0.00429784 0.0577778 
/home/antonkov/masterWork/tests/samePrefixMarkedMtx/depth4/node2/test1_2.mtx 2.2 414.881 0.00273624 0.0360714 
/home/antonkov/masterWork/tests/samePrefixMarkedMtx/depth4/node2/test1_2.mtx 2.3 571.223 0.00163431 0.0227273 
/home/antonkov/masterWork/tests/samePrefixMarkedMtx/depth4/node2/test1_2.mtx 2.4 772.266 0.00109171 0.0148529 
/home/antonkov/masterWork/tests/samePrefixMarkedMtx/depth4/node2/test1_2.mtx 2.5 1005.88 0.000736739 0.0106383 
/home/antonkov/masterWork/tests/samePrefixMarkedMtx/depth4/node2/test1_2.mtx 2.6 1576.85 0.00039626 0.00584795 
/home/antonkov/masterWork/tests/samePrefixMarkedMtx/depth4/node2/test1_2.mtx 2.7 2435.61 0.000203964 0.00331126 
/home/antonkov/masterWork/tests/samePrefixMarkedMtx/depth4/node2/test1_2.mtx 2.8 4529.18 8.62323e-05 0.00157233 
/home/antonkov/masterWork/tests/samePrefixMarkedMtx/depth4/node2/test1_2.mtx 2.9 7051.94 4.85273e-05 0.000894454 
/home/antonkov/masterWork/tests/samePrefixMarkedMtx/depth4/node2/test1_2.mtx 3 0 -1 -1 
/home/antonkov/masterWork/tests/samePrefixMarkedMtx/depth4/node2/test1_2.mtx 3.1 0 -1 -1 
/home/antonkov/masterWork/tests/samePrefixMarkedMtx/depth4/node2/test1_2.mtx 3.2 0 -1 -1 
/home/antonkov/masterWork/tests/samePrefixMarkedMtx/depth4/node2/test1_2.mtx 3.3 0 -1 -1 
/home/antonkov/masterWork/tests/samePrefixMarkedMtx/depth4/node2/test1_2.mtx 3.4 0 -1 -1 
/home/antonkov/masterWork/tests/samePrefixMarkedMtx/depth4/node2/test1_2.mtx 3.5 0 -1 -1 
/home/antonkov/masterWork/tests/samePrefixMarkedMtx/depth4/node2/test1_3.mtx 1 105.442 0.0811198 0.785 
/home/antonkov/masterWork/tests/samePrefixMarkedMtx/depth4/node2/test1_3.mtx 1.1 102.705 0.0691406 0.695 
/home/antonkov/masterWork/tests/samePrefixMarkedMtx/depth4/node2/test1_3.mtx 1.2 91.5623 0.0592795 0.605 
/home/antonkov/masterWork/tests/samePrefixMarkedMtx/depth4/node2/test1_3.mtx 1.3 88.5794 0.0524826 0.54 
/home/antonkov/masterWork/tests/samePrefixMarkedMtx/depth4/node2/test1_3.mtx 1.4 112.381 0.0418345 0.453333 
/home/antonkov/masterWork/tests/samePrefixMarkedMtx/depth4/node2/test1_3.mtx 1.5 109.713 0.0349248 0.4 
/home/antonkov/masterWork/tests/samePrefixMarkedMtx/depth4/node2/test1_3.mtx 1.6 125.766 0.0263802 0.31 
/home/antonkov/masterWork/tests/samePrefixMarkedMtx/depth4/node2/test1_3.mtx 1.7 112.519 0.0216146 0.2625 
/home/antonkov/masterWork/tests/samePrefixMarkedMtx/depth4/node2/test1_3.mtx 1.8 144.555 0.0158044 0.186667 
/home/antonkov/masterWork/tests/samePrefixMarkedMtx/depth4/node2/test1_3.mtx 1.9 153.165 0.0119271 0.142857 
/home/antonkov/masterWork/tests/samePrefixMarkedMtx/depth4/node2/test1_3.mtx 2 189.628 0.00828125 0.101 
/home/antonkov/masterWork/tests/samePrefixMarkedMtx/depth4/node2/test1_3.mtx 2.1 256.766 0.00510995 0.0686667 
/home/antonkov/masterWork/tests/samePrefixMarkedMtx/depth4/node2/test1_3.mtx 2.2 398.108 0.00277263 0.0381481 
/home/antonkov/masterWork/tests/samePrefixMarkedMtx/depth4/node2/test1_3.mtx 2.3 560.903 0.00180434 0.0234884 
/home/antonkov/masterWork/tests/samePrefixMarkedMtx/depth4/node2/test1_3.mtx 2.4 774 0.0010656 0.0151515 
/home/antonkov/masterWork/tests/samePrefixMarkedMtx/depth4/node2/test1_3.mtx 2.5 1100.07 0.000657429 0.00943396 
/home/antonkov/masterWork/tests/samePrefixMarkedMtx/depth4/node2/test1_3.mtx 2.6 1747.01 0.000346958 0.00507614 
/home/antonkov/masterWork/tests/samePrefixMarkedMtx/depth4/node2/test1_3.mtx 2.7 2742.93 0.000182782 0.00288136 
/home/antonkov/masterWork/tests/samePrefixMarkedMtx/depth4/node2/test1_3.mtx 2.8 4888.06 9.36625e-05 0.00140056 
/home/antonkov/masterWork/tests/samePrefixMarkedMtx/depth4/node2/test1_3.mtx 2.9 6961.28 5.90892e-05 0.000884956 
/home/antonkov/masterWork/tests/samePrefixMarkedMtx/depth4/node2/test1_3.mtx 3 0 -1 -1 
/home/antonkov/masterWork/tests/samePrefixMarkedMtx/depth4/node2/test1_3.mtx 3.1 0 -1 -1 
/home/antonkov/masterWork/tests/samePrefixMarkedMtx/depth4/node2/test1_3.mtx 3.2 0 -1 -1 
/home/antonkov/masterWork/tests/samePrefixMarkedMtx/depth4/node2/test1_3.mtx 3.3 0 -1 -1 
/home/antonkov/masterWork/tests/samePrefixMarkedMtx/depth4/node2/test1_3.mtx 3.4 0 -1 -1 
/home/antonkov/masterWork/tests/samePrefixMarkedMtx/depth4/node2/test1_3.mtx 3.5 0 -1 -1 
/home/antonkov/masterWork/tests/samePrefixMarkedMtx/depth4/node2/test1_4.mtx 1 103.786 0.0776215 0.775 
/home/antonkov/masterWork/tests/samePrefixMarkedMtx/depth4/node2/test1_4.mtx 1.1 104.372 0.0687153 0.7 
/home/antonkov/masterWork/tests/samePrefixMarkedMtx/depth4/node2/test1_4.mtx 1.2 93.0556 0.0586806 0.62 
/home/antonkov/masterWork/tests/samePrefixMarkedMtx/depth4/node2/test1_4.mtx 1.3 89.827 0.0510764 0.545 
/home/antonkov/masterWork/tests/samePrefixMarkedMtx/depth4/node2/test1_4.mtx 1.4 112.561 0.0423495 0.48 
/home/antonkov/masterWork/tests/samePrefixMarkedMtx/depth4/node2/test1_4.mtx 1.5 104.141 0.0342303 0.39 
/home/antonkov/masterWork/tests/samePrefixMarkedMtx/depth4/node2/test1_4.mtx 1.6 125.138 0.0236198 0.2825 
/home/antonkov/masterWork/tests/samePrefixMarkedMtx/depth4/node2/test1_4.mtx 1.7 132.65 0.0179063 0.214 
/home/antonkov/masterWork/tests/samePrefixMarkedMtx/depth4/node2/test1_4.mtx 1.8 146.31 0.0137587 0.173333 
/home/antonkov/masterWork/tests/samePrefixMarkedMtx/depth4/node2/test1_4.mtx 1.9 187.976 0.0095544 0.126667 
/home/antonkov/masterWork/tests/samePrefixMarkedMtx/depth4/node2/test1_4.mtx 2 221.187 0.00665799 0.0866667 
/home/antonkov/masterWork/tests/samePrefixMarkedMtx/depth4/node2/test1_4.mtx 2.1 272.566 0.00440462 0.0588235 
/home/antonkov/masterWork/tests/samePrefixMarkedMtx/depth4/node2/test1_4.mtx 2.2 392.365 0.00286523 0.0377778 
/home/antonkov/masterWork/tests/samePrefixMarkedMtx/depth4/node2/test1_4.mtx 2.3 486.287 0.00203641 0.027027 
/home/antonkov/masterWork/tests/samePrefixMarkedMtx/depth4/node2/test1_4.mtx 2.4 848.175 0.000987527 0.0131579 
/home/antonkov/masterWork/tests/samePrefixMarkedMtx/depth4/node2/test1_4.mtx 2.5 1187.91 0.000580941 0.00840336 
/home/antonkov/masterWork/tests/samePrefixMarkedMtx/depth4/node2/test1_4.mtx 2.6 2051.69 0.000273328 0.00420168 
/home/antonkov/masterWork/tests/samePrefixMarkedMtx/depth4/node2/test1_4.mtx 2.7 3228.85 0.000162668 0.00236967 
/home/antonkov/masterWork/tests/samePrefixMarkedMtx/depth4/node2/test1_4.mtx 2.8 4693.89 9.21592e-05 0.00146843 
/home/antonkov/masterWork/tests/samePrefixMarkedMtx/depth4/node2/test1_4.mtx 2.9 8215.11 4.62238e-05 0.00073692 
/home/antonkov/masterWork/tests/samePrefixMarkedMtx/depth4/node2/test1_4.mtx 3 0 -1 -1 
/home/antonkov/masterWork/tests/samePrefixMarkedMtx/depth4/node2/test1_4.mtx 3.1 0 -1 -1 
/home/antonkov/masterWork/tests/samePrefixMarkedMtx/depth4/node2/test1_4.mtx 3.2 0 -1 -1 
/home/antonkov/masterWork/tests/samePrefixMarkedMtx/depth4/node2/test1_4.mtx 3.3 0 -1 -1 
/home/antonkov/masterWork/tests/samePrefixMarkedMtx/depth4/node2/test1_4.mtx 3.4 0 -1 -1 
/home/antonkov/masterWork/tests/samePrefixMarkedMtx/depth4/node2/test1_4.mtx 3.5 0 -1 -1 
